=== DIAG_DUMP_BEGIN ===
DIAG_GAMES=5
TRUNC_TOTAL_NODES=758280
TRUNC_FIRED=37282
TRUNC_FIRE_RATE=4.92%
TRUNC_OPTCOUNT_HIST=1-8:352699|9-16:154738|17-32:120792|33-64:92769|65-128:36947|129-256:335|257+:0
TRUNC_FIRE_RATE_BY_TURN=1-2:0.00%(0/9960)|3-5:0.00%(0/24064)|6+:5.15%(37282/724256)
TRUNC_DROPPED_BY_TYPE=ABILITY:12057,ATTACH:420675,PLAY:46985,RETREAT:2444
TRUNC_DROPPED_CRITICAL=0
TRUNC_DROPPED_CRITICAL_STATUS=PASS
MULTISELECT_FIXED_LEN=min=0,max=2:nodes=3675,shorter_legal=3675,shorter_generated=0,shorter_missed=3675|min=0,max=3:nodes=6806,shorter_legal=6806,shorter_generated=0,shorter_missed=6806|min=0,max=4:nodes=10,shorter_legal=10,shorter_generated=0,shorter_missed=10|min=0,max=5:nodes=153,shorter_legal=153,shorter_generated=0,shorter_missed=153|min=2,max=2:nodes=13676,shorter_legal=0,shorter_generated=0,shorter_missed=0
MULTISELECT_SHORTER_MISSED=10644
MULTISELECT_CTX_HIST=DISCARD:13656,DISCARD_ENERGY_CARD:197,SETUP_BENCH_POKEMON:237,TO_HAND:10230
GAME_LENGTH_HIST=1-15:0|16-25:0|26-40:0|41-60:0|61+:5
WIN_BY_CAUSE=DECK_OUT:W=5,L=5,D=0
TURN_NODE_DIST=1-2:1.31%(9960/758280)|3-5:3.17%(24064/758280)|6+:95.51%(724256/758280)
SEARCH_MAX_DEPTH=46
SEARCH_MEAN_DEPTH=6.6182
MEAN_DEPTH=6.6182
SIMS_CONTRIBUTED=782400
SIMS_CONFIGURED=782400
SIMS_CONTRIBUTED_PER_DECISION=800.0000
SIMS_CONFIGURED_PER_DECISION=800.0000
PRIZE_REWARD_REACHED=0.72%(7/978)
STALL_DRAW_PASS_TURNS=291
STALL_SHUFFLE_WITH_RESOURCES=34
MISSED_ATTACH=359
SHAPING_BREAKDOWN=BOARD_DECK_DIFF:0.020902|DAMAGE_PRESSURE:0.000424|DISRUPTION:0.000002|ENERGY_DENIAL:0.000986|ITEM_LOCK_PENALTY:0.000000|KO_BONUS:0.000181|PARALYSIS:0.000000|PRIZE_DIFF:0.001152|SLEEP:0.000000
=== DIAG_DUMP_END ===
