=== DIAG_DUMP_BEGIN ===
DIAG_GAMES=40
TRUNC_TOTAL_NODES=166361
TRUNC_FIRED=0
TRUNC_FIRE_RATE=0.00%
TRUNC_OPTCOUNT_HIST=1-8:122916|9-16:26370|17-32:15354|33-64:1721|65-128:0|129-256:0|257+:0
TRUNC_FIRE_RATE_BY_TURN=1-2:0.00%(0/9490)|3-5:0.00%(0/19129)|6+:0.00%(0/137742)
TRUNC_DROPPED_BY_TYPE=NONE
TRUNC_DROPPED_CRITICAL=0
TRUNC_DROPPED_CRITICAL_STATUS=PASS
MULTISELECT_FIXED_LEN=min=0,max=2:nodes=1203,shorter_legal=1203,shorter_generated=0,shorter_missed=1203|min=0,max=3:nodes=978,shorter_legal=978,shorter_generated=0,shorter_missed=978|min=0,max=4:nodes=48,shorter_legal=48,shorter_generated=0,shorter_missed=48|min=0,max=5:nodes=526,shorter_legal=526,shorter_generated=0,shorter_missed=526|min=2,max=2:nodes=4650,shorter_legal=0,shorter_generated=0,shorter_missed=0|min=3,max=3:nodes=77,shorter_legal=0,shorter_generated=0,shorter_missed=0
MULTISELECT_SHORTER_MISSED=2755
MULTISELECT_CTX_HIST=DISCARD:4252,DISCARD_ENERGY_CARD:235,SETUP_BENCH_POKEMON:668,TO_HAND:2327
GAME_LENGTH_HIST=1-15:9|16-25:13|26-40:14|41-60:4|61+:0
WIN_BY_CAUSE=DECK_OUT:W=17,L=17,D=0|NO_ACTIVE:W=9,L=9,D=0|PRIZE:W=14,L=14,D=0
TURN_NODE_DIST=1-2:5.70%(9490/166361)|3-5:11.50%(19129/166361)|6+:82.80%(137742/166361)
SEARCH_MAX_DEPTH=23
SEARCH_MEAN_DEPTH=4.6187
MEAN_DEPTH=4.6187
SIMS_CONTRIBUTED=167950
SIMS_CONFIGURED=167950
SIMS_CONTRIBUTED_PER_DECISION=50.0000
SIMS_CONFIGURED_PER_DECISION=50.0000
PRIZE_REWARD_REACHED=2.41%(81/3359)
STALL_DRAW_PASS_TURNS=345
STALL_SHUFFLE_WITH_RESOURCES=101
MISSED_ATTACH=213
SHAPING_BREAKDOWN=BOARD_DECK_DIFF:0.098057|DAMAGE_PRESSURE:0.001992|DISRUPTION:0.000056|ENERGY_DENIAL:0.000914|ITEM_LOCK_PENALTY:0.000000|KO_BONUS:0.000341|PARALYSIS:0.000000|PRIZE_DIFF:-0.036395|SLEEP:0.000000
ROOT_OPTION_STATS=ATTACK:available=79,chosen=27,not_chosen=52,zero_visit_rate=13.92%(11/79),mean_opt_visit=2.83,mean_opt_q=-0.4830,mean_chosen_visit=29.23,mean_chosen_q=-0.1992|ENERGY_ATTACH:available=936,chosen=337,not_chosen=599,zero_visit_rate=15.38%(144/936),mean_opt_visit=3.91,mean_opt_q=-0.5825,mean_chosen_visit=30.35,mean_chosen_q=-0.1462
ATTACH_PRIOR_DIST=special:n=901,attach_prior[mean=0.1207,min=0.0001,max=0.9993,hist=(<0.001:351,0.001-0.005:92,0.005-0.01:26,0.01-0.03:38,0.03-0.1:85,0.1-0.3:175,0.3-1.0:134,1.0:0)],chosen_prior[mean=0.4511,min=0.0001,max=0.9993,hist=(<0.001:60,0.001-0.005:0,0.005-0.01:0,0.01-0.03:41,0.03-0.1:57,0.1-0.3:152,0.3-1.0:591,1.0:0)]|plain:n=5139,attach_prior[mean=0.0558,min=0.0000,max=0.9996,hist=(<0.001:2954,0.001-0.005:417,0.005-0.01:155,0.01-0.03:293,0.03-0.1:563,0.1-0.3:475,0.3-1.0:282,1.0:0)],chosen_prior[mean=0.4897,min=0.0001,max=0.9996,hist=(<0.001:321,0.001-0.005:43,0.005-0.01:20,0.01-0.03:53,0.03-0.1:309,0.1-0.3:891,0.3-1.0:3502,1.0:0)]
SIM_KO_REACHED=1.19%(1996/167950)
SIM_KO_DEPTH_MEAN=3.6663
SIM_KO_DEPTH_MIN=1
SIM_KO_DEPTH_MAX=11
TRUE_RESULT_TALLY=P0_WINS=19,P1_WINS=21,DRAWS=0
=== DIAG_DUMP_END ===
