=== DIAG_DUMP_BEGIN ===
DIAG_GAMES=20
TRUNC_TOTAL_NODES=52825
TRUNC_FIRED=441
TRUNC_FIRE_RATE=0.83%
TRUNC_OPTCOUNT_HIST=1-8:24933|9-16:8637|17-32:15934|33-64:2880|65-128:436|129-256:5|257+:0
TRUNC_FIRE_RATE_BY_TURN=1-2:0.00%(0/2308)|3-5:0.00%(0/1788)|6+:0.91%(441/48729)
TRUNC_DROPPED_BY_TYPE=ATTACH:7685,PLAY:438,RETREAT:285
TRUNC_DROPPED_CRITICAL=0
TRUNC_DROPPED_CRITICAL_STATUS=PASS
MULTISELECT_FIXED_LEN=min=0,max=2:nodes=37,shorter_legal=37,shorter_generated=0,shorter_missed=37|min=0,max=3:nodes=111,shorter_legal=111,shorter_generated=0,shorter_missed=111|min=0,max=4:nodes=21,shorter_legal=21,shorter_generated=0,shorter_missed=21|min=0,max=5:nodes=229,shorter_legal=229,shorter_generated=0,shorter_missed=229|min=2,max=2:nodes=31,shorter_legal=0,shorter_generated=0,shorter_missed=0
MULTISELECT_SHORTER_MISSED=398
MULTISELECT_CTX_HIST=DISCARD:31,SETUP_BENCH_POKEMON:288,TO_HAND:110
GAME_LENGTH_HIST=1-15:0|16-25:0|26-40:0|41-60:0|61+:20
WIN_BY_CAUSE=DECK_OUT:W=17,L=17,D=0|NO_ACTIVE:W=3,L=3,D=0
TURN_NODE_DIST=1-2:4.37%(2308/52825)|3-5:3.38%(1788/52825)|6+:92.25%(48729/52825)
SEARCH_MAX_DEPTH=8
SEARCH_MEAN_DEPTH=1.4681
MEAN_DEPTH=1.4681
SIMS_CONTRIBUTED=50560
SIMS_CONFIGURED=50560
SIMS_CONTRIBUTED_PER_DECISION=20.0000
SIMS_CONFIGURED_PER_DECISION=20.0000
PRIZE_REWARD_REACHED=0.32%(8/2528)
STALL_DRAW_PASS_TURNS=2065
STALL_SHUFFLE_WITH_RESOURCES=37
MISSED_ATTACH=1986
SHAPING_BREAKDOWN=BOARD_DECK_DIFF:-0.010335|DAMAGE_PRESSURE:0.000076|DISRUPTION:0.000094|ENERGY_DENIAL:0.000024|ITEM_LOCK_PENALTY:0.000000|KO_BONUS:0.000023|PARALYSIS:0.000000|PRIZE_DIFF:0.000032|SLEEP:0.000000
ROOT_OPTION_STATS=ATTACK:available=162,chosen=26,not_chosen=136,zero_visit_rate=36.42%(59/162),mean_opt_visit=0.85,mean_opt_q=-0.5422,mean_chosen_visit=5.29,mean_chosen_q=0.3276|ENERGY_ATTACH:available=2259,chosen=109,not_chosen=2150,zero_visit_rate=0.09%(2/2259),mean_opt_visit=1.06,mean_opt_q=-0.5804,mean_chosen_visit=8.04,mean_chosen_q=0.4411
ATTACH_PRIOR_DIST=special:n=2888,attach_prior[mean=0.0699,min=0.0411,max=0.1772,hist=(<0.001:0,0.001-0.005:0,0.005-0.01:0,0.01-0.03:0,0.03-0.1:2613,0.1-0.3:275,0.3-1.0:0,1.0:0)],chosen_prior[mean=0.0257,min=0.0064,max=0.4383,hist=(<0.001:0,0.001-0.005:0,0.005-0.01:539,0.01-0.03:1618,0.03-0.1:674,0.1-0.3:49,0.3-1.0:8,1.0:0)]|plain:n=16640,attach_prior[mean=0.0788,min=0.0411,max=0.7799,hist=(<0.001:0,0.001-0.005:0,0.005-0.01:0,0.01-0.03:0,0.03-0.1:14125,0.1-0.3:2437,0.3-1.0:78,1.0:0)],chosen_prior[mean=0.0243,min=0.0063,max=0.7799,hist=(<0.001:0,0.001-0.005:0,0.005-0.01:4069,0.01-0.03:8760,0.03-0.1:3604,0.1-0.3:140,0.3-1.0:67,1.0:0)]
SIM_KO_REACHED=0.15%(78/50560)
SIM_KO_DEPTH_MEAN=1.2692
SIM_KO_DEPTH_MIN=1
SIM_KO_DEPTH_MAX=3
TRUE_RESULT_TALLY=P0_WINS=0,P1_WINS=0,DRAWS=0
=== DIAG_DUMP_END ===
