=== DIAG_DUMP_BEGIN ===
DIAG_GAMES=20
TRUNC_TOTAL_NODES=349325
TRUNC_FIRED=7683
TRUNC_FIRE_RATE=2.20%
TRUNC_OPTCOUNT_HIST=1-8:157958|9-16:79020|17-32:62535|33-64:42129|65-128:7373|129-256:310|257+:0
TRUNC_FIRE_RATE_BY_TURN=1-2:0.00%(0/9791)|3-5:0.00%(0/13276)|6+:2.35%(7683/326258)
TRUNC_DROPPED_BY_TYPE=ABILITY:16,ATTACH:137812,EVOLVE:18,PLAY:9879,RETREAT:795
TRUNC_DROPPED_CRITICAL=0
TRUNC_DROPPED_CRITICAL_STATUS=PASS
MULTISELECT_FIXED_LEN=min=0,max=2:nodes=1537,shorter_legal=1537,shorter_generated=0,shorter_missed=1537|min=0,max=3:nodes=3200,shorter_legal=3200,shorter_generated=0,shorter_missed=3200|min=0,max=4:nodes=32,shorter_legal=32,shorter_generated=0,shorter_missed=32|min=0,max=5:nodes=374,shorter_legal=374,shorter_generated=0,shorter_missed=374|min=2,max=2:nodes=8444,shorter_legal=0,shorter_generated=0,shorter_missed=0
MULTISELECT_SHORTER_MISSED=5143
MULTISELECT_CTX_HIST=DISCARD:8444,SETUP_BENCH_POKEMON:512,TO_HAND:4631
GAME_LENGTH_HIST=1-15:1|16-25:0|26-40:0|41-60:0|61+:19
WIN_BY_CAUSE=DECK_OUT:W=18,L=18,D=0|NO_ACTIVE:W=2,L=2,D=0
TURN_NODE_DIST=1-2:2.80%(9791/349325)|3-5:3.80%(13276/349325)|6+:93.40%(326258/349325)
SEARCH_MAX_DEPTH=31
SEARCH_MEAN_DEPTH=3.8826
MEAN_DEPTH=3.8826
SIMS_CONTRIBUTED=353700
SIMS_CONFIGURED=353700
SIMS_CONTRIBUTED_PER_DECISION=100.0000
SIMS_CONFIGURED_PER_DECISION=100.0000
PRIZE_REWARD_REACHED=0.25%(9/3537)
STALL_DRAW_PASS_TURNS=1391
STALL_SHUFFLE_WITH_RESOURCES=131
MISSED_ATTACH=1649
SHAPING_BREAKDOWN=BOARD_DECK_DIFF:0.011380|DAMAGE_PRESSURE:0.000163|DISRUPTION:0.000017|ENERGY_DENIAL:0.000257|ITEM_LOCK_PENALTY:0.000000|KO_BONUS:0.000000|PARALYSIS:0.000000|PRIZE_DIFF:0.000010|SLEEP:0.000000
=== DIAG_DUMP_END ===
