=== DIAG_DUMP_BEGIN ===
DIAG_GAMES=8
AGENT=UNKNOWN
TRUNC_TOTAL_NODES=26099
TRUNC_FIRED=366
TRUNC_FIRE_RATE=1.40%
TRUNC_OPTCOUNT_HIST=1-8:14890|9-16:5746|17-32:3859|33-64:1238|65-128:332|129-256:34|257+:0
TRUNC_FIRE_RATE_BY_TURN=1-2:0.00%(0/1311)|3-5:0.00%(0/1264)|6+:1.56%(366/23524)
TRUNC_DROPPED_BY_TYPE=ABILITY:4,ATTACH:9853,PLAY:339,RETREAT:228
TRUNC_DROPPED_CRITICAL=0
TRUNC_DROPPED_CRITICAL_STATUS=PASS
MULTISELECT_FIXED_LEN=min=0,max=2:nodes=359,shorter_legal=359,shorter_generated=0,shorter_missed=359|min=0,max=3:nodes=327,shorter_legal=327,shorter_generated=0,shorter_missed=327|min=0,max=5:nodes=90,shorter_legal=90,shorter_generated=0,shorter_missed=90|min=2,max=2:nodes=1225,shorter_legal=0,shorter_generated=0,shorter_missed=0
MULTISELECT_SHORTER_MISSED=776
MULTISELECT_CTX_HIST=DISCARD:1222,DISCARD_ENERGY_CARD:3,SETUP_BENCH_POKEMON:115,TO_HAND:661
GAME_LENGTH_HIST=1-15:0|16-25:0|26-40:0|41-60:1|61+:7
WIN_BY_CAUSE=DECK_OUT:W=7,L=7,D=0|PRIZE:W=1,L=1,D=0
TURN_NODE_DIST=1-2:5.02%(1311/26099)|3-5:4.84%(1264/26099)|6+:90.13%(23524/26099)
SEARCH_MAX_DEPTH=19
SEARCH_MEAN_DEPTH=2.1074
MEAN_DEPTH=2.1074
SIMS_CONTRIBUTED=25120
SIMS_CONFIGURED=25120
SIMS_CONTRIBUTED_PER_DECISION=20.0000
SIMS_CONFIGURED_PER_DECISION=20.0000
PRIZE_REWARD_REACHED=3.18%(40/1256)
STALL_DRAW_PASS_TURNS=416
STALL_SHUFFLE_WITH_RESOURCES=12
MISSED_ATTACH=403
SHAPING_BREAKDOWN=BOARD_DECK_DIFF:0.009009|DAMAGE_PRESSURE:0.000767|DISRUPTION:0.000068|ENERGY_DENIAL:0.000364|ITEM_LOCK_PENALTY:0.000000|KO_BONUS:0.000736|PARALYSIS:0.000000|PRIZE_DIFF:0.001942|SLEEP:0.000000
ROOT_OPTION_STATS=ABILITY:available=42,chosen=10,not_chosen=32,zero_visit_rate=30.95%(13/42),mean_opt_visit=1.06,mean_opt_q=-0.3213,mean_chosen_visit=9.56,mean_chosen_q=0.0505|ATTACK:available=78,chosen=36,not_chosen=42,zero_visit_rate=8.97%(7/78),mean_opt_visit=5.29,mean_opt_q=0.0195,mean_chosen_visit=7.14,mean_chosen_q=-0.0037|ENERGY_ATTACH:available=691,chosen=115,not_chosen=576,zero_visit_rate=9.12%(63/691),mean_opt_visit=1.33,mean_opt_q=-0.3494,mean_chosen_visit=7.19,mean_chosen_q=-0.0223
ATTACH_PRIOR_DIST=special:n=559,attach_prior[mean=0.1008,min=0.0145,max=0.6089,hist=(<0.001:0,0.001-0.005:0,0.005-0.01:0,0.01-0.03:69,0.03-0.1:288,0.1-0.3:176,0.3-1.0:26,1.0:0)],chosen_prior[mean=0.1030,min=0.0010,max=0.6089,hist=(<0.001:0,0.001-0.005:9,0.005-0.01:7,0.01-0.03:141,0.03-0.1:202,0.1-0.3:171,0.3-1.0:29,1.0:0)]|plain:n=4775,attach_prior[mean=0.0344,min=0.0003,max=0.5464,hist=(<0.001:79,0.001-0.005:857,0.005-0.01:702,0.01-0.03:1509,0.03-0.1:1267,0.1-0.3:339,0.3-1.0:22,1.0:0)],chosen_prior[mean=0.1214,min=0.0010,max=0.9804,hist=(<0.001:0,0.001-0.005:35,0.005-0.01:15,0.01-0.03:829,0.03-0.1:1897,0.1-0.3:1610,0.3-1.0:389,1.0:0)]
SIM_KO_REACHED=1.04%(260/25120)
SIM_KO_DEPTH_MEAN=3.0231
SIM_KO_DEPTH_MIN=1
SIM_KO_DEPTH_MAX=6
TRUE_RESULT_TALLY=P0_WINS=4,P1_WINS=4,DRAWS=0
POLICY_TARGET_ZERO_FRACTION_MEAN=0.2476
POLICY_TARGET_ENTROPY_MEAN=1.4629
POLICY_TARGET_COUNT=1256
ROOT_CHILD_COUNT=mean=13.28,median=10.0,n=1256,by_turn=(1-2:mean=4.64,median=3.0,n=89|3-5:mean=9.17,median=8.0,n=58|6+:mean=14.19,median=11.0,n=1109)
ROOT_VISIT_HIST=0:39.78%(6636/16681)|1:43.99%(7338/16681)|2-4:8.27%(1380/16681)|5+:7.96%(1327/16681)
ENERGY_DEV_RATE=17.60%(123/699)
GRASS_IN_DISCARD_RATE=23.01%(289/1256)
=== DIAG_DUMP_END ===
