=== DIAG_DUMP_BEGIN ===
DIAG_GAMES=20
TRUNC_TOTAL_NODES=71158
TRUNC_FIRED=1253
TRUNC_FIRE_RATE=1.76%
TRUNC_OPTCOUNT_HIST=1-8:34363|9-16:16680|17-32:12326|33-64:6536|65-128:1110|129-256:143|257+:0
TRUNC_FIRE_RATE_BY_TURN=1-2:0.00%(0/2745)|3-5:0.00%(0/3219)|6+:1.92%(1253/65194)
TRUNC_DROPPED_BY_TYPE=ABILITY:13,ATTACH:32358,EVOLVE:8,PLAY:929,RETREAT:116
TRUNC_DROPPED_CRITICAL=0
TRUNC_DROPPED_CRITICAL_STATUS=PASS
MULTISELECT_FIXED_LEN=min=0,max=2:nodes=661,shorter_legal=661,shorter_generated=0,shorter_missed=661|min=0,max=3:nodes=533,shorter_legal=533,shorter_generated=0,shorter_missed=533|min=0,max=4:nodes=20,shorter_legal=20,shorter_generated=0,shorter_missed=20|min=0,max=5:nodes=222,shorter_legal=222,shorter_generated=0,shorter_missed=222|min=2,max=2:nodes=1418,shorter_legal=0,shorter_generated=0,shorter_missed=0
MULTISELECT_SHORTER_MISSED=1436
MULTISELECT_CTX_HIST=DISCARD:1416,DISCARD_ENERGY_CARD:48,SETUP_BENCH_POKEMON:300,TO_HAND:1090
GAME_LENGTH_HIST=1-15:0|16-25:0|26-40:0|41-60:1|61+:19
WIN_BY_CAUSE=DECK_OUT:W=18,L=18,D=0|NO_ACTIVE:W=2,L=2,D=0
TURN_NODE_DIST=1-2:3.86%(2745/71158)|3-5:4.52%(3219/71158)|6+:91.62%(65194/71158)
SEARCH_MAX_DEPTH=16
SEARCH_MEAN_DEPTH=2.3155
MEAN_DEPTH=2.3155
SIMS_CONTRIBUTED=68720
SIMS_CONFIGURED=68720
SIMS_CONTRIBUTED_PER_DECISION=20.0000
SIMS_CONFIGURED_PER_DECISION=20.0000
PRIZE_REWARD_REACHED=0.35%(12/3436)
STALL_DRAW_PASS_TURNS=1108
STALL_SHUFFLE_WITH_RESOURCES=124
MISSED_ATTACH=1337
SHAPING_BREAKDOWN=BOARD_DECK_DIFF:-0.032043|DAMAGE_PRESSURE:0.000771|DISRUPTION:0.000067|ENERGY_DENIAL:0.000018|ITEM_LOCK_PENALTY:0.000000|KO_BONUS:0.000045|PARALYSIS:0.000000|PRIZE_DIFF:0.000630|SLEEP:0.000000
=== DIAG_DUMP_END ===
