=== DIAG_DUMP_BEGIN ===
DIAG_GAMES=1
TRUNC_TOTAL_NODES=446
TRUNC_FIRED=0
TRUNC_FIRE_RATE=0.00%
TRUNC_OPTCOUNT_HIST=1-8:342|9-16:84|17-32:20|33-64:0|65-128:0|129-256:0|257+:0
TRUNC_FIRE_RATE_BY_TURN=1-2:0.00%(0/161)|3-5:0.00%(0/277)|6+:0.00%(0/8)
TRUNC_DROPPED_BY_TYPE=NONE
TRUNC_DROPPED_CRITICAL=0
TRUNC_DROPPED_CRITICAL_STATUS=PASS
MULTISELECT_FIXED_LEN=min=0,max=2:nodes=2,shorter_legal=2,shorter_generated=0,shorter_missed=2|min=0,max=3:nodes=9,shorter_legal=9,shorter_generated=0,shorter_missed=9|min=0,max=5:nodes=12,shorter_legal=12,shorter_generated=0,shorter_missed=12|min=2,max=2:nodes=9,shorter_legal=0,shorter_generated=0,shorter_missed=0
MULTISELECT_SHORTER_MISSED=23
MULTISELECT_CTX_HIST=DISCARD:9,SETUP_BENCH_POKEMON:19,TO_HAND:4
GAME_LENGTH_HIST=1-15:1|16-25:0|26-40:0|41-60:0|61+:0
WIN_BY_CAUSE=NO_ACTIVE:W=1,L=1,D=0
TURN_NODE_DIST=1-2:36.10%(161/446)|3-5:62.11%(277/446)|6+:1.79%(8/446)
SEARCH_MAX_DEPTH=13
SEARCH_MEAN_DEPTH=2.5652
MEAN_DEPTH=2.5652
SIMS_CONTRIBUTED=460
SIMS_CONFIGURED=460
SIMS_CONTRIBUTED_PER_DECISION=20.0000
SIMS_CONFIGURED_PER_DECISION=20.0000
PRIZE_REWARD_REACHED=13.04%(3/23)
STALL_DRAW_PASS_TURNS=4
STALL_SHUFFLE_WITH_RESOURCES=2
MISSED_ATTACH=2
SHAPING_BREAKDOWN=BOARD_DECK_DIFF:0.018901|DAMAGE_PRESSURE:0.000538|DISRUPTION:0.000673|ENERGY_DENIAL:0.000000|ITEM_LOCK_PENALTY:0.000000|KO_BONUS:0.000000|PARALYSIS:0.000000|PRIZE_DIFF:-0.001009|SLEEP:0.000000
=== DIAG_DUMP_END ===
