=== DIAG_DUMP_BEGIN ===
DIAG_GAMES=32
TRUNC_TOTAL_NODES=82916
TRUNC_FIRED=1089
TRUNC_FIRE_RATE=1.31%
TRUNC_OPTCOUNT_HIST=1-8:47435|9-16:18437|17-32:11714|33-64:4241|65-128:950|129-256:139|257+:0
TRUNC_FIRE_RATE_BY_TURN=1-2:0.00%(0/4192)|3-5:0.00%(0/4867)|6+:1.47%(1089/73857)
TRUNC_DROPPED_BY_TYPE=ABILITY:23,ATTACH:33066,EVOLVE:2,PLAY:813,RETREAT:509
TRUNC_DROPPED_CRITICAL=0
TRUNC_DROPPED_CRITICAL_STATUS=PASS
MULTISELECT_FIXED_LEN=min=0,max=2:nodes=1079,shorter_legal=1079,shorter_generated=0,shorter_missed=1079|min=0,max=3:nodes=1236,shorter_legal=1236,shorter_generated=0,shorter_missed=1236|min=0,max=4:nodes=19,shorter_legal=19,shorter_generated=0,shorter_missed=19|min=0,max=5:nodes=337,shorter_legal=337,shorter_generated=0,shorter_missed=337|min=2,max=2:nodes=3533,shorter_legal=0,shorter_generated=0,shorter_missed=0
MULTISELECT_SHORTER_MISSED=2671
MULTISELECT_CTX_HIST=DISCARD:3420,DISCARD_ENERGY_CARD:117,SETUP_BENCH_POKEMON:424,TO_HAND:2243
GAME_LENGTH_HIST=1-15:3|16-25:2|26-40:2|41-60:3|61+:22
WIN_BY_CAUSE=DECK_OUT:W=21,L=21,D=0|NO_ACTIVE:W=10,L=10,D=0|PRIZE:W=1,L=1,D=0
TURN_NODE_DIST=1-2:5.06%(4192/82916)|3-5:5.87%(4867/82916)|6+:89.07%(73857/82916)
SEARCH_MAX_DEPTH=12
SEARCH_MEAN_DEPTH=2.0920
MEAN_DEPTH=2.0920
SIMS_CONTRIBUTED=80080
SIMS_CONFIGURED=80080
SIMS_CONTRIBUTED_PER_DECISION=20.0000
SIMS_CONFIGURED_PER_DECISION=20.0000
PRIZE_REWARD_REACHED=3.57%(143/4004)
STALL_DRAW_PASS_TURNS=1283
STALL_SHUFFLE_WITH_RESOURCES=36
MISSED_ATTACH=1369
SHAPING_BREAKDOWN=BOARD_DECK_DIFF:0.008032|DAMAGE_PRESSURE:0.001111|DISRUPTION:0.000084|ENERGY_DENIAL:0.000373|ITEM_LOCK_PENALTY:0.000000|KO_BONUS:0.000425|PARALYSIS:0.000000|PRIZE_DIFF:-0.000189|SLEEP:0.000000
ROOT_OPTION_STATS=ATTACK:available=404,chosen=118,not_chosen=286,zero_visit_rate=9.65%(39/404),mean_opt_visit=2.62,mean_opt_q=-0.1767,mean_chosen_visit=6.98,mean_chosen_q=0.0609|ENERGY_ATTACH:available=2407,chosen=363,not_chosen=2044,zero_visit_rate=12.59%(303/2407),mean_opt_visit=1.23,mean_opt_q=-0.3824,mean_chosen_visit=7.92,mean_chosen_q=0.0042
ATTACH_PRIOR_DIST=special:n=1706,attach_prior[mean=0.1194,min=0.0110,max=0.7606,hist=(<0.001:0,0.001-0.005:0,0.005-0.01:0,0.01-0.03:203,0.03-0.1:754,0.1-0.3:634,0.3-1.0:115,1.0:0)],chosen_prior[mean=0.0775,min=0.0018,max=0.7606,hist=(<0.001:0,0.001-0.005:8,0.005-0.01:11,0.01-0.03:683,0.03-0.1:656,0.1-0.3:268,0.3-1.0:80,1.0:0)]|plain:n=18557,attach_prior[mean=0.0323,min=0.0001,max=0.6055,hist=(<0.001:519,0.001-0.005:3690,0.005-0.01:3077,0.01-0.03:5439,0.03-0.1:4447,0.1-0.3:1335,0.3-1.0:50,1.0:0)],chosen_prior[mean=0.1063,min=0.0018,max=0.9504,hist=(<0.001:0,0.001-0.005:32,0.005-0.01:122,0.01-0.03:5004,0.03-0.1:7086,0.1-0.3:4824,0.3-1.0:1489,1.0:0)]
SIM_KO_REACHED=1.01%(807/80080)
SIM_KO_DEPTH_MEAN=2.5229
SIM_KO_DEPTH_MIN=1
SIM_KO_DEPTH_MAX=8
TRUE_RESULT_TALLY=P0_WINS=17,P1_WINS=15,DRAWS=0
=== DIAG_DUMP_END ===
