=== DIAG_DUMP_BEGIN ===
DIAG_GAMES=1
TRUNC_TOTAL_NODES=3856
TRUNC_FIRED=69
TRUNC_FIRE_RATE=1.79%
TRUNC_OPTCOUNT_HIST=1-8:1978|9-16:1162|17-32:528|33-64:119|65-128:69|129-256:0|257+:0
TRUNC_FIRE_RATE_BY_TURN=1-2:0.00%(0/132)|3-5:0.00%(0/179)|6+:1.95%(69/3545)
TRUNC_DROPPED_BY_TYPE=ATTACH:443,PLAY:28
TRUNC_DROPPED_CRITICAL=0
TRUNC_DROPPED_CRITICAL_STATUS=PASS
MULTISELECT_FIXED_LEN=min=0,max=2:nodes=44,shorter_legal=44,shorter_generated=0,shorter_missed=44|min=0,max=3:nodes=32,shorter_legal=32,shorter_generated=0,shorter_missed=32|min=0,max=5:nodes=15,shorter_legal=15,shorter_generated=0,shorter_missed=15|min=2,max=2:nodes=29,shorter_legal=0,shorter_generated=0,shorter_missed=0
MULTISELECT_SHORTER_MISSED=91
MULTISELECT_CTX_HIST=DISCARD:29,SETUP_BENCH_POKEMON:15,TO_HAND:76
GAME_LENGTH_HIST=1-15:0|16-25:0|26-40:0|41-60:0|61+:1
WIN_BY_CAUSE=DECK_OUT:W=1,L=1,D=0
TURN_NODE_DIST=1-2:3.42%(132/3856)|3-5:4.64%(179/3856)|6+:91.93%(3545/3856)
SEARCH_MAX_DEPTH=8
SEARCH_MEAN_DEPTH=2.1043
MEAN_DEPTH=2.1043
SIMS_CONTRIBUTED=3700
SIMS_CONFIGURED=3700
SIMS_CONTRIBUTED_PER_DECISION=20.0000
SIMS_CONFIGURED_PER_DECISION=20.0000
PRIZE_REWARD_REACHED=0.00%(0/185)
STALL_DRAW_PASS_TURNS=69
STALL_SHUFFLE_WITH_RESOURCES=8
MISSED_ATTACH=89
SHAPING_BREAKDOWN=BOARD_DECK_DIFF:0.009891|DAMAGE_PRESSURE:0.000078|DISRUPTION:0.000054|ENERGY_DENIAL:0.000000|ITEM_LOCK_PENALTY:0.000000|KO_BONUS:0.000000|PARALYSIS:0.000000|PRIZE_DIFF:0.000000|SLEEP:0.000000
=== DIAG_DUMP_END ===
