=== DIAG_DUMP_BEGIN ===
DIAG_GAMES=32
TRUNC_TOTAL_NODES=77680
TRUNC_FIRED=1220
TRUNC_FIRE_RATE=1.57%
TRUNC_OPTCOUNT_HIST=1-8:46509|9-16:17324|17-32:9863|33-64:2764|65-128:1032|129-256:188|257+:0
TRUNC_FIRE_RATE_BY_TURN=1-2:0.00%(0/4229)|3-5:0.00%(0/5539)|6+:1.80%(1220/67912)
TRUNC_DROPPED_BY_TYPE=ABILITY:5,ATTACH:43514,PLAY:963,RETREAT:317
TRUNC_DROPPED_CRITICAL=0
TRUNC_DROPPED_CRITICAL_STATUS=PASS
MULTISELECT_FIXED_LEN=min=0,max=2:nodes=917,shorter_legal=917,shorter_generated=0,shorter_missed=917|min=0,max=3:nodes=1192,shorter_legal=1192,shorter_generated=0,shorter_missed=1192|min=0,max=4:nodes=9,shorter_legal=9,shorter_generated=0,shorter_missed=9|min=0,max=5:nodes=350,shorter_legal=350,shorter_generated=0,shorter_missed=350|min=2,max=2:nodes=3907,shorter_legal=0,shorter_generated=0,shorter_missed=0
MULTISELECT_SHORTER_MISSED=2468
MULTISELECT_CTX_HIST=DISCARD:3728,DISCARD_ENERGY_CARD:10,SETUP_BENCH_POKEMON:428,TO_HAND:2209
GAME_LENGTH_HIST=1-15:6|16-25:2|26-40:2|41-60:2|61+:20
WIN_BY_CAUSE=DECK_OUT:W=18,L=18,D=0|NO_ACTIVE:W=11,L=11,D=0|PRIZE:W=3,L=3,D=0
TURN_NODE_DIST=1-2:5.44%(4229/77680)|3-5:7.13%(5539/77680)|6+:87.43%(67912/77680)
SEARCH_MAX_DEPTH=15
SEARCH_MEAN_DEPTH=2.1125
MEAN_DEPTH=2.1125
SIMS_CONTRIBUTED=75020
SIMS_CONFIGURED=75020
SIMS_CONTRIBUTED_PER_DECISION=20.0000
SIMS_CONFIGURED_PER_DECISION=20.0000
PRIZE_REWARD_REACHED=2.96%(111/3751)
STALL_DRAW_PASS_TURNS=1245
STALL_SHUFFLE_WITH_RESOURCES=37
MISSED_ATTACH=1207
SHAPING_BREAKDOWN=BOARD_DECK_DIFF:0.009673|DAMAGE_PRESSURE:0.001206|DISRUPTION:0.000092|ENERGY_DENIAL:0.000297|ITEM_LOCK_PENALTY:0.000000|KO_BONUS:0.000518|PARALYSIS:0.000000|PRIZE_DIFF:-0.000403|SLEEP:0.000000
ROOT_OPTION_STATS=ATTACK:available=283,chosen=110,not_chosen=173,zero_visit_rate=1.06%(3/283),mean_opt_visit=4.35,mean_opt_q=-0.0804,mean_chosen_visit=4.75,mean_chosen_q=-0.0332|ENERGY_ATTACH:available=2127,chosen=351,not_chosen=1776,zero_visit_rate=12.51%(266/2127),mean_opt_visit=1.25,mean_opt_q=-0.3657,mean_chosen_visit=8.15,mean_chosen_q=0.0144
ATTACH_PRIOR_DIST=special:n=1634,attach_prior[mean=0.1146,min=0.0101,max=0.6953,hist=(<0.001:0,0.001-0.005:0,0.005-0.01:0,0.01-0.03:234,0.03-0.1:738,0.1-0.3:556,0.3-1.0:106,1.0:0)],chosen_prior[mean=0.0823,min=0.0010,max=0.6407,hist=(<0.001:0,0.001-0.005:8,0.005-0.01:16,0.01-0.03:686,0.03-0.1:531,0.1-0.3:306,0.3-1.0:87,1.0:0)]|plain:n=15182,attach_prior[mean=0.0339,min=0.0002,max=0.5952,hist=(<0.001:459,0.001-0.005:2614,0.005-0.01:2389,0.01-0.03:4785,0.03-0.1:3702,0.1-0.3:1176,0.3-1.0:57,1.0:0)],chosen_prior[mean=0.1211,min=0.0010,max=0.7134,hist=(<0.001:0,0.001-0.005:34,0.005-0.01:123,0.01-0.03:3456,0.03-0.1:5552,0.1-0.3:4382,0.3-1.0:1635,1.0:0)]
SIM_KO_REACHED=1.09%(818/75020)
SIM_KO_DEPTH_MEAN=2.4780
SIM_KO_DEPTH_MIN=1
SIM_KO_DEPTH_MAX=7
TRUE_RESULT_TALLY=P0_WINS=16,P1_WINS=16,DRAWS=0
=== DIAG_DUMP_END ===
