=== DIAG_DUMP_BEGIN ===
DIAG_GAMES=20
TRUNC_TOTAL_NODES=65824
TRUNC_FIRED=2202
TRUNC_FIRE_RATE=3.35%
TRUNC_OPTCOUNT_HIST=1-8:28206|9-16:17082|17-32:13106|33-64:5228|65-128:2115|129-256:87|257+:0
TRUNC_FIRE_RATE_BY_TURN=1-2:0.00%(0/2879)|3-5:0.00%(0/2897)|6+:3.67%(2202/60048)
TRUNC_DROPPED_BY_TYPE=ATTACH:42824,EVOLVE:28,PLAY:1738,RETREAT:226
TRUNC_DROPPED_CRITICAL=0
TRUNC_DROPPED_CRITICAL_STATUS=PASS
MULTISELECT_FIXED_LEN=min=0,max=2:nodes=356,shorter_legal=356,shorter_generated=0,shorter_missed=356|min=0,max=3:nodes=572,shorter_legal=572,shorter_generated=0,shorter_missed=572|min=0,max=4:nodes=18,shorter_legal=18,shorter_generated=0,shorter_missed=18|min=0,max=5:nodes=240,shorter_legal=240,shorter_generated=0,shorter_missed=240|min=2,max=2:nodes=1378,shorter_legal=0,shorter_generated=0,shorter_missed=0
MULTISELECT_SHORTER_MISSED=1186
MULTISELECT_CTX_HIST=DISCARD:1378,SETUP_BENCH_POKEMON:319,TO_HAND:867
GAME_LENGTH_HIST=1-15:0|16-25:0|26-40:0|41-60:3|61+:17
WIN_BY_CAUSE=DECK_OUT:W=15,L=15,D=0|NO_ACTIVE:W=5,L=5,D=0
TURN_NODE_DIST=1-2:4.37%(2879/65824)|3-5:4.40%(2897/65824)|6+:91.23%(60048/65824)
SEARCH_MAX_DEPTH=17
SEARCH_MEAN_DEPTH=2.5370
MEAN_DEPTH=2.5370
SIMS_CONTRIBUTED=63580
SIMS_CONFIGURED=63580
SIMS_CONTRIBUTED_PER_DECISION=20.0000
SIMS_CONFIGURED_PER_DECISION=20.0000
PRIZE_REWARD_REACHED=0.60%(19/3179)
STALL_DRAW_PASS_TURNS=1184
STALL_SHUFFLE_WITH_RESOURCES=119
MISSED_ATTACH=1411
SHAPING_BREAKDOWN=BOARD_DECK_DIFF:0.016408|DAMAGE_PRESSURE:0.000232|DISRUPTION:0.000077|ENERGY_DENIAL:0.000036|ITEM_LOCK_PENALTY:0.000000|KO_BONUS:0.000006|PARALYSIS:0.000000|PRIZE_DIFF:0.000084|SLEEP:0.000000
ROOT_OPTION_STATS=ATTACK:available=45,chosen=6,not_chosen=39,zero_visit_rate=24.44%(11/45),mean_opt_visit=1.33,mean_opt_q=-0.4997,mean_chosen_visit=8.33,mean_chosen_q=-0.1838|ENERGY_ATTACH:available=2097,chosen=109,not_chosen=1988,zero_visit_rate=56.03%(1175/2097),mean_opt_visit=0.61,mean_opt_q=-0.5276,mean_chosen_visit=11.86,mean_chosen_q=0.0073
ATTACH_PRIOR_DIST=special:n=1957,attach_prior[mean=0.0278,min=0.0000,max=0.7053,hist=(<0.001:1756,0.001-0.005:0,0.005-0.01:0,0.01-0.03:0,0.03-0.1:9,0.1-0.3:138,0.3-1.0:54,1.0:0)],chosen_prior[mean=0.5726,min=0.0000,max=0.9987,hist=(<0.001:124,0.001-0.005:18,0.005-0.01:26,0.01-0.03:14,0.03-0.1:70,0.1-0.3:161,0.3-1.0:1544,1.0:0)]|plain:n=19549,attach_prior[mean=0.0024,min=0.0000,max=0.4793,hist=(<0.001:18071,0.001-0.005:383,0.005-0.01:270,0.01-0.03:335,0.03-0.1:436,0.1-0.3:35,0.3-1.0:19,1.0:0)],chosen_prior[mean=0.5966,min=0.0000,max=0.9993,hist=(<0.001:1105,0.001-0.005:152,0.005-0.01:178,0.01-0.03:63,0.03-0.1:382,0.1-0.3:1682,0.3-1.0:15987,1.0:0)]
SIM_KO_REACHED=0.42%(267/63580)
SIM_KO_DEPTH_MEAN=2.1049
SIM_KO_DEPTH_MIN=1
SIM_KO_DEPTH_MAX=5
=== DIAG_DUMP_END ===
