=== DIAG_DUMP_BEGIN ===
DIAG_GAMES=20
TRUNC_TOTAL_NODES=68204
TRUNC_FIRED=710
TRUNC_FIRE_RATE=1.04%
TRUNC_OPTCOUNT_HIST=1-8:53158|9-16:8146|17-32:3840|33-64:2350|65-128:671|129-256:39|257+:0
TRUNC_FIRE_RATE_BY_TURN=1-2:0.00%(0/7460)|3-5:0.00%(0/8986)|6+:1.37%(710/51758)
TRUNC_DROPPED_BY_TYPE=ABILITY:476,ATTACH:17431,PLAY:67,RETREAT:245
TRUNC_DROPPED_CRITICAL=0
TRUNC_DROPPED_CRITICAL_STATUS=PASS
MULTISELECT_FIXED_LEN=min=0,max=2:nodes=346,shorter_legal=346,shorter_generated=0,shorter_missed=346|min=0,max=3:nodes=330,shorter_legal=330,shorter_generated=0,shorter_missed=330|min=0,max=4:nodes=8,shorter_legal=8,shorter_generated=0,shorter_missed=8|min=0,max=5:nodes=77,shorter_legal=77,shorter_generated=0,shorter_missed=77|min=2,max=2:nodes=1751,shorter_legal=0,shorter_generated=0,shorter_missed=0
MULTISELECT_SHORTER_MISSED=761
MULTISELECT_CTX_HIST=DISCARD:1703,DISCARD_ENERGY_CARD:35,SETUP_BENCH_POKEMON:136,TO_HAND:638
GAME_LENGTH_HIST=1-15:1|16-25:0|26-40:4|41-60:12|61+:3
WIN_BY_CAUSE=DECK_OUT:W=18,L=18,D=0|PRIZE:W=2,L=2,D=0
TURN_NODE_DIST=1-2:10.94%(7460/68204)|3-5:13.18%(8986/68204)|6+:75.89%(51758/68204)
SEARCH_MAX_DEPTH=10
SEARCH_MEAN_DEPTH=2.3305
MEAN_DEPTH=2.3305
SIMS_CONTRIBUTED=65380
SIMS_CONFIGURED=65380
SIMS_CONTRIBUTED_PER_DECISION=20.0000
SIMS_CONFIGURED_PER_DECISION=20.0000
PRIZE_REWARD_REACHED=0.34%(11/3269)
STALL_DRAW_PASS_TURNS=486
STALL_SHUFFLE_WITH_RESOURCES=72
MISSED_ATTACH=245
SHAPING_BREAKDOWN=BOARD_DECK_DIFF:0.013141|DAMAGE_PRESSURE:0.000840|DISRUPTION:0.000073|ENERGY_DENIAL:0.000314|ITEM_LOCK_PENALTY:0.000000|KO_BONUS:0.000062|PARALYSIS:0.000000|PRIZE_DIFF:-0.002589|SLEEP:0.000000
ROOT_OPTION_STATS=ATTACK:available=229,chosen=49,not_chosen=180,zero_visit_rate=35.81%(82/229),mean_opt_visit=1.82,mean_opt_q=-0.0331,mean_chosen_visit=6.48,mean_chosen_q=0.0144|ENERGY_ATTACH:available=863,chosen=397,not_chosen=466,zero_visit_rate=1.27%(11/863),mean_opt_visit=2.80,mean_opt_q=-0.1235,mean_chosen_visit=6.43,mean_chosen_q=0.0750
ATTACH_PRIOR_DIST=special:n=1246,attach_prior[mean=0.1182,min=0.0153,max=0.6902,hist=(<0.001:0,0.001-0.005:0,0.005-0.01:0,0.01-0.03:84,0.03-0.1:632,0.1-0.3:470,0.3-1.0:60,1.0:0)],chosen_prior[mean=0.1109,min=0.0064,max=0.6902,hist=(<0.001:0,0.001-0.005:0,0.005-0.01:18,0.01-0.03:277,0.03-0.1:406,0.1-0.3:474,0.3-1.0:71,1.0:0)]|plain:n=4925,attach_prior[mean=0.0783,min=0.0015,max=0.7173,hist=(<0.001:0,0.001-0.005:141,0.005-0.01:334,0.01-0.03:1052,0.03-0.1:2059,0.1-0.3:1246,0.3-1.0:93,1.0:0)],chosen_prior[mean=0.1239,min=0.0045,max=0.7288,hist=(<0.001:0,0.001-0.005:4,0.005-0.01:45,0.01-0.03:824,0.03-0.1:1705,0.1-0.3:2013,0.3-1.0:334,1.0:0)]
SIM_KO_REACHED=0.21%(139/65380)
SIM_KO_DEPTH_MEAN=2.1079
SIM_KO_DEPTH_MIN=1
SIM_KO_DEPTH_MAX=5
TRUE_RESULT_TALLY=P0_WINS=12,P1_WINS=8,DRAWS=0
=== DIAG_DUMP_END ===
