=== DIAG_DUMP_BEGIN ===
DIAG_GAMES=20
TRUNC_TOTAL_NODES=62342
TRUNC_FIRED=2072
TRUNC_FIRE_RATE=3.32%
TRUNC_OPTCOUNT_HIST=1-8:25759|9-16:15119|17-32:12664|33-64:6728|65-128:1899|129-256:173|257+:0
TRUNC_FIRE_RATE_BY_TURN=1-2:0.00%(0/3252)|3-5:0.00%(0/3694)|6+:3.74%(2072/55396)
TRUNC_DROPPED_BY_TYPE=ABILITY:20,ATTACH:49903,EVOLVE:138,PLAY:2261,RETREAT:156
TRUNC_DROPPED_CRITICAL=0
TRUNC_DROPPED_CRITICAL_STATUS=PASS
MULTISELECT_FIXED_LEN=min=0,max=2:nodes=376,shorter_legal=376,shorter_generated=0,shorter_missed=376|min=0,max=3:nodes=611,shorter_legal=611,shorter_generated=0,shorter_missed=611|min=0,max=4:nodes=17,shorter_legal=17,shorter_generated=0,shorter_missed=17|min=0,max=5:nodes=246,shorter_legal=246,shorter_generated=0,shorter_missed=246|min=2,max=2:nodes=1595,shorter_legal=0,shorter_generated=0,shorter_missed=0
MULTISELECT_SHORTER_MISSED=1250
MULTISELECT_CTX_HIST=DISCARD:1595,SETUP_BENCH_POKEMON:296,TO_HAND:954
GAME_LENGTH_HIST=1-15:1|16-25:0|26-40:0|41-60:2|61+:17
WIN_BY_CAUSE=DECK_OUT:W=17,L=17,D=0|NO_ACTIVE:W=3,L=3,D=0
TURN_NODE_DIST=1-2:5.22%(3252/62342)|3-5:5.93%(3694/62342)|6+:88.86%(55396/62342)
SEARCH_MAX_DEPTH=18
SEARCH_MEAN_DEPTH=2.5147
MEAN_DEPTH=2.5147
SIMS_CONTRIBUTED=60220
SIMS_CONFIGURED=60220
SIMS_CONTRIBUTED_PER_DECISION=20.0000
SIMS_CONFIGURED_PER_DECISION=20.0000
PRIZE_REWARD_REACHED=0.30%(9/3011)
STALL_DRAW_PASS_TURNS=1089
STALL_SHUFFLE_WITH_RESOURCES=120
MISSED_ATTACH=1314
SHAPING_BREAKDOWN=BOARD_DECK_DIFF:0.004439|DAMAGE_PRESSURE:0.000304|DISRUPTION:0.000081|ENERGY_DENIAL:0.000012|ITEM_LOCK_PENALTY:0.000000|KO_BONUS:0.000006|PARALYSIS:0.000000|PRIZE_DIFF:-0.000027|SLEEP:0.000000
=== DIAG_DUMP_END ===
