=== DIAG_DUMP_BEGIN ===
DIAG_GAMES=40
TRUNC_TOTAL_NODES=71374
TRUNC_FIRED=0
TRUNC_FIRE_RATE=0.00%
TRUNC_OPTCOUNT_HIST=1-8:51174|9-16:12093|17-32:7146|33-64:961|65-128:0|129-256:0|257+:0
TRUNC_FIRE_RATE_BY_TURN=1-2:0.00%(0/3786)|3-5:0.00%(0/6736)|6+:0.00%(0/60852)
TRUNC_DROPPED_BY_TYPE=NONE
TRUNC_DROPPED_CRITICAL=0
TRUNC_DROPPED_CRITICAL_STATUS=PASS
MULTISELECT_FIXED_LEN=min=0,max=2:nodes=515,shorter_legal=515,shorter_generated=0,shorter_missed=515|min=0,max=3:nodes=476,shorter_legal=476,shorter_generated=0,shorter_missed=476|min=0,max=4:nodes=42,shorter_legal=42,shorter_generated=0,shorter_missed=42|min=0,max=5:nodes=276,shorter_legal=276,shorter_generated=0,shorter_missed=276|min=2,max=2:nodes=2037,shorter_legal=0,shorter_generated=0,shorter_missed=0|min=3,max=3:nodes=31,shorter_legal=0,shorter_generated=0,shorter_missed=0
MULTISELECT_SHORTER_MISSED=1309
MULTISELECT_CTX_HIST=DISCARD:1960,DISCARD_ENERGY_CARD:96,SETUP_BENCH_POKEMON:375,TO_HAND:946
GAME_LENGTH_HIST=1-15:6|16-25:7|26-40:22|41-60:5|61+:0
WIN_BY_CAUSE=DECK_OUT:W=17,L=17,D=0|NO_ACTIVE:W=10,L=10,D=0|PRIZE:W=13,L=13,D=0
TURN_NODE_DIST=1-2:5.30%(3786/71374)|3-5:9.44%(6736/71374)|6+:85.26%(60852/71374)
SEARCH_MAX_DEPTH=19
SEARCH_MEAN_DEPTH=3.1931
MEAN_DEPTH=3.1931
SIMS_CONTRIBUTED=69300
SIMS_CONFIGURED=69300
SIMS_CONTRIBUTED_PER_DECISION=20.0000
SIMS_CONFIGURED_PER_DECISION=20.0000
PRIZE_REWARD_REACHED=1.67%(58/3465)
STALL_DRAW_PASS_TURNS=405
STALL_SHUFFLE_WITH_RESOURCES=108
MISSED_ATTACH=290
SHAPING_BREAKDOWN=BOARD_DECK_DIFF:0.093014|DAMAGE_PRESSURE:0.001764|DISRUPTION:0.000099|ENERGY_DENIAL:0.000831|ITEM_LOCK_PENALTY:0.000000|KO_BONUS:0.000095|PARALYSIS:0.000000|PRIZE_DIFF:-0.031786|SLEEP:0.000000
ROOT_OPTION_STATS=ATTACK:available=77,chosen=28,not_chosen=49,zero_visit_rate=19.48%(15/77),mean_opt_visit=1.92,mean_opt_q=-0.5420,mean_chosen_visit=11.16,mean_chosen_q=-0.0421|ENERGY_ATTACH:available=1045,chosen=353,not_chosen=692,zero_visit_rate=14.55%(152/1045),mean_opt_visit=1.41,mean_opt_q=-0.7010,mean_chosen_visit=10.17,mean_chosen_q=-0.1272
ATTACH_PRIOR_DIST=special:n=1274,attach_prior[mean=0.0884,min=0.0001,max=0.9994,hist=(<0.001:583,0.001-0.005:146,0.005-0.01:43,0.01-0.03:57,0.03-0.1:152,0.1-0.3:152,0.3-1.0:141,1.0:0)],chosen_prior[mean=0.4750,min=0.0001,max=0.9994,hist=(<0.001:45,0.001-0.005:0,0.005-0.01:2,0.01-0.03:65,0.03-0.1:87,0.1-0.3:225,0.3-1.0:850,1.0:0)]|plain:n=5849,attach_prior[mean=0.0551,min=0.0000,max=0.9993,hist=(<0.001:2876,0.001-0.005:497,0.005-0.01:139,0.01-0.03:461,0.03-0.1:1032,0.1-0.3:542,0.3-1.0:302,1.0:0)],chosen_prior[mean=0.4484,min=0.0001,max=0.9994,hist=(<0.001:302,0.001-0.005:43,0.005-0.01:17,0.01-0.03:184,0.03-0.1:706,0.1-0.3:992,0.3-1.0:3605,1.0:0)]
SIM_KO_REACHED=0.95%(655/69300)
SIM_KO_DEPTH_MEAN=2.9298
SIM_KO_DEPTH_MIN=1
SIM_KO_DEPTH_MAX=9
TRUE_RESULT_TALLY=P0_WINS=15,P1_WINS=25,DRAWS=0
=== DIAG_DUMP_END ===
