=== DIAG_DUMP_BEGIN ===
DIAG_GAMES=1
TRUNC_TOTAL_NODES=1357
TRUNC_FIRED=1
TRUNC_FIRE_RATE=0.07%
TRUNC_OPTCOUNT_HIST=1-8:746|9-16:523|17-32:56|33-64:31|65-128:1|129-256:0|257+:0
TRUNC_FIRE_RATE_BY_TURN=1-2:0.00%(0/182)|3-5:0.00%(0/117)|6+:0.09%(1/1058)
TRUNC_DROPPED_BY_TYPE=ATTACH:3
TRUNC_DROPPED_CRITICAL=0
TRUNC_DROPPED_CRITICAL_STATUS=PASS
MULTISELECT_FIXED_LEN=min=0,max=2:nodes=5,shorter_legal=5,shorter_generated=0,shorter_missed=5|min=0,max=3:nodes=27,shorter_legal=27,shorter_generated=0,shorter_missed=27|min=0,max=4:nodes=4,shorter_legal=4,shorter_generated=0,shorter_missed=4|min=0,max=5:nodes=9,shorter_legal=9,shorter_generated=0,shorter_missed=9|min=2,max=2:nodes=12,shorter_legal=0,shorter_generated=0,shorter_missed=0
MULTISELECT_SHORTER_MISSED=45
MULTISELECT_CTX_HIST=DISCARD:12,SETUP_BENCH_POKEMON:20,TO_HAND:25
GAME_LENGTH_HIST=1-15:0|16-25:0|26-40:1|41-60:0|61+:0
WIN_BY_CAUSE=NO_ACTIVE:W=1,L=1,D=0
TURN_NODE_DIST=1-2:13.41%(182/1357)|3-5:8.62%(117/1357)|6+:77.97%(1058/1357)
SEARCH_MAX_DEPTH=11
SEARCH_MEAN_DEPTH=2.5299
MEAN_DEPTH=2.5299
SIMS_CONTRIBUTED=1340
SIMS_CONFIGURED=1340
SIMS_CONTRIBUTED_PER_DECISION=20.0000
SIMS_CONFIGURED_PER_DECISION=20.0000
PRIZE_REWARD_REACHED=4.48%(3/67)
STALL_DRAW_PASS_TURNS=24
STALL_SHUFFLE_WITH_RESOURCES=3
MISSED_ATTACH=21
SHAPING_BREAKDOWN=BOARD_DECK_DIFF:0.023382|DAMAGE_PRESSURE:0.000265|DISRUPTION:0.000199|ENERGY_DENIAL:0.000000|ITEM_LOCK_PENALTY:0.000000|KO_BONUS:0.000000|PARALYSIS:0.000000|PRIZE_DIFF:-0.000221|SLEEP:0.000000
ROOT_OPTION_STATS=ATTACK:available=1,chosen=1,not_chosen=0,mean_opt_visit=0.00,mean_opt_q=nan,mean_chosen_visit=0.00,mean_chosen_q=nan|ENERGY_ATTACH:available=32,chosen=3,not_chosen=29,mean_opt_visit=1.03,mean_opt_q=-0.2123,mean_chosen_visit=14.24,mean_chosen_q=0.0481
SIM_KO_REACHED=3.73%(50/1340)
SIM_KO_DEPTH_MEAN=1.8600
SIM_KO_DEPTH_MIN=1
SIM_KO_DEPTH_MAX=3
=== DIAG_DUMP_END ===
