=== DIAG_DUMP_BEGIN ===
DIAG_GAMES=1
TRUNC_TOTAL_NODES=3785
TRUNC_FIRED=127
TRUNC_FIRE_RATE=3.36%
TRUNC_OPTCOUNT_HIST=1-8:2626|9-16:767|17-32:188|33-64:77|65-128:127|129-256:0|257+:0
TRUNC_FIRE_RATE_BY_TURN=1-2:0.00%(0/258)|3-5:0.00%(0/365)|6+:4.02%(127/3162)
TRUNC_DROPPED_BY_TYPE=ABILITY:1,ATTACH:4697,PLAY:18,RETREAT:91
TRUNC_DROPPED_CRITICAL=0
TRUNC_DROPPED_CRITICAL_STATUS=PASS
MULTISELECT_FIXED_LEN=min=0,max=2:nodes=15,shorter_legal=15,shorter_generated=0,shorter_missed=15|min=0,max=3:nodes=11,shorter_legal=11,shorter_generated=0,shorter_missed=11|min=0,max=5:nodes=3,shorter_legal=3,shorter_generated=0,shorter_missed=3|min=2,max=2:nodes=141,shorter_legal=0,shorter_generated=0,shorter_missed=0
MULTISELECT_SHORTER_MISSED=29
MULTISELECT_CTX_HIST=DISCARD:138,SETUP_BENCH_POKEMON:3,TO_HAND:29
GAME_LENGTH_HIST=1-15:0|16-25:0|26-40:0|41-60:0|61+:1
WIN_BY_CAUSE=DECK_OUT:W=1,L=1,D=0
TURN_NODE_DIST=1-2:6.82%(258/3785)|3-5:9.64%(365/3785)|6+:83.54%(3162/3785)
SEARCH_MAX_DEPTH=7
SEARCH_MEAN_DEPTH=1.9798
MEAN_DEPTH=1.9798
SIMS_CONTRIBUTED=3620
SIMS_CONFIGURED=3620
SIMS_CONTRIBUTED_PER_DECISION=20.0000
SIMS_CONFIGURED_PER_DECISION=20.0000
PRIZE_REWARD_REACHED=0.00%(0/181)
STALL_DRAW_PASS_TURNS=45
STALL_SHUFFLE_WITH_RESOURCES=6
MISSED_ATTACH=39
SHAPING_BREAKDOWN=BOARD_DECK_DIFF:0.002243|DAMAGE_PRESSURE:0.000433|DISRUPTION:0.000071|ENERGY_DENIAL:0.000225|ITEM_LOCK_PENALTY:0.000000|KO_BONUS:0.000000|PARALYSIS:0.000000|PRIZE_DIFF:-0.003065|SLEEP:0.000000
ROOT_OPTION_STATS=ATTACK:available=13,chosen=2,not_chosen=11,zero_visit_rate=69.23%(9/13),mean_opt_visit=0.82,mean_opt_q=0.1139,mean_chosen_visit=5.09,mean_chosen_q=-0.0365|ENERGY_ATTACH:available=85,chosen=22,not_chosen=63,zero_visit_rate=1.18%(1/85),mean_opt_visit=2.25,mean_opt_q=-0.1798,mean_chosen_visit=6.49,mean_chosen_q=0.0280
ATTACH_PRIOR_DIST=special:n=128,attach_prior[mean=0.1132,min=0.0206,max=0.3721,hist=(<0.001:0,0.001-0.005:0,0.005-0.01:0,0.01-0.03:12,0.03-0.1:45,0.1-0.3:67,0.3-1.0:4,1.0:0)],chosen_prior[mean=0.1055,min=0.0151,max=0.4317,hist=(<0.001:0,0.001-0.005:0,0.005-0.01:0,0.01-0.03:33,0.03-0.1:41,0.1-0.3:48,0.3-1.0:6,1.0:0)]|plain:n=459,attach_prior[mean=0.0761,min=0.0014,max=0.5901,hist=(<0.001:0,0.001-0.005:22,0.005-0.01:33,0.01-0.03:100,0.03-0.1:161,0.1-0.3:137,0.3-1.0:6,1.0:0)],chosen_prior[mean=0.1210,min=0.0151,max=0.5901,hist=(<0.001:0,0.001-0.005:0,0.005-0.01:0,0.01-0.03:71,0.03-0.1:183,0.1-0.3:166,0.3-1.0:39,1.0:0)]
SIM_KO_REACHED=0.00%(0/3620)
SIM_KO_DEPTH_MEAN=0.0000
SIM_KO_DEPTH_MIN=0
SIM_KO_DEPTH_MAX=0
TRUE_RESULT_TALLY=P0_WINS=1,P1_WINS=0,DRAWS=0
=== DIAG_DUMP_END ===
=== DIAG_DUMP_BEGIN ===
DIAG_GAMES=1
TRUNC_TOTAL_NODES=3552
TRUNC_FIRED=51
TRUNC_FIRE_RATE=1.44%
TRUNC_OPTCOUNT_HIST=1-8:2838|9-16:387|17-32:148|33-64:128|65-128:51|129-256:0|257+:0
TRUNC_FIRE_RATE_BY_TURN=1-2:0.00%(0/536)|3-5:0.00%(0/355)|6+:1.92%(51/2661)
TRUNC_DROPPED_BY_TYPE=ATTACH:1023,RETREAT:47
TRUNC_DROPPED_CRITICAL=0
TRUNC_DROPPED_CRITICAL_STATUS=PASS
MULTISELECT_FIXED_LEN=min=0,max=2:nodes=15,shorter_legal=15,shorter_generated=0,shorter_missed=15|min=0,max=3:nodes=18,shorter_legal=18,shorter_generated=0,shorter_missed=18|min=0,max=5:nodes=5,shorter_legal=5,shorter_generated=0,shorter_missed=5|min=2,max=2:nodes=50,shorter_legal=0,shorter_generated=0,shorter_missed=0
MULTISELECT_SHORTER_MISSED=38
MULTISELECT_CTX_HIST=DISCARD:50,SETUP_BENCH_POKEMON:5,TO_HAND:33
GAME_LENGTH_HIST=1-15:0|16-25:0|26-40:0|41-60:1|61+:0
WIN_BY_CAUSE=DECK_OUT:W=1,L=1,D=0
TURN_NODE_DIST=1-2:15.09%(536/3552)|3-5:9.99%(355/3552)|6+:74.92%(2661/3552)
SEARCH_MAX_DEPTH=8
SEARCH_MEAN_DEPTH=2.1576
MEAN_DEPTH=2.1576
SIMS_CONTRIBUTED=3400
SIMS_CONFIGURED=3400
SIMS_CONTRIBUTED_PER_DECISION=20.0000
SIMS_CONFIGURED_PER_DECISION=20.0000
PRIZE_REWARD_REACHED=0.00%(0/170)
STALL_DRAW_PASS_TURNS=28
STALL_SHUFFLE_WITH_RESOURCES=3
MISSED_ATTACH=18
SHAPING_BREAKDOWN=BOARD_DECK_DIFF:0.011036|DAMAGE_PRESSURE:0.000065|DISRUPTION:0.000059|ENERGY_DENIAL:0.000000|ITEM_LOCK_PENALTY:0.000000|KO_BONUS:0.000000|PARALYSIS:0.000000|PRIZE_DIFF:-0.000042|SLEEP:0.000000
ROOT_OPTION_STATS=ENERGY_ATTACH:available=50,chosen=21,not_chosen=29,zero_visit_rate=0.00%(0/50),mean_opt_visit=2.45,mean_opt_q=-0.1700,mean_chosen_visit=6.10,mean_chosen_q=0.0215
ATTACH_PRIOR_DIST=special:n=46,attach_prior[mean=0.1523,min=0.0264,max=0.3717,hist=(<0.001:0,0.001-0.005:0,0.005-0.01:0,0.01-0.03:3,0.03-0.1:14,0.1-0.3:27,0.3-1.0:2,1.0:0)],chosen_prior[mean=0.1610,min=0.0140,max=0.3717,hist=(<0.001:0,0.001-0.005:0,0.005-0.01:0,0.01-0.03:2,0.03-0.1:8,0.1-0.3:32,0.3-1.0:4,1.0:0)]|plain:n=307,attach_prior[mean=0.0829,min=0.0035,max=0.3367,hist=(<0.001:0,0.001-0.005:6,0.005-0.01:16,0.01-0.03:45,0.03-0.1:141,0.1-0.3:96,0.3-1.0:3,1.0:0)],chosen_prior[mean=0.1135,min=0.0140,max=0.3931,hist=(<0.001:0,0.001-0.005:0,0.005-0.01:0,0.01-0.03:32,0.03-0.1:111,0.1-0.3:149,0.3-1.0:15,1.0:0)]
SIM_KO_REACHED=0.00%(0/3400)
SIM_KO_DEPTH_MEAN=0.0000
SIM_KO_DEPTH_MIN=0
SIM_KO_DEPTH_MAX=0
TRUE_RESULT_TALLY=P0_WINS=1,P1_WINS=0,DRAWS=0
=== DIAG_DUMP_END ===
=== DIAG_DUMP_BEGIN ===
DIAG_GAMES=1
TRUNC_TOTAL_NODES=3546
TRUNC_FIRED=20
TRUNC_FIRE_RATE=0.56%
TRUNC_OPTCOUNT_HIST=1-8:2728|9-16:456|17-32:296|33-64:46|65-128:20|129-256:0|257+:0
TRUNC_FIRE_RATE_BY_TURN=1-2:0.00%(0/542)|3-5:0.00%(0/287)|6+:0.74%(20/2717)
TRUNC_DROPPED_BY_TYPE=ABILITY:6,ATTACH:411,RETREAT:3
TRUNC_DROPPED_CRITICAL=0
TRUNC_DROPPED_CRITICAL_STATUS=PASS
MULTISELECT_FIXED_LEN=min=0,max=2:nodes=11,shorter_legal=11,shorter_generated=0,shorter_missed=11|min=0,max=3:nodes=16,shorter_legal=16,shorter_generated=0,shorter_missed=16|min=0,max=5:nodes=4,shorter_legal=4,shorter_generated=0,shorter_missed=4|min=2,max=2:nodes=101,shorter_legal=0,shorter_generated=0,shorter_missed=0
MULTISELECT_SHORTER_MISSED=31
MULTISELECT_CTX_HIST=DISCARD:100,SETUP_BENCH_POKEMON:4,TO_HAND:28
GAME_LENGTH_HIST=1-15:0|16-25:0|26-40:0|41-60:1|61+:0
WIN_BY_CAUSE=DECK_OUT:W=1,L=1,D=0
TURN_NODE_DIST=1-2:15.28%(542/3546)|3-5:8.09%(287/3546)|6+:76.62%(2717/3546)
SEARCH_MAX_DEPTH=8
SEARCH_MEAN_DEPTH=2.1491
MEAN_DEPTH=2.1491
SIMS_CONTRIBUTED=3380
SIMS_CONFIGURED=3380
SIMS_CONTRIBUTED_PER_DECISION=20.0000
SIMS_CONFIGURED_PER_DECISION=20.0000
PRIZE_REWARD_REACHED=0.59%(1/169)
STALL_DRAW_PASS_TURNS=31
STALL_SHUFFLE_WITH_RESOURCES=1
MISSED_ATTACH=28
SHAPING_BREAKDOWN=BOARD_DECK_DIFF:0.006712|DAMAGE_PRESSURE:0.000465|DISRUPTION:0.000127|ENERGY_DENIAL:0.000042|ITEM_LOCK_PENALTY:0.000000|KO_BONUS:0.000677|PARALYSIS:0.000000|PRIZE_DIFF:0.000338|SLEEP:0.000000
ROOT_OPTION_STATS=ATTACK:available=22,chosen=7,not_chosen=15,zero_visit_rate=27.27%(6/22),mean_opt_visit=1.80,mean_opt_q=-0.0366,mean_chosen_visit=6.80,mean_chosen_q=0.0618|ENERGY_ATTACH:available=64,chosen=19,not_chosen=45,zero_visit_rate=3.12%(2/64),mean_opt_visit=1.69,mean_opt_q=-0.1898,mean_chosen_visit=7.16,mean_chosen_q=0.1258
ATTACH_PRIOR_DIST=special:n=81,attach_prior[mean=0.1250,min=0.0236,max=0.4797,hist=(<0.001:0,0.001-0.005:0,0.005-0.01:0,0.01-0.03:2,0.03-0.1:39,0.1-0.3:37,0.3-1.0:3,1.0:0)],chosen_prior[mean=0.0897,min=0.0161,max=0.2618,hist=(<0.001:0,0.001-0.005:0,0.005-0.01:0,0.01-0.03:20,0.03-0.1:30,0.1-0.3:31,0.3-1.0:0,1.0:0)]|plain:n=482,attach_prior[mean=0.0611,min=0.0034,max=0.3892,hist=(<0.001:0,0.001-0.005:28,0.005-0.01:54,0.01-0.03:66,0.03-0.1:252,0.1-0.3:81,0.3-1.0:1,1.0:0)],chosen_prior[mean=0.0902,min=0.0161,max=0.5146,hist=(<0.001:0,0.001-0.005:0,0.005-0.01:0,0.01-0.03:134,0.03-0.1:176,0.1-0.3:163,0.3-1.0:9,1.0:0)]
SIM_KO_REACHED=0.44%(15/3380)
SIM_KO_DEPTH_MEAN=2.0000
SIM_KO_DEPTH_MIN=2
SIM_KO_DEPTH_MAX=2
TRUE_RESULT_TALLY=P0_WINS=0,P1_WINS=1,DRAWS=0
=== DIAG_DUMP_END ===
=== DIAG_DUMP_BEGIN ===
DIAG_GAMES=1
TRUNC_TOTAL_NODES=3827
TRUNC_FIRED=0
TRUNC_FIRE_RATE=0.00%
TRUNC_OPTCOUNT_HIST=1-8:3198|9-16:308|17-32:200|33-64:121|65-128:0|129-256:0|257+:0
TRUNC_FIRE_RATE_BY_TURN=1-2:0.00%(0/434)|3-5:0.00%(0/384)|6+:0.00%(0/3009)
TRUNC_DROPPED_BY_TYPE=NONE
TRUNC_DROPPED_CRITICAL=0
TRUNC_DROPPED_CRITICAL_STATUS=PASS
MULTISELECT_FIXED_LEN=min=0,max=2:nodes=7,shorter_legal=7,shorter_generated=0,shorter_missed=7|min=0,max=3:nodes=21,shorter_legal=21,shorter_generated=0,shorter_missed=21|min=0,max=5:nodes=4,shorter_legal=4,shorter_generated=0,shorter_missed=4|min=2,max=2:nodes=165,shorter_legal=0,shorter_generated=0,shorter_missed=0
MULTISELECT_SHORTER_MISSED=32
MULTISELECT_CTX_HIST=DISCARD:165,SETUP_BENCH_POKEMON:11,TO_HAND:21
GAME_LENGTH_HIST=1-15:0|16-25:0|26-40:1|41-60:0|61+:0
WIN_BY_CAUSE=DECK_OUT:W=1,L=1,D=0
TURN_NODE_DIST=1-2:11.34%(434/3827)|3-5:10.03%(384/3827)|6+:78.63%(3009/3827)
SEARCH_MAX_DEPTH=10
SEARCH_MEAN_DEPTH=2.4680
MEAN_DEPTH=2.4680
SIMS_CONTRIBUTED=3660
SIMS_CONFIGURED=3660
SIMS_CONTRIBUTED_PER_DECISION=20.0000
SIMS_CONFIGURED_PER_DECISION=20.0000
PRIZE_REWARD_REACHED=0.00%(0/183)
STALL_DRAW_PASS_TURNS=16
STALL_SHUFFLE_WITH_RESOURCES=5
MISSED_ATTACH=2
SHAPING_BREAKDOWN=BOARD_DECK_DIFF:0.014369|DAMAGE_PRESSURE:0.000481|DISRUPTION:0.000063|ENERGY_DENIAL:0.000052|ITEM_LOCK_PENALTY:0.000000|KO_BONUS:0.000000|PARALYSIS:0.000000|PRIZE_DIFF:-0.001718|SLEEP:0.000000
ROOT_OPTION_STATS=ATTACK:available=14,chosen=2,not_chosen=12,zero_visit_rate=50.00%(7/14),mean_opt_visit=1.58,mean_opt_q=0.1102,mean_chosen_visit=6.58,mean_chosen_q=0.1355|ENERGY_ATTACH:available=35,chosen=22,not_chosen=13,zero_visit_rate=0.00%(0/35),mean_opt_visit=3.69,mean_opt_q=0.0247,mean_chosen_visit=4.54,mean_chosen_q=0.0845
ATTACH_PRIOR_DIST=special:n=41,attach_prior[mean=0.1392,min=0.0211,max=0.4107,hist=(<0.001:0,0.001-0.005:0,0.005-0.01:0,0.01-0.03:3,0.03-0.1:14,0.1-0.3:22,0.3-1.0:2,1.0:0)],chosen_prior[mean=0.1332,min=0.0285,max=0.4107,hist=(<0.001:0,0.001-0.005:0,0.005-0.01:0,0.01-0.03:2,0.03-0.1:18,0.1-0.3:18,0.3-1.0:3,1.0:0)]|plain:n=168,attach_prior[mean=0.0929,min=0.0030,max=0.5574,hist=(<0.001:0,0.001-0.005:4,0.005-0.01:5,0.01-0.03:19,0.03-0.1:82,0.1-0.3:55,0.3-1.0:3,1.0:0)],chosen_prior[mean=0.1270,min=0.0220,max=0.5574,hist=(<0.001:0,0.001-0.005:0,0.005-0.01:0,0.01-0.03:22,0.03-0.1:58,0.1-0.3:78,0.3-1.0:10,1.0:0)]
SIM_KO_REACHED=0.00%(0/3660)
SIM_KO_DEPTH_MEAN=0.0000
SIM_KO_DEPTH_MIN=0
SIM_KO_DEPTH_MAX=0
TRUE_RESULT_TALLY=P0_WINS=1,P1_WINS=0,DRAWS=0
=== DIAG_DUMP_END ===
=== DIAG_DUMP_BEGIN ===
DIAG_GAMES=1
TRUNC_TOTAL_NODES=3703
TRUNC_FIRED=0
TRUNC_FIRE_RATE=0.00%
TRUNC_OPTCOUNT_HIST=1-8:3001|9-16:325|17-32:175|33-64:202|65-128:0|129-256:0|257+:0
TRUNC_FIRE_RATE_BY_TURN=1-2:0.00%(0/398)|3-5:0.00%(0/644)|6+:0.00%(0/2661)
TRUNC_DROPPED_BY_TYPE=NONE
TRUNC_DROPPED_CRITICAL=0
TRUNC_DROPPED_CRITICAL_STATUS=PASS
MULTISELECT_FIXED_LEN=min=0,max=2:nodes=9,shorter_legal=9,shorter_generated=0,shorter_missed=9|min=0,max=3:nodes=15,shorter_legal=15,shorter_generated=0,shorter_missed=15|min=0,max=5:nodes=4,shorter_legal=4,shorter_generated=0,shorter_missed=4|min=2,max=2:nodes=50,shorter_legal=0,shorter_generated=0,shorter_missed=0
MULTISELECT_SHORTER_MISSED=28
MULTISELECT_CTX_HIST=DISCARD:50,SETUP_BENCH_POKEMON:5,TO_HAND:23
GAME_LENGTH_HIST=1-15:0|16-25:0|26-40:0|41-60:1|61+:0
WIN_BY_CAUSE=DECK_OUT:W=1,L=1,D=0
TURN_NODE_DIST=1-2:10.75%(398/3703)|3-5:17.39%(644/3703)|6+:71.86%(2661/3703)
SEARCH_MAX_DEPTH=8
SEARCH_MEAN_DEPTH=2.2232
MEAN_DEPTH=2.2232
SIMS_CONTRIBUTED=3540
SIMS_CONFIGURED=3540
SIMS_CONTRIBUTED_PER_DECISION=20.0000
SIMS_CONFIGURED_PER_DECISION=20.0000
PRIZE_REWARD_REACHED=0.00%(0/177)
STALL_DRAW_PASS_TURNS=16
STALL_SHUFFLE_WITH_RESOURCES=4
MISSED_ATTACH=4
SHAPING_BREAKDOWN=BOARD_DECK_DIFF:0.014802|DAMAGE_PRESSURE:0.000791|DISRUPTION:0.000089|ENERGY_DENIAL:0.000081|ITEM_LOCK_PENALTY:0.000000|KO_BONUS:0.000000|PARALYSIS:0.000000|PRIZE_DIFF:-0.004098|SLEEP:0.000000
ROOT_OPTION_STATS=ATTACK:available=23,chosen=1,not_chosen=22,zero_visit_rate=34.78%(8/23),mean_opt_visit=2.41,mean_opt_q=0.0195,mean_chosen_visit=6.41,mean_chosen_q=0.0534|ENERGY_ATTACH:available=34,chosen=22,not_chosen=12,zero_visit_rate=0.00%(0/34),mean_opt_visit=2.33,mean_opt_q=-0.1217,mean_chosen_visit=6.08,mean_chosen_q=0.0970
ATTACH_PRIOR_DIST=special:n=40,attach_prior[mean=0.1267,min=0.0299,max=0.3693,hist=(<0.001:0,0.001-0.005:0,0.005-0.01:0,0.01-0.03:1,0.03-0.1:17,0.1-0.3:21,0.3-1.0:1,1.0:0)],chosen_prior[mean=0.1259,min=0.0174,max=0.3693,hist=(<0.001:0,0.001-0.005:0,0.005-0.01:0,0.01-0.03:8,0.03-0.1:13,0.1-0.3:17,0.3-1.0:2,1.0:0)]|plain:n=178,attach_prior[mean=0.0966,min=0.0056,max=0.6822,hist=(<0.001:0,0.001-0.005:0,0.005-0.01:11,0.01-0.03:25,0.03-0.1:69,0.1-0.3:68,0.3-1.0:5,1.0:0)],chosen_prior[mean=0.1439,min=0.0174,max=0.7605,hist=(<0.001:0,0.001-0.005:0,0.005-0.01:0,0.01-0.03:21,0.03-0.1:63,0.1-0.3:79,0.3-1.0:15,1.0:0)]
SIM_KO_REACHED=0.00%(0/3540)
SIM_KO_DEPTH_MEAN=0.0000
SIM_KO_DEPTH_MIN=0
SIM_KO_DEPTH_MAX=0
TRUE_RESULT_TALLY=P0_WINS=0,P1_WINS=1,DRAWS=0
=== DIAG_DUMP_END ===
=== DIAG_DUMP_BEGIN ===
DIAG_GAMES=1
TRUNC_TOTAL_NODES=3061
TRUNC_FIRED=32
TRUNC_FIRE_RATE=1.05%
TRUNC_OPTCOUNT_HIST=1-8:2216|9-16:440|17-32:326|33-64:47|65-128:32|129-256:0|257+:0
TRUNC_FIRE_RATE_BY_TURN=1-2:0.00%(0/423)|3-5:0.00%(0/233)|6+:1.33%(32/2405)
TRUNC_DROPPED_BY_TYPE=ABILITY:46,ATTACH:280,PLAY:6,RETREAT:2
TRUNC_DROPPED_CRITICAL=0
TRUNC_DROPPED_CRITICAL_STATUS=PASS
MULTISELECT_FIXED_LEN=min=0,max=2:nodes=8,shorter_legal=8,shorter_generated=0,shorter_missed=8|min=0,max=3:nodes=24,shorter_legal=24,shorter_generated=0,shorter_missed=24|min=0,max=5:nodes=4,shorter_legal=4,shorter_generated=0,shorter_missed=4|min=2,max=2:nodes=87,shorter_legal=0,shorter_generated=0,shorter_missed=0
MULTISELECT_SHORTER_MISSED=36
MULTISELECT_CTX_HIST=DISCARD:87,DISCARD_ENERGY_CARD:1,SETUP_BENCH_POKEMON:4,TO_HAND:31
GAME_LENGTH_HIST=1-15:0|16-25:0|26-40:0|41-60:1|61+:0
WIN_BY_CAUSE=DECK_OUT:W=1,L=1,D=0
TURN_NODE_DIST=1-2:13.82%(423/3061)|3-5:7.61%(233/3061)|6+:78.57%(2405/3061)
SEARCH_MAX_DEPTH=7
SEARCH_MEAN_DEPTH=2.0065
MEAN_DEPTH=2.0065
SIMS_CONTRIBUTED=2920
SIMS_CONFIGURED=2920
SIMS_CONTRIBUTED_PER_DECISION=20.0000
SIMS_CONFIGURED_PER_DECISION=20.0000
PRIZE_REWARD_REACHED=0.68%(1/146)
STALL_DRAW_PASS_TURNS=23
STALL_SHUFFLE_WITH_RESOURCES=2
MISSED_ATTACH=20
SHAPING_BREAKDOWN=BOARD_DECK_DIFF:0.008955|DAMAGE_PRESSURE:0.000098|DISRUPTION:0.000078|ENERGY_DENIAL:0.000000|ITEM_LOCK_PENALTY:0.000000|KO_BONUS:0.000588|PARALYSIS:0.000000|PRIZE_DIFF:-0.000229|SLEEP:0.000000
ROOT_OPTION_STATS=ATTACK:available=6,chosen=5,not_chosen=1,zero_visit_rate=0.00%(0/6),mean_opt_visit=8.00,mean_opt_q=0.1848,mean_chosen_visit=1.00,mean_chosen_q=-0.2165|ENERGY_ATTACH:available=54,chosen=17,not_chosen=37,zero_visit_rate=0.00%(0/54),mean_opt_visit=2.35,mean_opt_q=-0.1566,mean_chosen_visit=4.81,mean_chosen_q=0.0647
ATTACH_PRIOR_DIST=special:n=106,attach_prior[mean=0.1001,min=0.0212,max=0.3528,hist=(<0.001:0,0.001-0.005:0,0.005-0.01:0,0.01-0.03:13,0.03-0.1:53,0.1-0.3:38,0.3-1.0:2,1.0:0)],chosen_prior[mean=0.0793,min=0.0085,max=0.3528,hist=(<0.001:0,0.001-0.005:0,0.005-0.01:4,0.01-0.03:45,0.03-0.1:22,0.1-0.3:33,0.3-1.0:2,1.0:0)]|plain:n=331,attach_prior[mean=0.0544,min=0.0021,max=0.3705,hist=(<0.001:0,0.001-0.005:21,0.005-0.01:29,0.01-0.03:82,0.03-0.1:154,0.1-0.3:44,0.3-1.0:1,1.0:0)],chosen_prior[mean=0.0964,min=0.0085,max=0.5932,hist=(<0.001:0,0.001-0.005:0,0.005-0.01:8,0.01-0.03:81,0.03-0.1:114,0.1-0.3:124,0.3-1.0:4,1.0:0)]
SIM_KO_REACHED=0.55%(16/2920)
SIM_KO_DEPTH_MEAN=2.0000
SIM_KO_DEPTH_MIN=2
SIM_KO_DEPTH_MAX=2
TRUE_RESULT_TALLY=P0_WINS=1,P1_WINS=0,DRAWS=0
=== DIAG_DUMP_END ===
=== DIAG_DUMP_BEGIN ===
DIAG_GAMES=1
TRUNC_TOTAL_NODES=3721
TRUNC_FIRED=38
TRUNC_FIRE_RATE=1.02%
TRUNC_OPTCOUNT_HIST=1-8:2869|9-16:397|17-32:260|33-64:157|65-128:38|129-256:0|257+:0
TRUNC_FIRE_RATE_BY_TURN=1-2:0.00%(0/459)|3-5:0.00%(0/450)|6+:1.35%(38/2812)
TRUNC_DROPPED_BY_TYPE=ABILITY:42,ATTACH:210,RETREAT:24
TRUNC_DROPPED_CRITICAL=0
TRUNC_DROPPED_CRITICAL_STATUS=PASS
MULTISELECT_FIXED_LEN=min=0,max=2:nodes=23,shorter_legal=23,shorter_generated=0,shorter_missed=23|min=0,max=3:nodes=10,shorter_legal=10,shorter_generated=0,shorter_missed=10|min=0,max=5:nodes=3,shorter_legal=3,shorter_generated=0,shorter_missed=3|min=2,max=2:nodes=65,shorter_legal=0,shorter_generated=0,shorter_missed=0
MULTISELECT_SHORTER_MISSED=36
MULTISELECT_CTX_HIST=DISCARD:62,SETUP_BENCH_POKEMON:13,TO_HAND:26
GAME_LENGTH_HIST=1-15:0|16-25:0|26-40:1|41-60:0|61+:0
WIN_BY_CAUSE=DECK_OUT:W=1,L=1,D=0
TURN_NODE_DIST=1-2:12.34%(459/3721)|3-5:12.09%(450/3721)|6+:75.57%(2812/3721)
SEARCH_MAX_DEPTH=9
SEARCH_MEAN_DEPTH=2.3854
MEAN_DEPTH=2.3854
SIMS_CONTRIBUTED=3560
SIMS_CONFIGURED=3560
SIMS_CONTRIBUTED_PER_DECISION=20.0000
SIMS_CONFIGURED_PER_DECISION=20.0000
PRIZE_REWARD_REACHED=0.00%(0/178)
STALL_DRAW_PASS_TURNS=16
STALL_SHUFFLE_WITH_RESOURCES=4
MISSED_ATTACH=4
SHAPING_BREAKDOWN=BOARD_DECK_DIFF:-0.004286|DAMAGE_PRESSURE:0.001309|DISRUPTION:0.000064|ENERGY_DENIAL:0.001357|ITEM_LOCK_PENALTY:0.000000|KO_BONUS:0.000000|PARALYSIS:0.000000|PRIZE_DIFF:-0.005052|SLEEP:0.000000
ROOT_OPTION_STATS=ATTACK:available=34,chosen=5,not_chosen=29,zero_visit_rate=50.00%(17/34),mean_opt_visit=1.62,mean_opt_q=0.0274,mean_chosen_visit=5.90,mean_chosen_q=0.0104|ENERGY_ATTACH:available=32,chosen=19,not_chosen=13,zero_visit_rate=0.00%(0/32),mean_opt_visit=4.92,mean_opt_q=0.0580,mean_chosen_visit=4.62,mean_chosen_q=0.0767
ATTACH_PRIOR_DIST=special:n=38,attach_prior[mean=0.1755,min=0.0380,max=0.5932,hist=(<0.001:0,0.001-0.005:0,0.005-0.01:0,0.01-0.03:0,0.03-0.1:11,0.1-0.3:23,0.3-1.0:4,1.0:0)],chosen_prior[mean=0.2014,min=0.0548,max=0.4691,hist=(<0.001:0,0.001-0.005:0,0.005-0.01:0,0.01-0.03:0,0.03-0.1:10,0.1-0.3:21,0.3-1.0:7,1.0:0)]|plain:n=121,attach_prior[mean=0.1026,min=0.0062,max=0.5708,hist=(<0.001:0,0.001-0.005:0,0.005-0.01:8,0.01-0.03:24,0.03-0.1:39,0.1-0.3:46,0.3-1.0:4,1.0:0)],chosen_prior[mean=0.2025,min=0.0548,max=0.6060,hist=(<0.001:0,0.001-0.005:0,0.005-0.01:0,0.01-0.03:0,0.03-0.1:26,0.1-0.3:74,0.3-1.0:21,1.0:0)]
SIM_KO_REACHED=0.00%(0/3560)
SIM_KO_DEPTH_MEAN=0.0000
SIM_KO_DEPTH_MIN=0
SIM_KO_DEPTH_MAX=0
TRUE_RESULT_TALLY=P0_WINS=1,P1_WINS=0,DRAWS=0
=== DIAG_DUMP_END ===
=== DIAG_DUMP_BEGIN ===
DIAG_GAMES=1
TRUNC_TOTAL_NODES=3536
TRUNC_FIRED=58
TRUNC_FIRE_RATE=1.64%
TRUNC_OPTCOUNT_HIST=1-8:2618|9-16:543|17-32:283|33-64:34|65-128:58|129-256:0|257+:0
TRUNC_FIRE_RATE_BY_TURN=1-2:0.00%(0/288)|3-5:0.00%(0/292)|6+:1.96%(58/2956)
TRUNC_DROPPED_BY_TYPE=ABILITY:32,ATTACH:1226,PLAY:16,RETREAT:12
TRUNC_DROPPED_CRITICAL=0
TRUNC_DROPPED_CRITICAL_STATUS=PASS
MULTISELECT_FIXED_LEN=min=0,max=2:nodes=12,shorter_legal=12,shorter_generated=0,shorter_missed=12|min=0,max=3:nodes=14,shorter_legal=14,shorter_generated=0,shorter_missed=14|min=0,max=5:nodes=4,shorter_legal=4,shorter_generated=0,shorter_missed=4|min=2,max=2:nodes=91,shorter_legal=0,shorter_generated=0,shorter_missed=0
MULTISELECT_SHORTER_MISSED=30
MULTISELECT_CTX_HIST=DISCARD:91,DISCARD_ENERGY_CARD:5,SETUP_BENCH_POKEMON:4,TO_HAND:21
GAME_LENGTH_HIST=1-15:0|16-25:0|26-40:0|41-60:0|61+:1
WIN_BY_CAUSE=DECK_OUT:W=1,L=1,D=0
TURN_NODE_DIST=1-2:8.14%(288/3536)|3-5:8.26%(292/3536)|6+:83.60%(2956/3536)
SEARCH_MAX_DEPTH=7
SEARCH_MEAN_DEPTH=2.1447
MEAN_DEPTH=2.1447
SIMS_CONTRIBUTED=3380
SIMS_CONFIGURED=3380
SIMS_CONTRIBUTED_PER_DECISION=20.0000
SIMS_CONFIGURED_PER_DECISION=20.0000
PRIZE_REWARD_REACHED=0.00%(0/169)
STALL_DRAW_PASS_TURNS=51
STALL_SHUFFLE_WITH_RESOURCES=5
MISSED_ATTACH=33
SHAPING_BREAKDOWN=BOARD_DECK_DIFF:0.006321|DAMAGE_PRESSURE:0.001191|DISRUPTION:0.000059|ENERGY_DENIAL:0.000749|ITEM_LOCK_PENALTY:0.000000|KO_BONUS:0.000000|PARALYSIS:0.000000|PRIZE_DIFF:0.000650|SLEEP:0.000000
ROOT_OPTION_STATS=ATTACK:available=5,chosen=3,not_chosen=2,zero_visit_rate=20.00%(1/5),mean_opt_visit=1.50,mean_opt_q=-0.0819,mean_chosen_visit=9.00,mean_chosen_q=0.4747|ENERGY_ATTACH:available=67,chosen=19,not_chosen=48,zero_visit_rate=1.49%(1/67),mean_opt_visit=1.75,mean_opt_q=-0.2242,mean_chosen_visit=7.27,mean_chosen_q=0.1000
ATTACH_PRIOR_DIST=special:n=92,attach_prior[mean=0.0942,min=0.0295,max=0.2369,hist=(<0.001:0,0.001-0.005:0,0.005-0.01:0,0.01-0.03:1,0.03-0.1:61,0.1-0.3:30,0.3-1.0:0,1.0:0)],chosen_prior[mean=0.0814,min=0.0128,max=0.3706,hist=(<0.001:0,0.001-0.005:0,0.005-0.01:0,0.01-0.03:25,0.03-0.1:38,0.1-0.3:28,0.3-1.0:1,1.0:0)]|plain:n=501,attach_prior[mean=0.0658,min=0.0023,max=0.6785,hist=(<0.001:0,0.001-0.005:11,0.005-0.01:35,0.01-0.03:139,0.03-0.1:206,0.1-0.3:105,0.3-1.0:5,1.0:0)],chosen_prior[mean=0.0896,min=0.0098,max=0.6785,hist=(<0.001:0,0.001-0.005:0,0.005-0.01:6,0.01-0.03:133,0.03-0.1:201,0.1-0.3:137,0.3-1.0:24,1.0:0)]
SIM_KO_REACHED=0.00%(0/3380)
SIM_KO_DEPTH_MEAN=0.0000
SIM_KO_DEPTH_MIN=0
SIM_KO_DEPTH_MAX=0
TRUE_RESULT_TALLY=P0_WINS=1,P1_WINS=0,DRAWS=0
=== DIAG_DUMP_END ===
=== DIAG_DUMP_BEGIN ===
DIAG_GAMES=1
TRUNC_TOTAL_NODES=5033
TRUNC_FIRED=12
TRUNC_FIRE_RATE=0.24%
TRUNC_OPTCOUNT_HIST=1-8:4413|9-16:308|17-32:210|33-64:90|65-128:12|129-256:0|257+:0
TRUNC_FIRE_RATE_BY_TURN=1-2:0.00%(0/500)|3-5:0.00%(0/222)|6+:0.28%(12/4311)
TRUNC_DROPPED_BY_TYPE=ATTACH:63,PLAY:6
TRUNC_DROPPED_CRITICAL=0
TRUNC_DROPPED_CRITICAL_STATUS=PASS
MULTISELECT_FIXED_LEN=min=0,max=2:nodes=11,shorter_legal=11,shorter_generated=0,shorter_missed=11|min=0,max=3:nodes=16,shorter_legal=16,shorter_generated=0,shorter_missed=16|min=0,max=5:nodes=3,shorter_legal=3,shorter_generated=0,shorter_missed=3|min=2,max=2:nodes=87,shorter_legal=0,shorter_generated=0,shorter_missed=0
MULTISELECT_SHORTER_MISSED=30
MULTISELECT_CTX_HIST=DISCARD:87,SETUP_BENCH_POKEMON:3,TO_HAND:27
GAME_LENGTH_HIST=1-15:0|16-25:0|26-40:0|41-60:1|61+:0
WIN_BY_CAUSE=DECK_OUT:W=1,L=1,D=0
TURN_NODE_DIST=1-2:9.93%(500/5033)|3-5:4.41%(222/5033)|6+:85.65%(4311/5033)
SEARCH_MAX_DEPTH=8
SEARCH_MEAN_DEPTH=2.7221
MEAN_DEPTH=2.7221
SIMS_CONTRIBUTED=4800
SIMS_CONFIGURED=4800
SIMS_CONTRIBUTED_PER_DECISION=20.0000
SIMS_CONFIGURED_PER_DECISION=20.0000
PRIZE_REWARD_REACHED=0.83%(2/240)
STALL_DRAW_PASS_TURNS=23
STALL_SHUFFLE_WITH_RESOURCES=5
MISSED_ATTACH=6
SHAPING_BREAKDOWN=BOARD_DECK_DIFF:0.019668|DAMAGE_PRESSURE:0.001437|DISRUPTION:0.000066|ENERGY_DENIAL:0.000646|ITEM_LOCK_PENALTY:0.000000|KO_BONUS:0.000159|PARALYSIS:0.000000|PRIZE_DIFF:0.002975|SLEEP:0.000000
ROOT_OPTION_STATS=ATTACK:available=33,chosen=5,not_chosen=28,zero_visit_rate=42.42%(14/33),mean_opt_visit=0.86,mean_opt_q=-0.2235,mean_chosen_visit=8.57,mean_chosen_q=0.1004|ENERGY_ATTACH:available=35,chosen=23,not_chosen=12,zero_visit_rate=0.00%(0/35),mean_opt_visit=4.83,mean_opt_q=0.0160,mean_chosen_visit=5.58,mean_chosen_q=0.1476
ATTACH_PRIOR_DIST=special:n=24,attach_prior[mean=0.2150,min=0.0523,max=0.4641,hist=(<0.001:0,0.001-0.005:0,0.005-0.01:0,0.01-0.03:0,0.03-0.1:6,0.1-0.3:12,0.3-1.0:6,1.0:0)],chosen_prior[mean=0.1435,min=0.0195,max=0.4641,hist=(<0.001:0,0.001-0.005:0,0.005-0.01:0,0.01-0.03:9,0.03-0.1:5,0.1-0.3:5,0.3-1.0:5,1.0:0)]|plain:n=135,attach_prior[mean=0.1388,min=0.0064,max=0.4870,hist=(<0.001:0,0.001-0.005:0,0.005-0.01:7,0.01-0.03:10,0.03-0.1:43,0.1-0.3:61,0.3-1.0:14,1.0:0)],chosen_prior[mean=0.1819,min=0.0195,max=0.5157,hist=(<0.001:0,0.001-0.005:0,0.005-0.01:0,0.01-0.03:22,0.03-0.1:19,0.1-0.3:63,0.3-1.0:31,1.0:0)]
SIM_KO_REACHED=0.08%(4/4800)
SIM_KO_DEPTH_MEAN=5.0000
SIM_KO_DEPTH_MIN=5
SIM_KO_DEPTH_MAX=5
TRUE_RESULT_TALLY=P0_WINS=0,P1_WINS=1,DRAWS=0
=== DIAG_DUMP_END ===
=== DIAG_DUMP_BEGIN ===
DIAG_GAMES=1
TRUNC_TOTAL_NODES=3026
TRUNC_FIRED=47
TRUNC_FIRE_RATE=1.55%
TRUNC_OPTCOUNT_HIST=1-8:2340|9-16:347|17-32:224|33-64:68|65-128:47|129-256:0|257+:0
TRUNC_FIRE_RATE_BY_TURN=1-2:0.00%(0/291)|3-5:0.00%(0/485)|6+:2.09%(47/2250)
TRUNC_DROPPED_BY_TYPE=ATTACH:789
TRUNC_DROPPED_CRITICAL=0
TRUNC_DROPPED_CRITICAL_STATUS=PASS
MULTISELECT_FIXED_LEN=min=0,max=2:nodes=9,shorter_legal=9,shorter_generated=0,shorter_missed=9|min=0,max=3:nodes=15,shorter_legal=15,shorter_generated=0,shorter_missed=15|min=0,max=5:nodes=5,shorter_legal=5,shorter_generated=0,shorter_missed=5|min=2,max=2:nodes=84,shorter_legal=0,shorter_generated=0,shorter_missed=0
MULTISELECT_SHORTER_MISSED=29
MULTISELECT_CTX_HIST=DISCARD:84,SETUP_BENCH_POKEMON:5,TO_HAND:24
GAME_LENGTH_HIST=1-15:0|16-25:0|26-40:0|41-60:1|61+:0
WIN_BY_CAUSE=DECK_OUT:W=1,L=1,D=0
TURN_NODE_DIST=1-2:9.62%(291/3026)|3-5:16.03%(485/3026)|6+:74.36%(2250/3026)
SEARCH_MAX_DEPTH=8
SEARCH_MEAN_DEPTH=2.1703
MEAN_DEPTH=2.1703
SIMS_CONTRIBUTED=2900
SIMS_CONFIGURED=2900
SIMS_CONTRIBUTED_PER_DECISION=20.0000
SIMS_CONFIGURED_PER_DECISION=20.0000
PRIZE_REWARD_REACHED=0.00%(0/145)
STALL_DRAW_PASS_TURNS=31
STALL_SHUFFLE_WITH_RESOURCES=7
MISSED_ATTACH=18
SHAPING_BREAKDOWN=BOARD_DECK_DIFF:0.005410|DAMAGE_PRESSURE:0.000542|DISRUPTION:0.000079|ENERGY_DENIAL:0.000099|ITEM_LOCK_PENALTY:0.000000|KO_BONUS:0.000000|PARALYSIS:0.000000|PRIZE_DIFF:-0.000050|SLEEP:0.000000
ROOT_OPTION_STATS=ATTACK:available=8,chosen=0,not_chosen=8,zero_visit_rate=25.00%(2/8),mean_opt_visit=1.00,mean_opt_q=0.0114,mean_chosen_visit=7.75,mean_chosen_q=0.2927|ENERGY_ATTACH:available=54,chosen=20,not_chosen=34,zero_visit_rate=1.85%(1/54),mean_opt_visit=2.97,mean_opt_q=-0.1733,mean_chosen_visit=5.71,mean_chosen_q=0.0082
ATTACH_PRIOR_DIST=special:n=91,attach_prior[mean=0.1176,min=0.0243,max=0.3815,hist=(<0.001:0,0.001-0.005:0,0.005-0.01:0,0.01-0.03:5,0.03-0.1:41,0.1-0.3:39,0.3-1.0:6,1.0:0)],chosen_prior[mean=0.0924,min=0.0073,max=0.5111,hist=(<0.001:0,0.001-0.005:0,0.005-0.01:4,0.01-0.03:30,0.03-0.1:33,0.1-0.3:16,0.3-1.0:8,1.0:0)]|plain:n=339,attach_prior[mean=0.0662,min=0.0031,max=0.4846,hist=(<0.001:0,0.001-0.005:19,0.005-0.01:36,0.01-0.03:70,0.03-0.1:142,0.1-0.3:66,0.3-1.0:6,1.0:0)],chosen_prior[mean=0.1140,min=0.0073,max=0.5412,hist=(<0.001:0,0.001-0.005:0,0.005-0.01:6,0.01-0.03:112,0.03-0.1:100,0.1-0.3:89,0.3-1.0:32,1.0:0)]
SIM_KO_REACHED=0.00%(0/2900)
SIM_KO_DEPTH_MEAN=0.0000
SIM_KO_DEPTH_MIN=0
SIM_KO_DEPTH_MAX=0
TRUE_RESULT_TALLY=P0_WINS=1,P1_WINS=0,DRAWS=0
=== DIAG_DUMP_END ===
=== DIAG_DUMP_BEGIN ===
DIAG_GAMES=1
TRUNC_TOTAL_NODES=3206
TRUNC_FIRED=25
TRUNC_FIRE_RATE=0.78%
TRUNC_OPTCOUNT_HIST=1-8:2540|9-16:434|17-32:152|33-64:55|65-128:25|129-256:0|257+:0
TRUNC_FIRE_RATE_BY_TURN=1-2:0.00%(0/402)|3-5:0.00%(0/218)|6+:0.97%(25/2586)
TRUNC_DROPPED_BY_TYPE=ATTACH:326,RETREAT:5
TRUNC_DROPPED_CRITICAL=0
TRUNC_DROPPED_CRITICAL_STATUS=PASS
MULTISELECT_FIXED_LEN=min=0,max=2:nodes=12,shorter_legal=12,shorter_generated=0,shorter_missed=12|min=0,max=3:nodes=21,shorter_legal=21,shorter_generated=0,shorter_missed=21|min=0,max=5:nodes=3,shorter_legal=3,shorter_generated=0,shorter_missed=3|min=2,max=2:nodes=88,shorter_legal=0,shorter_generated=0,shorter_missed=0
MULTISELECT_SHORTER_MISSED=36
MULTISELECT_CTX_HIST=DISCARD:88,SETUP_BENCH_POKEMON:3,TO_HAND:33
GAME_LENGTH_HIST=1-15:0|16-25:0|26-40:0|41-60:1|61+:0
WIN_BY_CAUSE=DECK_OUT:W=1,L=1,D=0
TURN_NODE_DIST=1-2:12.54%(402/3206)|3-5:6.80%(218/3206)|6+:80.66%(2586/3206)
SEARCH_MAX_DEPTH=7
SEARCH_MEAN_DEPTH=2.2588
MEAN_DEPTH=2.2588
SIMS_CONTRIBUTED=3060
SIMS_CONFIGURED=3060
SIMS_CONTRIBUTED_PER_DECISION=20.0000
SIMS_CONFIGURED_PER_DECISION=20.0000
PRIZE_REWARD_REACHED=0.00%(0/153)
STALL_DRAW_PASS_TURNS=19
STALL_SHUFFLE_WITH_RESOURCES=5
MISSED_ATTACH=12
SHAPING_BREAKDOWN=BOARD_DECK_DIFF:0.006023|DAMAGE_PRESSURE:0.000733|DISRUPTION:0.000075|ENERGY_DENIAL:0.000000|ITEM_LOCK_PENALTY:0.000000|KO_BONUS:0.000000|PARALYSIS:0.000000|PRIZE_DIFF:-0.000047|SLEEP:0.000000
ROOT_OPTION_STATS=ATTACK:available=21,chosen=4,not_chosen=17,zero_visit_rate=19.05%(4/21),mean_opt_visit=2.82,mean_opt_q=-0.0107,mean_chosen_visit=5.35,mean_chosen_q=-0.0057|ENERGY_ATTACH:available=42,chosen=20,not_chosen=22,zero_visit_rate=0.00%(0/42),mean_opt_visit=2.00,mean_opt_q=-0.3422,mean_chosen_visit=4.82,mean_chosen_q=-0.1000
ATTACH_PRIOR_DIST=special:n=18,attach_prior[mean=0.2010,min=0.0531,max=0.4448,hist=(<0.001:0,0.001-0.005:0,0.005-0.01:0,0.01-0.03:0,0.03-0.1:5,0.1-0.3:10,0.3-1.0:3,1.0:0)],chosen_prior[mean=0.2022,min=0.0021,max=0.4448,hist=(<0.001:0,0.001-0.005:2,0.005-0.01:0,0.01-0.03:1,0.03-0.1:3,0.1-0.3:9,0.3-1.0:3,1.0:0)]|plain:n=278,attach_prior[mean=0.0835,min=0.0039,max=0.4382,hist=(<0.001:0,0.001-0.005:5,0.005-0.01:34,0.01-0.03:28,0.03-0.1:122,0.1-0.3:85,0.3-1.0:4,1.0:0)],chosen_prior[mean=0.1101,min=0.0021,max=0.5354,hist=(<0.001:0,0.001-0.005:10,0.005-0.01:11,0.01-0.03:53,0.03-0.1:121,0.1-0.3:57,0.3-1.0:26,1.0:0)]
SIM_KO_REACHED=0.00%(0/3060)
SIM_KO_DEPTH_MEAN=0.0000
SIM_KO_DEPTH_MIN=0
SIM_KO_DEPTH_MAX=0
TRUE_RESULT_TALLY=P0_WINS=1,P1_WINS=0,DRAWS=0
=== DIAG_DUMP_END ===
=== DIAG_DUMP_BEGIN ===
DIAG_GAMES=1
TRUNC_TOTAL_NODES=3825
TRUNC_FIRED=66
TRUNC_FIRE_RATE=1.73%
TRUNC_OPTCOUNT_HIST=1-8:2734|9-16:570|17-32:400|33-64:55|65-128:50|129-256:16|257+:0
TRUNC_FIRE_RATE_BY_TURN=1-2:0.00%(0/263)|3-5:0.00%(0/387)|6+:2.08%(66/3175)
TRUNC_DROPPED_BY_TYPE=ABILITY:100,ATTACH:2267,PLAY:32,RETREAT:50
TRUNC_DROPPED_CRITICAL=0
TRUNC_DROPPED_CRITICAL_STATUS=PASS
MULTISELECT_FIXED_LEN=min=0,max=2:nodes=13,shorter_legal=13,shorter_generated=0,shorter_missed=13|min=0,max=3:nodes=23,shorter_legal=23,shorter_generated=0,shorter_missed=23|min=0,max=5:nodes=3,shorter_legal=3,shorter_generated=0,shorter_missed=3|min=2,max=2:nodes=123,shorter_legal=0,shorter_generated=0,shorter_missed=0
MULTISELECT_SHORTER_MISSED=39
MULTISELECT_CTX_HIST=DISCARD:120,SETUP_BENCH_POKEMON:3,TO_HAND:39
GAME_LENGTH_HIST=1-15:0|16-25:0|26-40:0|41-60:0|61+:1
WIN_BY_CAUSE=DECK_OUT:W=1,L=1,D=0
TURN_NODE_DIST=1-2:6.88%(263/3825)|3-5:10.12%(387/3825)|6+:83.01%(3175/3825)
SEARCH_MAX_DEPTH=8
SEARCH_MEAN_DEPTH=2.2410
MEAN_DEPTH=2.2410
SIMS_CONTRIBUTED=3660
SIMS_CONFIGURED=3660
SIMS_CONTRIBUTED_PER_DECISION=20.0000
SIMS_CONFIGURED_PER_DECISION=20.0000
PRIZE_REWARD_REACHED=0.55%(1/183)
STALL_DRAW_PASS_TURNS=34
STALL_SHUFFLE_WITH_RESOURCES=5
MISSED_ATTACH=25
SHAPING_BREAKDOWN=BOARD_DECK_DIFF:0.006975|DAMAGE_PRESSURE:0.000800|DISRUPTION:0.000063|ENERGY_DENIAL:0.000000|ITEM_LOCK_PENALTY:0.000000|KO_BONUS:0.000418|PARALYSIS:0.000000|PRIZE_DIFF:0.000176|SLEEP:0.000000
ROOT_OPTION_STATS=ATTACK:available=31,chosen=8,not_chosen=23,zero_visit_rate=41.94%(13/31),mean_opt_visit=0.48,mean_opt_q=-0.1903,mean_chosen_visit=4.61,mean_chosen_q=-0.0200|ENERGY_ATTACH:available=62,chosen=20,not_chosen=42,zero_visit_rate=0.00%(0/62),mean_opt_visit=2.24,mean_opt_q=-0.1639,mean_chosen_visit=5.17,mean_chosen_q=0.0310
ATTACH_PRIOR_DIST=special:n=125,attach_prior[mean=0.1017,min=0.0288,max=0.6961,hist=(<0.001:0,0.001-0.005:0,0.005-0.01:0,0.01-0.03:2,0.03-0.1:92,0.1-0.3:26,0.3-1.0:5,1.0:0)],chosen_prior[mean=0.0685,min=0.0123,max=0.6961,hist=(<0.001:0,0.001-0.005:0,0.005-0.01:0,0.01-0.03:57,0.03-0.1:48,0.1-0.3:17,0.3-1.0:3,1.0:0)]|plain:n=441,attach_prior[mean=0.0588,min=0.0023,max=0.4035,hist=(<0.001:0,0.001-0.005:24,0.005-0.01:41,0.01-0.03:122,0.03-0.1:182,0.1-0.3:67,0.3-1.0:5,1.0:0)],chosen_prior[mean=0.0817,min=0.0123,max=0.6961,hist=(<0.001:0,0.001-0.005:0,0.005-0.01:0,0.01-0.03:178,0.03-0.1:155,0.1-0.3:93,0.3-1.0:15,1.0:0)]
SIM_KO_REACHED=0.44%(16/3660)
SIM_KO_DEPTH_MEAN=2.0000
SIM_KO_DEPTH_MIN=2
SIM_KO_DEPTH_MAX=2
TRUE_RESULT_TALLY=P0_WINS=0,P1_WINS=1,DRAWS=0
=== DIAG_DUMP_END ===
=== DIAG_DUMP_BEGIN ===
DIAG_GAMES=1
TRUNC_TOTAL_NODES=2809
TRUNC_FIRED=43
TRUNC_FIRE_RATE=1.53%
TRUNC_OPTCOUNT_HIST=1-8:2213|9-16:370|17-32:144|33-64:39|65-128:43|129-256:0|257+:0
TRUNC_FIRE_RATE_BY_TURN=1-2:0.00%(0/402)|3-5:0.00%(0/233)|6+:1.98%(43/2174)
TRUNC_DROPPED_BY_TYPE=ATTACH:621,RETREAT:17
TRUNC_DROPPED_CRITICAL=0
TRUNC_DROPPED_CRITICAL_STATUS=PASS
MULTISELECT_FIXED_LEN=min=0,max=2:nodes=10,shorter_legal=10,shorter_generated=0,shorter_missed=10|min=0,max=3:nodes=32,shorter_legal=32,shorter_generated=0,shorter_missed=32|min=0,max=5:nodes=4,shorter_legal=4,shorter_generated=0,shorter_missed=4|min=2,max=2:nodes=127,shorter_legal=0,shorter_generated=0,shorter_missed=0
MULTISELECT_SHORTER_MISSED=46
MULTISELECT_CTX_HIST=DISCARD:127,SETUP_BENCH_POKEMON:7,TO_HAND:39
GAME_LENGTH_HIST=1-15:0|16-25:0|26-40:0|41-60:1|61+:0
WIN_BY_CAUSE=DECK_OUT:W=1,L=1,D=0
TURN_NODE_DIST=1-2:14.31%(402/2809)|3-5:8.29%(233/2809)|6+:77.39%(2174/2809)
SEARCH_MAX_DEPTH=7
SEARCH_MEAN_DEPTH=1.9795
MEAN_DEPTH=1.9795
SIMS_CONTRIBUTED=2680
SIMS_CONFIGURED=2680
SIMS_CONTRIBUTED_PER_DECISION=20.0000
SIMS_CONFIGURED_PER_DECISION=20.0000
PRIZE_REWARD_REACHED=0.00%(0/134)
STALL_DRAW_PASS_TURNS=33
STALL_SHUFFLE_WITH_RESOURCES=2
MISSED_ATTACH=27
SHAPING_BREAKDOWN=BOARD_DECK_DIFF:0.017145|DAMAGE_PRESSURE:0.000196|DISRUPTION:0.000192|ENERGY_DENIAL:0.000071|ITEM_LOCK_PENALTY:0.000000|KO_BONUS:0.000000|PARALYSIS:0.000000|PRIZE_DIFF:-0.000160|SLEEP:0.000000
ROOT_OPTION_STATS=ENERGY_ATTACH:available=54,chosen=12,not_chosen=42,zero_visit_rate=0.00%(0/54),mean_opt_visit=2.31,mean_opt_q=-0.1509,mean_chosen_visit=6.17,mean_chosen_q=0.0829
ATTACH_PRIOR_DIST=special:n=148,attach_prior[mean=0.0890,min=0.0111,max=0.3483,hist=(<0.001:0,0.001-0.005:0,0.005-0.01:0,0.01-0.03:12,0.03-0.1:89,0.1-0.3:46,0.3-1.0:1,1.0:0)],chosen_prior[mean=0.0583,min=0.0105,max=0.3483,hist=(<0.001:0,0.001-0.005:0,0.005-0.01:0,0.01-0.03:71,0.03-0.1:47,0.1-0.3:29,0.3-1.0:1,1.0:0)]|plain:n=527,attach_prior[mean=0.0447,min=0.0018,max=0.4154,hist=(<0.001:0,0.001-0.005:42,0.005-0.01:84,0.01-0.03:151,0.03-0.1:196,0.1-0.3:52,0.3-1.0:2,1.0:0)],chosen_prior[mean=0.0645,min=0.0105,max=0.3909,hist=(<0.001:0,0.001-0.005:0,0.005-0.01:0,0.01-0.03:241,0.03-0.1:168,0.1-0.3:104,0.3-1.0:14,1.0:0)]
SIM_KO_REACHED=0.00%(0/2680)
SIM_KO_DEPTH_MEAN=0.0000
SIM_KO_DEPTH_MIN=0
SIM_KO_DEPTH_MAX=0
TRUE_RESULT_TALLY=P0_WINS=0,P1_WINS=1,DRAWS=0
=== DIAG_DUMP_END ===
=== DIAG_DUMP_BEGIN ===
DIAG_GAMES=1
TRUNC_TOTAL_NODES=3272
TRUNC_FIRED=26
TRUNC_FIRE_RATE=0.79%
TRUNC_OPTCOUNT_HIST=1-8:2573|9-16:353|17-32:238|33-64:82|65-128:26|129-256:0|257+:0
TRUNC_FIRE_RATE_BY_TURN=1-2:0.00%(0/314)|3-5:0.00%(0/710)|6+:1.16%(26/2248)
TRUNC_DROPPED_BY_TYPE=ATTACH:510
TRUNC_DROPPED_CRITICAL=0
TRUNC_DROPPED_CRITICAL_STATUS=PASS
MULTISELECT_FIXED_LEN=min=0,max=2:nodes=30,shorter_legal=30,shorter_generated=0,shorter_missed=30|min=0,max=3:nodes=9,shorter_legal=9,shorter_generated=0,shorter_missed=9|min=0,max=5:nodes=6,shorter_legal=6,shorter_generated=0,shorter_missed=6|min=2,max=2:nodes=43,shorter_legal=0,shorter_generated=0,shorter_missed=0
MULTISELECT_SHORTER_MISSED=45
MULTISELECT_CTX_HIST=DISCARD:43,SETUP_BENCH_POKEMON:18,TO_HAND:27
GAME_LENGTH_HIST=1-15:0|16-25:0|26-40:0|41-60:1|61+:0
WIN_BY_CAUSE=DECK_OUT:W=1,L=1,D=0
TURN_NODE_DIST=1-2:9.60%(314/3272)|3-5:21.70%(710/3272)|6+:68.70%(2248/3272)
SEARCH_MAX_DEPTH=9
SEARCH_MEAN_DEPTH=2.3250
MEAN_DEPTH=2.3250
SIMS_CONTRIBUTED=3120
SIMS_CONFIGURED=3120
SIMS_CONTRIBUTED_PER_DECISION=20.0000
SIMS_CONFIGURED_PER_DECISION=20.0000
PRIZE_REWARD_REACHED=0.00%(0/156)
STALL_DRAW_PASS_TURNS=27
STALL_SHUFFLE_WITH_RESOURCES=5
MISSED_ATTACH=22
SHAPING_BREAKDOWN=BOARD_DECK_DIFF:0.005351|DAMAGE_PRESSURE:0.000003|DISRUPTION:0.000083|ENERGY_DENIAL:0.000122|ITEM_LOCK_PENALTY:0.000000|KO_BONUS:0.000000|PARALYSIS:0.000000|PRIZE_DIFF:-0.000046|SLEEP:0.000000
ROOT_OPTION_STATS=ATTACK:available=2,chosen=0,not_chosen=2,zero_visit_rate=100.00%(2/2),mean_opt_visit=0.00,mean_opt_q=nan,mean_chosen_visit=9.00,mean_chosen_q=0.1821|ENERGY_ATTACH:available=52,chosen=16,not_chosen=36,zero_visit_rate=0.00%(0/52),mean_opt_visit=3.36,mean_opt_q=-0.1253,mean_chosen_visit=5.92,mean_chosen_q=0.0747
ATTACH_PRIOR_DIST=special:n=110,attach_prior[mean=0.1175,min=0.0197,max=0.5063,hist=(<0.001:0,0.001-0.005:0,0.005-0.01:0,0.01-0.03:5,0.03-0.1:59,0.1-0.3:40,0.3-1.0:6,1.0:0)],chosen_prior[mean=0.0853,min=0.0109,max=0.5063,hist=(<0.001:0,0.001-0.005:0,0.005-0.01:0,0.01-0.03:62,0.03-0.1:19,0.1-0.3:20,0.3-1.0:9,1.0:0)]|plain:n=304,attach_prior[mean=0.0787,min=0.0027,max=0.3931,hist=(<0.001:0,0.001-0.005:11,0.005-0.01:32,0.01-0.03:58,0.03-0.1:119,0.1-0.3:79,0.3-1.0:5,1.0:0)],chosen_prior[mean=0.0917,min=0.0109,max=0.5063,hist=(<0.001:0,0.001-0.005:0,0.005-0.01:0,0.01-0.03:128,0.03-0.1:88,0.1-0.3:72,0.3-1.0:16,1.0:0)]
SIM_KO_REACHED=0.00%(0/3120)
SIM_KO_DEPTH_MEAN=0.0000
SIM_KO_DEPTH_MIN=0
SIM_KO_DEPTH_MAX=0
TRUE_RESULT_TALLY=P0_WINS=1,P1_WINS=0,DRAWS=0
=== DIAG_DUMP_END ===
=== DIAG_DUMP_BEGIN ===
DIAG_GAMES=1
TRUNC_TOTAL_NODES=3123
TRUNC_FIRED=31
TRUNC_FIRE_RATE=0.99%
TRUNC_OPTCOUNT_HIST=1-8:2502|9-16:411|17-32:108|33-64:71|65-128:31|129-256:0|257+:0
TRUNC_FIRE_RATE_BY_TURN=1-2:0.00%(0/386)|3-5:0.00%(0/248)|6+:1.25%(31/2489)
TRUNC_DROPPED_BY_TYPE=ABILITY:60,ATTACH:244,PLAY:46,RETREAT:23
TRUNC_DROPPED_CRITICAL=0
TRUNC_DROPPED_CRITICAL_STATUS=PASS
MULTISELECT_FIXED_LEN=min=0,max=2:nodes=14,shorter_legal=14,shorter_generated=0,shorter_missed=14|min=0,max=3:nodes=29,shorter_legal=29,shorter_generated=0,shorter_missed=29|min=0,max=4:nodes=2,shorter_legal=2,shorter_generated=0,shorter_missed=2|min=0,max=5:nodes=3,shorter_legal=3,shorter_generated=0,shorter_missed=3|min=2,max=2:nodes=95,shorter_legal=0,shorter_generated=0,shorter_missed=0
MULTISELECT_SHORTER_MISSED=48
MULTISELECT_CTX_HIST=DISCARD:95,DISCARD_ENERGY_CARD:6,SETUP_BENCH_POKEMON:10,TO_HAND:32
GAME_LENGTH_HIST=1-15:0|16-25:0|26-40:1|41-60:0|61+:0
WIN_BY_CAUSE=DECK_OUT:W=1,L=1,D=0
TURN_NODE_DIST=1-2:12.36%(386/3123)|3-5:7.94%(248/3123)|6+:79.70%(2489/3123)
SEARCH_MAX_DEPTH=8
SEARCH_MEAN_DEPTH=2.3365
MEAN_DEPTH=2.3365
SIMS_CONTRIBUTED=3040
SIMS_CONFIGURED=3040
SIMS_CONTRIBUTED_PER_DECISION=20.0000
SIMS_CONFIGURED_PER_DECISION=20.0000
PRIZE_REWARD_REACHED=0.00%(0/152)
STALL_DRAW_PASS_TURNS=13
STALL_SHUFFLE_WITH_RESOURCES=4
MISSED_ATTACH=2
SHAPING_BREAKDOWN=BOARD_DECK_DIFF:0.009657|DAMAGE_PRESSURE:0.002494|DISRUPTION:0.000058|ENERGY_DENIAL:0.001169|ITEM_LOCK_PENALTY:0.000000|KO_BONUS:0.000000|PARALYSIS:0.000000|PRIZE_DIFF:-0.000072|SLEEP:0.000000
ROOT_OPTION_STATS=ATTACK:available=18,chosen=3,not_chosen=15,zero_visit_rate=77.78%(14/18),mean_opt_visit=0.33,mean_opt_q=0.2192,mean_chosen_visit=7.53,mean_chosen_q=0.1665|ENERGY_ATTACH:available=34,chosen=22,not_chosen=12,zero_visit_rate=0.00%(0/34),mean_opt_visit=2.92,mean_opt_q=-0.0232,mean_chosen_visit=6.67,mean_chosen_q=0.0087
ATTACH_PRIOR_DIST=special:n=23,attach_prior[mean=0.1527,min=0.0586,max=0.3311,hist=(<0.001:0,0.001-0.005:0,0.005-0.01:0,0.01-0.03:0,0.03-0.1:9,0.1-0.3:12,0.3-1.0:2,1.0:0)],chosen_prior[mean=0.2033,min=0.0178,max=0.3311,hist=(<0.001:0,0.001-0.005:0,0.005-0.01:0,0.01-0.03:2,0.03-0.1:5,0.1-0.3:8,0.3-1.0:8,1.0:0)]|plain:n=202,attach_prior[mean=0.0809,min=0.0019,max=0.3279,hist=(<0.001:0,0.001-0.005:7,0.005-0.01:14,0.01-0.03:43,0.03-0.1:69,0.1-0.3:68,0.3-1.0:1,1.0:0)],chosen_prior[mean=0.1682,min=0.0106,max=0.5601,hist=(<0.001:0,0.001-0.005:0,0.005-0.01:0,0.01-0.03:20,0.03-0.1:59,0.1-0.3:97,0.3-1.0:26,1.0:0)]
SIM_KO_REACHED=0.00%(0/3040)
SIM_KO_DEPTH_MEAN=0.0000
SIM_KO_DEPTH_MIN=0
SIM_KO_DEPTH_MAX=0
TRUE_RESULT_TALLY=P0_WINS=0,P1_WINS=1,DRAWS=0
=== DIAG_DUMP_END ===
=== DIAG_DUMP_BEGIN ===
DIAG_GAMES=1
TRUNC_TOTAL_NODES=3600
TRUNC_FIRED=18
TRUNC_FIRE_RATE=0.50%
TRUNC_OPTCOUNT_HIST=1-8:2824|9-16:412|17-32:129|33-64:217|65-128:18|129-256:0|257+:0
TRUNC_FIRE_RATE_BY_TURN=1-2:0.00%(0/447)|3-5:0.00%(0/309)|6+:0.63%(18/2844)
TRUNC_DROPPED_BY_TYPE=ATTACH:228,PLAY:4
TRUNC_DROPPED_CRITICAL=0
TRUNC_DROPPED_CRITICAL_STATUS=PASS
MULTISELECT_FIXED_LEN=min=0,max=2:nodes=9,shorter_legal=9,shorter_generated=0,shorter_missed=9|min=0,max=3:nodes=20,shorter_legal=20,shorter_generated=0,shorter_missed=20|min=0,max=5:nodes=8,shorter_legal=8,shorter_generated=0,shorter_missed=8|min=2,max=2:nodes=112,shorter_legal=0,shorter_generated=0,shorter_missed=0
MULTISELECT_SHORTER_MISSED=37
MULTISELECT_CTX_HIST=DISCARD:112,SETUP_BENCH_POKEMON:11,TO_HAND:26
GAME_LENGTH_HIST=1-15:0|16-25:0|26-40:0|41-60:0|61+:1
WIN_BY_CAUSE=DECK_OUT:W=1,L=1,D=0
TURN_NODE_DIST=1-2:12.42%(447/3600)|3-5:8.58%(309/3600)|6+:79.00%(2844/3600)
SEARCH_MAX_DEPTH=8
SEARCH_MEAN_DEPTH=2.5122
MEAN_DEPTH=2.5122
SIMS_CONTRIBUTED=3440
SIMS_CONFIGURED=3440
SIMS_CONTRIBUTED_PER_DECISION=20.0000
SIMS_CONFIGURED_PER_DECISION=20.0000
PRIZE_REWARD_REACHED=0.00%(0/172)
STALL_DRAW_PASS_TURNS=38
STALL_SHUFFLE_WITH_RESOURCES=3
MISSED_ATTACH=11
SHAPING_BREAKDOWN=BOARD_DECK_DIFF:0.007728|DAMAGE_PRESSURE:0.000494|DISRUPTION:0.000075|ENERGY_DENIAL:0.000250|ITEM_LOCK_PENALTY:0.000000|KO_BONUS:0.000000|PARALYSIS:0.000000|PRIZE_DIFF:-0.000042|SLEEP:0.000000
ROOT_OPTION_STATS=ATTACK:available=2,chosen=0,not_chosen=2,zero_visit_rate=50.00%(1/2),mean_opt_visit=0.50,mean_opt_q=0.0076,mean_chosen_visit=8.00,mean_chosen_q=0.2415|ENERGY_ATTACH:available=35,chosen=13,not_chosen=22,zero_visit_rate=5.71%(2/35),mean_opt_visit=2.41,mean_opt_q=-0.0688,mean_chosen_visit=8.27,mean_chosen_q=0.1234
ATTACH_PRIOR_DIST=special:n=29,attach_prior[mean=0.1035,min=0.0325,max=0.2316,hist=(<0.001:0,0.001-0.005:0,0.005-0.01:0,0.01-0.03:0,0.03-0.1:15,0.1-0.3:14,0.3-1.0:0,1.0:0)],chosen_prior[mean=0.1058,min=0.0174,max=0.3013,hist=(<0.001:0,0.001-0.005:0,0.005-0.01:0,0.01-0.03:6,0.03-0.1:12,0.1-0.3:9,0.3-1.0:2,1.0:0)]|plain:n=163,attach_prior[mean=0.0914,min=0.0028,max=0.3765,hist=(<0.001:0,0.001-0.005:3,0.005-0.01:9,0.01-0.03:41,0.03-0.1:49,0.1-0.3:58,0.3-1.0:3,1.0:0)],chosen_prior[mean=0.1628,min=0.0174,max=0.4637,hist=(<0.001:0,0.001-0.005:0,0.005-0.01:0,0.01-0.03:20,0.03-0.1:49,0.1-0.3:65,0.3-1.0:29,1.0:0)]
SIM_KO_REACHED=0.00%(0/3440)
SIM_KO_DEPTH_MEAN=0.0000
SIM_KO_DEPTH_MIN=0
SIM_KO_DEPTH_MAX=0
TRUE_RESULT_TALLY=P0_WINS=0,P1_WINS=1,DRAWS=0
=== DIAG_DUMP_END ===
=== DIAG_DUMP_BEGIN ===
DIAG_GAMES=1
TRUNC_TOTAL_NODES=3391
TRUNC_FIRED=43
TRUNC_FIRE_RATE=1.27%
TRUNC_OPTCOUNT_HIST=1-8:2640|9-16:404|17-32:180|33-64:124|65-128:43|129-256:0|257+:0
TRUNC_FIRE_RATE_BY_TURN=1-2:0.00%(0/194)|3-5:0.00%(0/297)|6+:1.48%(43/2900)
TRUNC_DROPPED_BY_TYPE=ATTACH:1305
TRUNC_DROPPED_CRITICAL=0
TRUNC_DROPPED_CRITICAL_STATUS=PASS
MULTISELECT_FIXED_LEN=min=0,max=2:nodes=15,shorter_legal=15,shorter_generated=0,shorter_missed=15|min=0,max=3:nodes=3,shorter_legal=3,shorter_generated=0,shorter_missed=3|min=0,max=5:nodes=4,shorter_legal=4,shorter_generated=0,shorter_missed=4|min=2,max=2:nodes=93,shorter_legal=0,shorter_generated=0,shorter_missed=0
MULTISELECT_SHORTER_MISSED=22
MULTISELECT_CTX_HIST=DISCARD:91,SETUP_BENCH_POKEMON:13,TO_HAND:11
GAME_LENGTH_HIST=1-15:0|16-25:0|26-40:0|41-60:1|61+:0
WIN_BY_CAUSE=DECK_OUT:W=1,L=1,D=0
TURN_NODE_DIST=1-2:5.72%(194/3391)|3-5:8.76%(297/3391)|6+:85.52%(2900/3391)
SEARCH_MAX_DEPTH=7
SEARCH_MEAN_DEPTH=2.3735
MEAN_DEPTH=2.3735
SIMS_CONTRIBUTED=3240
SIMS_CONFIGURED=3240
SIMS_CONTRIBUTED_PER_DECISION=20.0000
SIMS_CONFIGURED_PER_DECISION=20.0000
PRIZE_REWARD_REACHED=0.00%(0/162)
STALL_DRAW_PASS_TURNS=24
STALL_SHUFFLE_WITH_RESOURCES=3
MISSED_ATTACH=18
SHAPING_BREAKDOWN=BOARD_DECK_DIFF:0.010242|DAMAGE_PRESSURE:0.000398|DISRUPTION:0.000080|ENERGY_DENIAL:0.000059|ITEM_LOCK_PENALTY:0.000000|KO_BONUS:0.000000|PARALYSIS:0.000000|PRIZE_DIFF:0.000029|SLEEP:0.000000
ROOT_OPTION_STATS=ATTACK:available=14,chosen=1,not_chosen=13,zero_visit_rate=71.43%(10/14),mean_opt_visit=0.85,mean_opt_q=0.0105,mean_chosen_visit=5.00,mean_chosen_q=-0.0077|ENERGY_ATTACH:available=48,chosen=22,not_chosen=26,zero_visit_rate=0.00%(0/48),mean_opt_visit=2.54,mean_opt_q=-0.1304,mean_chosen_visit=5.92,mean_chosen_q=0.0918
ATTACH_PRIOR_DIST=special:n=130,attach_prior[mean=0.0892,min=0.0231,max=0.6876,hist=(<0.001:0,0.001-0.005:0,0.005-0.01:0,0.01-0.03:10,0.03-0.1:89,0.1-0.3:29,0.3-1.0:2,1.0:0)],chosen_prior[mean=0.0766,min=0.0122,max=0.6876,hist=(<0.001:0,0.001-0.005:0,0.005-0.01:0,0.01-0.03:54,0.03-0.1:44,0.1-0.3:28,0.3-1.0:4,1.0:0)]|plain:n=336,attach_prior[mean=0.0617,min=0.0029,max=0.5240,hist=(<0.001:0,0.001-0.005:31,0.005-0.01:44,0.01-0.03:82,0.03-0.1:108,0.1-0.3:63,0.3-1.0:8,1.0:0)],chosen_prior[mean=0.0989,min=0.0122,max=0.6876,hist=(<0.001:0,0.001-0.005:0,0.005-0.01:0,0.01-0.03:115,0.03-0.1:95,0.1-0.3:107,0.3-1.0:19,1.0:0)]
SIM_KO_REACHED=0.00%(0/3240)
SIM_KO_DEPTH_MEAN=0.0000
SIM_KO_DEPTH_MIN=0
SIM_KO_DEPTH_MAX=0
TRUE_RESULT_TALLY=P0_WINS=0,P1_WINS=1,DRAWS=0
=== DIAG_DUMP_END ===
=== DIAG_DUMP_BEGIN ===
DIAG_GAMES=1
TRUNC_TOTAL_NODES=3156
TRUNC_FIRED=0
TRUNC_FIRE_RATE=0.00%
TRUNC_OPTCOUNT_HIST=1-8:2452|9-16:466|17-32:89|33-64:149|65-128:0|129-256:0|257+:0
TRUNC_FIRE_RATE_BY_TURN=1-2:0.00%(0/502)|3-5:0.00%(0/397)|6+:0.00%(0/2257)
TRUNC_DROPPED_BY_TYPE=NONE
TRUNC_DROPPED_CRITICAL=0
TRUNC_DROPPED_CRITICAL_STATUS=PASS
MULTISELECT_FIXED_LEN=min=0,max=2:nodes=2,shorter_legal=2,shorter_generated=0,shorter_missed=2|min=0,max=3:nodes=12,shorter_legal=12,shorter_generated=0,shorter_missed=12|min=0,max=5:nodes=3,shorter_legal=3,shorter_generated=0,shorter_missed=3|min=2,max=2:nodes=132,shorter_legal=0,shorter_generated=0,shorter_missed=0
MULTISELECT_SHORTER_MISSED=17
MULTISELECT_CTX_HIST=DISCARD:132,SETUP_BENCH_POKEMON:3,TO_HAND:14
GAME_LENGTH_HIST=1-15:0|16-25:0|26-40:1|41-60:0|61+:0
WIN_BY_CAUSE=DECK_OUT:W=1,L=1,D=0
TURN_NODE_DIST=1-2:15.91%(502/3156)|3-5:12.58%(397/3156)|6+:71.51%(2257/3156)
SEARCH_MAX_DEPTH=7
SEARCH_MEAN_DEPTH=2.1232
MEAN_DEPTH=2.1232
SIMS_CONTRIBUTED=3020
SIMS_CONFIGURED=3020
SIMS_CONTRIBUTED_PER_DECISION=20.0000
SIMS_CONFIGURED_PER_DECISION=20.0000
PRIZE_REWARD_REACHED=0.00%(0/151)
STALL_DRAW_PASS_TURNS=9
STALL_SHUFFLE_WITH_RESOURCES=4
MISSED_ATTACH=3
SHAPING_BREAKDOWN=BOARD_DECK_DIFF:0.022129|DAMAGE_PRESSURE:0.000504|DISRUPTION:0.000076|ENERGY_DENIAL:0.000000|ITEM_LOCK_PENALTY:0.000000|KO_BONUS:0.000000|PARALYSIS:0.000000|PRIZE_DIFF:0.000000|SLEEP:0.000000
ROOT_OPTION_STATS=ATTACK:available=11,chosen=2,not_chosen=9,zero_visit_rate=0.00%(0/11),mean_opt_visit=5.78,mean_opt_q=0.1138,mean_chosen_visit=5.00,mean_chosen_q=-0.0246|ENERGY_ATTACH:available=41,chosen=21,not_chosen=20,zero_visit_rate=2.44%(1/41),mean_opt_visit=3.85,mean_opt_q=0.0452,mean_chosen_visit=6.40,mean_chosen_q=0.0990
ATTACH_PRIOR_DIST=special:n=33,attach_prior[mean=0.1206,min=0.0263,max=0.3337,hist=(<0.001:0,0.001-0.005:0,0.005-0.01:0,0.01-0.03:3,0.03-0.1:16,0.1-0.3:12,0.3-1.0:2,1.0:0)],chosen_prior[mean=0.1305,min=0.0157,max=0.5181,hist=(<0.001:0,0.001-0.005:0,0.005-0.01:0,0.01-0.03:6,0.03-0.1:10,0.1-0.3:16,0.3-1.0:1,1.0:0)]|plain:n=217,attach_prior[mean=0.0877,min=0.0037,max=0.3342,hist=(<0.001:0,0.001-0.005:5,0.005-0.01:6,0.01-0.03:30,0.03-0.1:102,0.1-0.3:71,0.3-1.0:3,1.0:0)],chosen_prior[mean=0.1565,min=0.0157,max=0.5844,hist=(<0.001:0,0.001-0.005:0,0.005-0.01:0,0.01-0.03:12,0.03-0.1:73,0.1-0.3:119,0.3-1.0:13,1.0:0)]
SIM_KO_REACHED=0.00%(0/3020)
SIM_KO_DEPTH_MEAN=0.0000
SIM_KO_DEPTH_MIN=0
SIM_KO_DEPTH_MAX=0
TRUE_RESULT_TALLY=P0_WINS=0,P1_WINS=1,DRAWS=0
=== DIAG_DUMP_END ===
=== DIAG_DUMP_BEGIN ===
DIAG_GAMES=1
TRUNC_TOTAL_NODES=3706
TRUNC_FIRED=77
TRUNC_FIRE_RATE=2.08%
TRUNC_OPTCOUNT_HIST=1-8:2808|9-16:519|17-32:213|33-64:89|65-128:77|129-256:0|257+:0
TRUNC_FIRE_RATE_BY_TURN=1-2:0.00%(0/312)|3-5:0.00%(0/221)|6+:2.43%(77/3173)
TRUNC_DROPPED_BY_TYPE=ABILITY:44,ATTACH:346,PLAY:5,RETREAT:11
TRUNC_DROPPED_CRITICAL=0
TRUNC_DROPPED_CRITICAL_STATUS=PASS
MULTISELECT_FIXED_LEN=min=0,max=2:nodes=19,shorter_legal=19,shorter_generated=0,shorter_missed=19|min=0,max=3:nodes=21,shorter_legal=21,shorter_generated=0,shorter_missed=21|min=0,max=5:nodes=6,shorter_legal=6,shorter_generated=0,shorter_missed=6|min=2,max=2:nodes=82,shorter_legal=0,shorter_generated=0,shorter_missed=0
MULTISELECT_SHORTER_MISSED=46
MULTISELECT_CTX_HIST=DISCARD:78,DISCARD_ENERGY_CARD:14,SETUP_BENCH_POKEMON:6,TO_HAND:30
GAME_LENGTH_HIST=1-15:0|16-25:0|26-40:0|41-60:1|61+:0
WIN_BY_CAUSE=DECK_OUT:W=1,L=1,D=0
TURN_NODE_DIST=1-2:8.42%(312/3706)|3-5:5.96%(221/3706)|6+:85.62%(3173/3706)
SEARCH_MAX_DEPTH=9
SEARCH_MEAN_DEPTH=2.2884
MEAN_DEPTH=2.2884
SIMS_CONTRIBUTED=3540
SIMS_CONFIGURED=3540
SIMS_CONTRIBUTED_PER_DECISION=20.0000
SIMS_CONFIGURED_PER_DECISION=20.0000
PRIZE_REWARD_REACHED=0.00%(0/177)
STALL_DRAW_PASS_TURNS=23
STALL_SHUFFLE_WITH_RESOURCES=3
MISSED_ATTACH=9
SHAPING_BREAKDOWN=BOARD_DECK_DIFF:0.014209|DAMAGE_PRESSURE:0.004657|DISRUPTION:0.000065|ENERGY_DENIAL:0.000378|ITEM_LOCK_PENALTY:0.000000|KO_BONUS:0.000000|PARALYSIS:0.000000|PRIZE_DIFF:0.000189|SLEEP:0.000000
ROOT_OPTION_STATS=ATTACK:available=20,chosen=2,not_chosen=18,zero_visit_rate=20.00%(4/20),mean_opt_visit=3.22,mean_opt_q=-0.0619,mean_chosen_visit=5.50,mean_chosen_q=-0.0203|ENERGY_ATTACH:available=39,chosen=25,not_chosen=14,zero_visit_rate=2.56%(1/39),mean_opt_visit=1.93,mean_opt_q=-0.1410,mean_chosen_visit=7.14,mean_chosen_q=0.0620
ATTACH_PRIOR_DIST=special:n=65,attach_prior[mean=0.1416,min=0.0409,max=0.4334,hist=(<0.001:0,0.001-0.005:0,0.005-0.01:0,0.01-0.03:0,0.03-0.1:20,0.1-0.3:41,0.3-1.0:4,1.0:0)],chosen_prior[mean=0.1151,min=0.0179,max=0.4214,hist=(<0.001:0,0.001-0.005:0,0.005-0.01:0,0.01-0.03:15,0.03-0.1:13,0.1-0.3:34,0.3-1.0:3,1.0:0)]|plain:n=174,attach_prior[mean=0.0938,min=0.0064,max=0.4535,hist=(<0.001:0,0.001-0.005:0,0.005-0.01:6,0.01-0.03:38,0.03-0.1:66,0.1-0.3:60,0.3-1.0:4,1.0:0)],chosen_prior[mean=0.1564,min=0.0179,max=0.6667,hist=(<0.001:0,0.001-0.005:0,0.005-0.01:0,0.01-0.03:24,0.03-0.1:26,0.1-0.3:109,0.3-1.0:15,1.0:0)]
SIM_KO_REACHED=0.00%(0/3540)
SIM_KO_DEPTH_MEAN=0.0000
SIM_KO_DEPTH_MIN=0
SIM_KO_DEPTH_MAX=0
TRUE_RESULT_TALLY=P0_WINS=0,P1_WINS=1,DRAWS=0
=== DIAG_DUMP_END ===
=== DIAG_DUMP_BEGIN ===
DIAG_GAMES=1
TRUNC_TOTAL_NODES=3646
TRUNC_FIRED=32
TRUNC_FIRE_RATE=0.88%
TRUNC_OPTCOUNT_HIST=1-8:2648|9-16:498|17-32:421|33-64:47|65-128:32|129-256:0|257+:0
TRUNC_FIRE_RATE_BY_TURN=1-2:0.00%(0/491)|3-5:0.00%(0/351)|6+:1.14%(32/2804)
TRUNC_DROPPED_BY_TYPE=ABILITY:18,ATTACH:673,PLAY:22,RETREAT:20
TRUNC_DROPPED_CRITICAL=0
TRUNC_DROPPED_CRITICAL_STATUS=PASS
MULTISELECT_FIXED_LEN=min=0,max=2:nodes=3,shorter_legal=3,shorter_generated=0,shorter_missed=3|min=0,max=3:nodes=20,shorter_legal=20,shorter_generated=0,shorter_missed=20|min=0,max=5:nodes=5,shorter_legal=5,shorter_generated=0,shorter_missed=5|min=2,max=2:nodes=90,shorter_legal=0,shorter_generated=0,shorter_missed=0
MULTISELECT_SHORTER_MISSED=28
MULTISELECT_CTX_HIST=DISCARD:90,SETUP_BENCH_POKEMON:5,TO_HAND:23
GAME_LENGTH_HIST=1-15:0|16-25:0|26-40:0|41-60:1|61+:0
WIN_BY_CAUSE=DECK_OUT:W=1,L=1,D=0
TURN_NODE_DIST=1-2:13.47%(491/3646)|3-5:9.63%(351/3646)|6+:76.91%(2804/3646)
SEARCH_MAX_DEPTH=7
SEARCH_MEAN_DEPTH=2.2664
MEAN_DEPTH=2.2664
SIMS_CONTRIBUTED=3480
SIMS_CONFIGURED=3480
SIMS_CONTRIBUTED_PER_DECISION=20.0000
SIMS_CONFIGURED_PER_DECISION=20.0000
PRIZE_REWARD_REACHED=0.57%(1/174)
STALL_DRAW_PASS_TURNS=26
STALL_SHUFFLE_WITH_RESOURCES=4
MISSED_ATTACH=19
SHAPING_BREAKDOWN=BOARD_DECK_DIFF:0.008327|DAMAGE_PRESSURE:0.000502|DISRUPTION:0.000058|ENERGY_DENIAL:0.000576|ITEM_LOCK_PENALTY:0.000000|KO_BONUS:0.000055|PARALYSIS:0.000000|PRIZE_DIFF:-0.000377|SLEEP:0.000000
ROOT_OPTION_STATS=ATTACK:available=13,chosen=4,not_chosen=9,zero_visit_rate=30.77%(4/13),mean_opt_visit=2.11,mean_opt_q=0.0586,mean_chosen_visit=4.33,mean_chosen_q=0.0089|ENERGY_ATTACH:available=58,chosen=21,not_chosen=37,zero_visit_rate=0.00%(0/58),mean_opt_visit=2.11,mean_opt_q=-0.1369,mean_chosen_visit=5.57,mean_chosen_q=0.0721
ATTACH_PRIOR_DIST=special:n=60,attach_prior[mean=0.1069,min=0.0321,max=0.3383,hist=(<0.001:0,0.001-0.005:0,0.005-0.01:0,0.01-0.03:0,0.03-0.1:38,0.1-0.3:20,0.3-1.0:2,1.0:0)],chosen_prior[mean=0.1135,min=0.0159,max=0.3385,hist=(<0.001:0,0.001-0.005:0,0.005-0.01:0,0.01-0.03:12,0.03-0.1:15,0.1-0.3:32,0.3-1.0:1,1.0:0)]|plain:n=387,attach_prior[mean=0.0725,min=0.0024,max=0.3385,hist=(<0.001:0,0.001-0.005:15,0.005-0.01:25,0.01-0.03:77,0.03-0.1:166,0.1-0.3:101,0.3-1.0:3,1.0:0)],chosen_prior[mean=0.1068,min=0.0159,max=0.4893,hist=(<0.001:0,0.001-0.005:0,0.005-0.01:0,0.01-0.03:99,0.03-0.1:102,0.1-0.3:181,0.3-1.0:5,1.0:0)]
SIM_KO_REACHED=0.03%(1/3480)
SIM_KO_DEPTH_MEAN=5.0000
SIM_KO_DEPTH_MIN=5
SIM_KO_DEPTH_MAX=5
TRUE_RESULT_TALLY=P0_WINS=0,P1_WINS=1,DRAWS=0
=== DIAG_DUMP_END ===
