=== DIAG_DUMP_BEGIN ===
DIAG_GAMES=20
TRUNC_TOTAL_NODES=69295
TRUNC_FIRED=1789
TRUNC_FIRE_RATE=2.58%
TRUNC_OPTCOUNT_HIST=1-8:30228|9-16:16595|17-32:14436|33-64:6247|65-128:1693|129-256:96|257+:0
TRUNC_FIRE_RATE_BY_TURN=1-2:0.00%(0/3020)|3-5:0.00%(0/3707)|6+:2.86%(1789/62568)
TRUNC_DROPPED_BY_TYPE=ABILITY:13,ATTACH:38801,EVOLVE:68,PLAY:1375,RETREAT:116
TRUNC_DROPPED_CRITICAL=0
TRUNC_DROPPED_CRITICAL_STATUS=PASS
MULTISELECT_FIXED_LEN=min=0,max=2:nodes=516,shorter_legal=516,shorter_generated=0,shorter_missed=516|min=0,max=3:nodes=634,shorter_legal=634,shorter_generated=0,shorter_missed=634|min=0,max=4:nodes=19,shorter_legal=19,shorter_generated=0,shorter_missed=19|min=0,max=5:nodes=250,shorter_legal=250,shorter_generated=0,shorter_missed=250|min=2,max=2:nodes=1601,shorter_legal=0,shorter_generated=0,shorter_missed=0
MULTISELECT_SHORTER_MISSED=1419
MULTISELECT_CTX_HIST=DISCARD:1589,DISCARD_ENERGY_CARD:1,SETUP_BENCH_POKEMON:306,TO_HAND:1124
GAME_LENGTH_HIST=1-15:0|16-25:0|26-40:0|41-60:2|61+:18
WIN_BY_CAUSE=DECK_OUT:W=17,L=17,D=0|NO_ACTIVE:W=3,L=3,D=0
TURN_NODE_DIST=1-2:4.36%(3020/69295)|3-5:5.35%(3707/69295)|6+:90.29%(62568/69295)
SEARCH_MAX_DEPTH=20
SEARCH_MEAN_DEPTH=2.3639
MEAN_DEPTH=2.3639
SIMS_CONTRIBUTED=66700
SIMS_CONFIGURED=66700
SIMS_CONTRIBUTED_PER_DECISION=20.0000
SIMS_CONFIGURED_PER_DECISION=20.0000
PRIZE_REWARD_REACHED=0.39%(13/3335)
STALL_DRAW_PASS_TURNS=1276
STALL_SHUFFLE_WITH_RESOURCES=127
MISSED_ATTACH=1560
SHAPING_BREAKDOWN=BOARD_DECK_DIFF:0.016880|DAMAGE_PRESSURE:0.000482|DISRUPTION:0.000070|ENERGY_DENIAL:0.000019|ITEM_LOCK_PENALTY:0.000000|KO_BONUS:0.000020|PARALYSIS:0.000000|PRIZE_DIFF:0.000342|SLEEP:0.000000
=== DIAG_DUMP_END ===
