=== DIAG_DUMP_BEGIN ===
DIAG_GAMES=20
TRUNC_TOTAL_NODES=67033
TRUNC_FIRED=616
TRUNC_FIRE_RATE=0.92%
TRUNC_OPTCOUNT_HIST=1-8:52146|9-16:8418|17-32:3955|33-64:1898|65-128:539|129-256:77|257+:0
TRUNC_FIRE_RATE_BY_TURN=1-2:0.00%(0/6621)|3-5:0.00%(0/7851)|6+:1.17%(616/52561)
TRUNC_DROPPED_BY_TYPE=ABILITY:199,ATTACH:19545,PLAY:3,RETREAT:154
TRUNC_DROPPED_CRITICAL=0
TRUNC_DROPPED_CRITICAL_STATUS=PASS
MULTISELECT_FIXED_LEN=min=0,max=2:nodes=258,shorter_legal=258,shorter_generated=0,shorter_missed=258|min=0,max=3:nodes=360,shorter_legal=360,shorter_generated=0,shorter_missed=360|min=0,max=4:nodes=4,shorter_legal=4,shorter_generated=0,shorter_missed=4|min=0,max=5:nodes=81,shorter_legal=81,shorter_generated=0,shorter_missed=81|min=2,max=2:nodes=1902,shorter_legal=0,shorter_generated=0,shorter_missed=0
MULTISELECT_SHORTER_MISSED=703
MULTISELECT_CTX_HIST=DISCARD:1847,DISCARD_ENERGY_CARD:8,SETUP_BENCH_POKEMON:126,TO_HAND:624
GAME_LENGTH_HIST=1-15:0|16-25:1|26-40:2|41-60:14|61+:3
WIN_BY_CAUSE=DECK_OUT:W=19,L=19,D=0|PRIZE:W=1,L=1,D=0
TURN_NODE_DIST=1-2:9.88%(6621/67033)|3-5:11.71%(7851/67033)|6+:78.41%(52561/67033)
SEARCH_MAX_DEPTH=12
SEARCH_MEAN_DEPTH=2.2306
MEAN_DEPTH=2.2306
SIMS_CONTRIBUTED=64120
SIMS_CONFIGURED=64120
SIMS_CONTRIBUTED_PER_DECISION=20.0000
SIMS_CONFIGURED_PER_DECISION=20.0000
PRIZE_REWARD_REACHED=0.16%(5/3206)
STALL_DRAW_PASS_TURNS=530
STALL_SHUFFLE_WITH_RESOURCES=62
MISSED_ATTACH=319
SHAPING_BREAKDOWN=BOARD_DECK_DIFF:0.011545|DAMAGE_PRESSURE:0.000591|DISRUPTION:0.000072|ENERGY_DENIAL:0.000157|ITEM_LOCK_PENALTY:0.000000|KO_BONUS:0.000057|PARALYSIS:0.000000|PRIZE_DIFF:-0.000729|SLEEP:0.000000
ROOT_OPTION_STATS=ATTACK:available=271,chosen=33,not_chosen=238,zero_visit_rate=33.21%(90/271),mean_opt_visit=2.23,mean_opt_q=-0.0151,mean_chosen_visit=5.89,mean_chosen_q=0.0218|ENERGY_ATTACH:available=978,chosen=398,not_chosen=580,zero_visit_rate=1.12%(11/978),mean_opt_visit=2.62,mean_opt_q=-0.1571,mean_chosen_visit=6.29,mean_chosen_q=0.0880
ATTACH_PRIOR_DIST=special:n=1540,attach_prior[mean=0.1200,min=0.0145,max=0.6690,hist=(<0.001:0,0.001-0.005:0,0.005-0.01:0,0.01-0.03:58,0.03-0.1:788,0.1-0.3:625,0.3-1.0:69,1.0:0)],chosen_prior[mean=0.0954,min=0.0026,max=0.6690,hist=(<0.001:0,0.001-0.005:3,0.005-0.01:35,0.01-0.03:486,0.03-0.1:437,0.1-0.3:505,0.3-1.0:74,1.0:0)]|plain:n=5849,attach_prior[mean=0.0707,min=0.0018,max=0.7110,hist=(<0.001:0,0.001-0.005:242,0.005-0.01:480,0.01-0.03:1318,0.03-0.1:2390,0.1-0.3:1330,0.3-1.0:89,1.0:0)],chosen_prior[mean=0.1122,min=0.0026,max=0.7566,hist=(<0.001:0,0.001-0.005:3,0.005-0.01:48,0.01-0.03:1466,0.03-0.1:1854,0.1-0.3:2130,0.3-1.0:348,1.0:0)]
SIM_KO_REACHED=0.09%(57/64120)
SIM_KO_DEPTH_MEAN=1.8246
SIM_KO_DEPTH_MIN=1
SIM_KO_DEPTH_MAX=6
TRUE_RESULT_TALLY=P0_WINS=8,P1_WINS=12,DRAWS=0
=== DIAG_DUMP_END ===
