=== DIAG_DUMP_BEGIN ===
DIAG_GAMES=20
TRUNC_TOTAL_NODES=69185
TRUNC_FIRED=1182
TRUNC_FIRE_RATE=1.71%
TRUNC_OPTCOUNT_HIST=1-8:31196|9-16:18956|17-32:12844|33-64:5007|65-128:1182|129-256:0|257+:0
TRUNC_FIRE_RATE_BY_TURN=1-2:0.00%(0/3125)|3-5:0.00%(0/2963)|6+:1.87%(1182/63097)
TRUNC_DROPPED_BY_TYPE=ABILITY:16,ATTACH:11075,PLAY:332,RETREAT:70
TRUNC_DROPPED_CRITICAL=0
TRUNC_DROPPED_CRITICAL_STATUS=PASS
MULTISELECT_FIXED_LEN=min=0,max=2:nodes=281,shorter_legal=281,shorter_generated=0,shorter_missed=281|min=0,max=3:nodes=486,shorter_legal=486,shorter_generated=0,shorter_missed=486|min=0,max=4:nodes=19,shorter_legal=19,shorter_generated=0,shorter_missed=19|min=0,max=5:nodes=250,shorter_legal=250,shorter_generated=0,shorter_missed=250|min=2,max=2:nodes=1054,shorter_legal=0,shorter_generated=0,shorter_missed=0
MULTISELECT_SHORTER_MISSED=1036
MULTISELECT_CTX_HIST=DISCARD:1050,DISCARD_ENERGY_CARD:8,SETUP_BENCH_POKEMON:318,TO_HAND:714
GAME_LENGTH_HIST=1-15:0|16-25:0|26-40:2|41-60:1|61+:17
WIN_BY_CAUSE=DECK_OUT:W=16,L=16,D=0|NO_ACTIVE:W=4,L=4,D=0
TURN_NODE_DIST=1-2:4.52%(3125/69185)|3-5:4.28%(2963/69185)|6+:91.20%(63097/69185)
SEARCH_MAX_DEPTH=14
SEARCH_MEAN_DEPTH=2.2786
MEAN_DEPTH=2.2786
SIMS_CONTRIBUTED=66840
SIMS_CONFIGURED=66840
SIMS_CONTRIBUTED_PER_DECISION=20.0000
SIMS_CONFIGURED_PER_DECISION=20.0000
PRIZE_REWARD_REACHED=0.54%(18/3342)
STALL_DRAW_PASS_TURNS=1034
STALL_SHUFFLE_WITH_RESOURCES=112
MISSED_ATTACH=1220
SHAPING_BREAKDOWN=BOARD_DECK_DIFF:0.021274|DAMAGE_PRESSURE:0.000682|DISRUPTION:0.000074|ENERGY_DENIAL:0.000077|ITEM_LOCK_PENALTY:0.000000|KO_BONUS:0.000023|PARALYSIS:0.000000|PRIZE_DIFF:0.000175|SLEEP:0.000000
ROOT_OPTION_STATS=ATTACK:available=325,chosen=7,not_chosen=318,zero_visit_rate=39.69%(129/325),mean_opt_visit=0.86,mean_opt_q=-0.7617,mean_chosen_visit=7.10,mean_chosen_q=-0.2506|ENERGY_ATTACH:available=2015,chosen=212,not_chosen=1803,zero_visit_rate=38.91%(784/2015),mean_opt_visit=1.05,mean_opt_q=-0.4014,mean_chosen_visit=11.37,mean_chosen_q=0.0228
ATTACH_PRIOR_DIST=special:n=1149,attach_prior[mean=0.0521,min=0.0186,max=0.3953,hist=(<0.001:0,0.001-0.005:0,0.005-0.01:0,0.01-0.03:373,0.03-0.1:649,0.1-0.3:118,0.3-1.0:9,1.0:0)],chosen_prior[mean=0.2938,min=0.0000,max=0.8958,hist=(<0.001:61,0.001-0.005:0,0.005-0.01:2,0.01-0.03:139,0.03-0.1:205,0.1-0.3:270,0.3-1.0:472,1.0:0)]|plain:n=14657,attach_prior[mean=0.0338,min=0.0186,max=0.4217,hist=(<0.001:0,0.001-0.005:0,0.005-0.01:0,0.01-0.03:5332,0.03-0.1:9254,0.1-0.3:64,0.3-1.0:7,1.0:0)],chosen_prior[mean=0.3727,min=0.0000,max=0.9524,hist=(<0.001:338,0.001-0.005:2,0.005-0.01:4,0.01-0.03:1329,0.03-0.1:1365,0.1-0.3:2893,0.3-1.0:8726,1.0:0)]
SIM_KO_REACHED=0.31%(206/66840)
SIM_KO_DEPTH_MEAN=2.0874
SIM_KO_DEPTH_MIN=1
SIM_KO_DEPTH_MAX=4
=== DIAG_DUMP_END ===
