=== DIAG_DUMP_BEGIN ===
DIAG_GAMES=1
AGENT=m2
TRUNC_TOTAL_NODES=0
TRUNC_FIRED=0
TRUNC_FIRE_RATE=0.00%
TRUNC_OPTCOUNT_HIST=1-8:0|9-16:0|17-32:0|33-64:0|65-128:0|129-256:0|257+:0
TRUNC_FIRE_RATE_BY_TURN=1-2:0.00%(0/0)|3-5:0.00%(0/0)|6+:0.00%(0/0)
TRUNC_DROPPED_BY_TYPE=NONE
TRUNC_DROPPED_CRITICAL=0
TRUNC_DROPPED_CRITICAL_STATUS=PASS
MULTISELECT_FIXED_LEN=NONE
MULTISELECT_SHORTER_MISSED=0
MULTISELECT_CTX_HIST=NONE
GAME_LENGTH_HIST=1-15:0|16-25:0|26-40:0|41-60:0|61+:0
WIN_BY_CAUSE=NONE
TURN_NODE_DIST=1-2:0.00%(0/0)|3-5:0.00%(0/0)|6+:0.00%(0/0)
SEARCH_MAX_DEPTH=0
SEARCH_MEAN_DEPTH=0.0000
MEAN_DEPTH=0.0000
SIMS_CONTRIBUTED=0
SIMS_CONFIGURED=0
SIMS_CONTRIBUTED_PER_DECISION=0.0000
SIMS_CONFIGURED_PER_DECISION=0.0000
PRIZE_REWARD_REACHED=0.00%(0/0)
STALL_DRAW_PASS_TURNS=0
STALL_SHUFFLE_WITH_RESOURCES=0
MISSED_ATTACH=0
SHAPING_BREAKDOWN=NONE
ROOT_OPTION_STATS=NONE
ATTACH_PRIOR_DIST=special:n=0,attach_prior[mean=nan,min=0.0000,max=0.0000,hist=(<0.001:0,0.001-0.005:0,0.005-0.01:0,0.01-0.03:0,0.03-0.1:0,0.1-0.3:0,0.3-1.0:0,1.0:0)],chosen_prior[mean=nan,min=0.0000,max=0.0000,hist=(<0.001:0,0.001-0.005:0,0.005-0.01:0,0.01-0.03:0,0.03-0.1:0,0.1-0.3:0,0.3-1.0:0,1.0:0)]|plain:n=0,attach_prior[mean=nan,min=0.0000,max=0.0000,hist=(<0.001:0,0.001-0.005:0,0.005-0.01:0,0.01-0.03:0,0.03-0.1:0,0.1-0.3:0,0.3-1.0:0,1.0:0)],chosen_prior[mean=nan,min=0.0000,max=0.0000,hist=(<0.001:0,0.001-0.005:0,0.005-0.01:0,0.01-0.03:0,0.03-0.1:0,0.1-0.3:0,0.3-1.0:0,1.0:0)]
SIM_KO_REACHED=0.00%(0/0)
SIM_KO_DEPTH_MEAN=0.0000
SIM_KO_DEPTH_MIN=0
SIM_KO_DEPTH_MAX=0
TRUE_RESULT_TALLY=P0_WINS=0,P1_WINS=0,DRAWS=0
POLICY_TARGET_ZERO_FRACTION_MEAN=0.0000
POLICY_TARGET_ENTROPY_MEAN=0.0000
POLICY_TARGET_COUNT=0
ROOT_CHILD_COUNT=mean=13.00,median=13.0,n=2,by_turn=(1-2:mean=6.00,median=6.0,n=1|3-5:mean=0.00,median=0.0,n=0|6+:mean=20.00,median=20.0,n=1)
ROOT_VISIT_HIST=0:44.44%(4/9)|1:22.22%(2/9)|2-4:11.11%(1/9)|5+:22.22%(2/9)
=== DIAG_DUMP_END ===
