=== DIAG_DUMP_BEGIN ===
DIAG_GAMES=1
TRUNC_TOTAL_NODES=3437
TRUNC_FIRED=99
TRUNC_FIRE_RATE=2.88%
TRUNC_OPTCOUNT_HIST=1-8:1055|9-16:721|17-32:971|33-64:591|65-128:93|129-256:6|257+:0
TRUNC_FIRE_RATE_BY_TURN=1-2:0.00%(0/77)|3-5:0.00%(0/148)|6+:3.08%(99/3212)
TRUNC_DROPPED_BY_TYPE=ATTACH:2779,EVOLVE:2,PLAY:17,RETREAT:2
TRUNC_DROPPED_CRITICAL=0
TRUNC_DROPPED_CRITICAL_STATUS=PASS
MULTISELECT_FIXED_LEN=min=0,max=2:nodes=21,shorter_legal=21,shorter_generated=0,shorter_missed=21|min=0,max=3:nodes=43,shorter_legal=43,shorter_generated=0,shorter_missed=43|min=0,max=5:nodes=14,shorter_legal=14,shorter_generated=0,shorter_missed=14|min=2,max=2:nodes=114,shorter_legal=0,shorter_generated=0,shorter_missed=0
MULTISELECT_SHORTER_MISSED=78
MULTISELECT_CTX_HIST=DISCARD:114,SETUP_BENCH_POKEMON:14,TO_HAND:64
GAME_LENGTH_HIST=1-15:0|16-25:0|26-40:0|41-60:0|61+:1
WIN_BY_CAUSE=DECK_OUT:W=1,L=1,D=0
TURN_NODE_DIST=1-2:2.24%(77/3437)|3-5:4.31%(148/3437)|6+:93.45%(3212/3437)
SEARCH_MAX_DEPTH=16
SEARCH_MEAN_DEPTH=2.9003
MEAN_DEPTH=2.9003
SIMS_CONTRIBUTED=3320
SIMS_CONFIGURED=3320
SIMS_CONTRIBUTED_PER_DECISION=20.0000
SIMS_CONFIGURED_PER_DECISION=20.0000
PRIZE_REWARD_REACHED=0.00%(0/166)
STALL_DRAW_PASS_TURNS=69
STALL_SHUFFLE_WITH_RESOURCES=8
MISSED_ATTACH=89
SHAPING_BREAKDOWN=BOARD_DECK_DIFF:0.005572|DAMAGE_PRESSURE:0.000000|DISRUPTION:0.000061|ENERGY_DENIAL:0.000335|ITEM_LOCK_PENALTY:0.000000|KO_BONUS:0.000000|PARALYSIS:0.000000|PRIZE_DIFF:-0.000044|SLEEP:0.000000
ROOT_OPTION_STATS=ENERGY_ATTACH:available=122,chosen=3,not_chosen=119,zero_visit_rate=68.85%(84/122),mean_opt_visit=0.37,mean_opt_q=-0.6193,mean_chosen_visit=13.67,mean_chosen_q=-0.0021
ATTACH_PRIOR_DIST=special:n=40,attach_prior[mean=0.0006,min=0.0001,max=0.0008,hist=(<0.001:40,0.001-0.005:0,0.005-0.01:0,0.01-0.03:0,0.03-0.1:0,0.1-0.3:0,0.3-1.0:0,1.0:0)],chosen_prior[mean=0.7638,min=0.3842,max=0.9981,hist=(<0.001:0,0.001-0.005:0,0.005-0.01:0,0.01-0.03:0,0.03-0.1:0,0.1-0.3:0,0.3-1.0:40,1.0:0)]|plain:n=1299,attach_prior[mean=0.0005,min=0.0000,max=0.0181,hist=(<0.001:1234,0.001-0.005:52,0.005-0.01:5,0.01-0.03:8,0.03-0.1:0,0.1-0.3:0,0.3-1.0:0,1.0:0)],chosen_prior[mean=0.7173,min=0.0001,max=0.9981,hist=(<0.001:98,0.001-0.005:0,0.005-0.01:0,0.01-0.03:0,0.03-0.1:18,0.1-0.3:43,0.3-1.0:1140,1.0:0)]
SIM_KO_REACHED=0.00%(0/3320)
SIM_KO_DEPTH_MEAN=0.0000
SIM_KO_DEPTH_MIN=0
SIM_KO_DEPTH_MAX=0
=== DIAG_DUMP_END ===
