=== DIAG_DUMP_BEGIN ===
DIAG_GAMES=20
TRUNC_TOTAL_NODES=84908
TRUNC_FIRED=2228
TRUNC_FIRE_RATE=2.62%
TRUNC_OPTCOUNT_HIST=1-8:38145|9-16:19102|17-32:17563|33-64:7870|65-128:2063|129-256:165|257+:0
TRUNC_FIRE_RATE_BY_TURN=1-2:0.00%(0/3702)|3-5:0.00%(0/4156)|6+:2.89%(2228/77050)
TRUNC_DROPPED_BY_TYPE=ABILITY:21,ATTACH:45293,EVOLVE:47,PLAY:1572,RETREAT:169
TRUNC_DROPPED_CRITICAL=0
TRUNC_DROPPED_CRITICAL_STATUS=PASS
MULTISELECT_FIXED_LEN=min=0,max=2:nodes=725,shorter_legal=725,shorter_generated=0,shorter_missed=725|min=0,max=3:nodes=713,shorter_legal=713,shorter_generated=0,shorter_missed=713|min=0,max=4:nodes=28,shorter_legal=28,shorter_generated=0,shorter_missed=28|min=0,max=5:nodes=270,shorter_legal=270,shorter_generated=0,shorter_missed=270|min=2,max=2:nodes=2272,shorter_legal=0,shorter_generated=0,shorter_missed=0
MULTISELECT_SHORTER_MISSED=1736
MULTISELECT_CTX_HIST=DISCARD:2266,SETUP_BENCH_POKEMON:365,TO_HAND:1377
GAME_LENGTH_HIST=1-15:0|16-25:0|26-40:1|41-60:2|61+:17
WIN_BY_CAUSE=DECK_OUT:W=16,L=16,D=0|NO_ACTIVE:W=4,L=4,D=0
TURN_NODE_DIST=1-2:4.36%(3702/84908)|3-5:4.89%(4156/84908)|6+:90.75%(77050/84908)
SEARCH_MAX_DEPTH=21
SEARCH_MEAN_DEPTH=2.4883
MEAN_DEPTH=2.4883
SIMS_CONTRIBUTED=82575
SIMS_CONFIGURED=82575
SIMS_CONTRIBUTED_PER_DECISION=25.0000
SIMS_CONFIGURED_PER_DECISION=25.0000
PRIZE_REWARD_REACHED=0.42%(14/3303)
STALL_DRAW_PASS_TURNS=1397
STALL_SHUFFLE_WITH_RESOURCES=120
MISSED_ATTACH=1629
SHAPING_BREAKDOWN=BOARD_DECK_DIFF:0.017207|DAMAGE_PRESSURE:0.000268|DISRUPTION:0.000061|ENERGY_DENIAL:0.000021|ITEM_LOCK_PENALTY:0.000000|KO_BONUS:0.000021|PARALYSIS:0.000000|PRIZE_DIFF:0.000604|SLEEP:0.000000
=== DIAG_DUMP_END ===
