=== DIAG_DUMP_BEGIN ===
DIAG_GAMES=20
TRUNC_TOTAL_NODES=63801
TRUNC_FIRED=2593
TRUNC_FIRE_RATE=4.06%
TRUNC_OPTCOUNT_HIST=1-8:27886|9-16:15756|17-32:11166|33-64:6400|65-128:2533|129-256:60|257+:0
TRUNC_FIRE_RATE_BY_TURN=1-2:0.00%(0/2752)|3-5:0.00%(0/4115)|6+:4.55%(2593/56934)
TRUNC_DROPPED_BY_TYPE=ATTACH:56132,EVOLVE:42,PLAY:2070,RETREAT:48
TRUNC_DROPPED_CRITICAL=0
TRUNC_DROPPED_CRITICAL_STATUS=PASS
MULTISELECT_FIXED_LEN=min=0,max=2:nodes=464,shorter_legal=464,shorter_generated=0,shorter_missed=464|min=0,max=3:nodes=477,shorter_legal=477,shorter_generated=0,shorter_missed=477|min=0,max=4:nodes=12,shorter_legal=12,shorter_generated=0,shorter_missed=12|min=0,max=5:nodes=245,shorter_legal=245,shorter_generated=0,shorter_missed=245|min=2,max=2:nodes=968,shorter_legal=0,shorter_generated=0,shorter_missed=0
MULTISELECT_SHORTER_MISSED=1198
MULTISELECT_CTX_HIST=DISCARD:966,SETUP_BENCH_POKEMON:317,TO_HAND:883
GAME_LENGTH_HIST=1-15:0|16-25:0|26-40:2|41-60:1|61+:17
WIN_BY_CAUSE=DECK_OUT:W=16,L=16,D=0|NO_ACTIVE:W=4,L=4,D=0
TURN_NODE_DIST=1-2:4.31%(2752/63801)|3-5:6.45%(4115/63801)|6+:89.24%(56934/63801)
SEARCH_MAX_DEPTH=18
SEARCH_MEAN_DEPTH=2.4668
MEAN_DEPTH=2.4668
SIMS_CONTRIBUTED=61460
SIMS_CONFIGURED=61460
SIMS_CONTRIBUTED_PER_DECISION=20.0000
SIMS_CONFIGURED_PER_DECISION=20.0000
PRIZE_REWARD_REACHED=0.33%(10/3073)
STALL_DRAW_PASS_TURNS=1163
STALL_SHUFFLE_WITH_RESOURCES=128
MISSED_ATTACH=1427
SHAPING_BREAKDOWN=BOARD_DECK_DIFF:0.013099|DAMAGE_PRESSURE:0.000146|DISRUPTION:0.000078|ENERGY_DENIAL:0.000013|ITEM_LOCK_PENALTY:0.000000|KO_BONUS:0.000003|PARALYSIS:0.000000|PRIZE_DIFF:-0.000027|SLEEP:0.000000
=== DIAG_DUMP_END ===
