=== DIAG_DUMP_BEGIN ===
DIAG_GAMES=20
TRUNC_TOTAL_NODES=1414980
TRUNC_FIRED=44953
TRUNC_FIRE_RATE=3.18%
TRUNC_OPTCOUNT_HIST=1-8:681289|9-16:287768|17-32:245471|33-64:155499|65-128:42093|129-256:2860|257+:0
TRUNC_FIRE_RATE_BY_TURN=1-2:0.00%(0/31629)|3-5:0.00%(0/46469)|6+:3.36%(44953/1336882)
TRUNC_DROPPED_BY_TYPE=ABILITY:4707,ATTACH:824612,EVOLVE:577,PLAY:58407,RETREAT:3317
TRUNC_DROPPED_CRITICAL=0
TRUNC_DROPPED_CRITICAL_STATUS=PASS
MULTISELECT_FIXED_LEN=min=0,max=2:nodes=5958,shorter_legal=5958,shorter_generated=0,shorter_missed=5958|min=0,max=3:nodes=14000,shorter_legal=14000,shorter_generated=0,shorter_missed=14000|min=0,max=4:nodes=47,shorter_legal=47,shorter_generated=0,shorter_missed=47|min=0,max=5:nodes=469,shorter_legal=469,shorter_generated=0,shorter_missed=469|min=2,max=2:nodes=27763,shorter_legal=0,shorter_generated=0,shorter_missed=0
MULTISELECT_SHORTER_MISSED=20474
MULTISELECT_CTX_HIST=DISCARD:27763,SETUP_BENCH_POKEMON:683,TO_HAND:19791
GAME_LENGTH_HIST=1-15:0|16-25:1|26-40:0|41-60:0|61+:19
WIN_BY_CAUSE=DECK_OUT:W=19,L=19,D=0|NO_ACTIVE:W=1,L=1,D=0
TURN_NODE_DIST=1-2:2.24%(31629/1414980)|3-5:3.28%(46469/1414980)|6+:94.48%(1336882/1414980)
SEARCH_MAX_DEPTH=42
SEARCH_MEAN_DEPTH=5.7398
MEAN_DEPTH=5.7398
SIMS_CONTRIBUTED=1464400
SIMS_CONFIGURED=1464400
SIMS_CONTRIBUTED_PER_DECISION=400.0000
SIMS_CONFIGURED_PER_DECISION=400.0000
PRIZE_REWARD_REACHED=0.41%(15/3661)
STALL_DRAW_PASS_TURNS=1204
STALL_SHUFFLE_WITH_RESOURCES=123
MISSED_ATTACH=1370
SHAPING_BREAKDOWN=BOARD_DECK_DIFF:0.017520|DAMAGE_PRESSURE:0.000204|DISRUPTION:0.000005|ENERGY_DENIAL:0.000801|ITEM_LOCK_PENALTY:0.000000|KO_BONUS:0.000005|PARALYSIS:0.000000|PRIZE_DIFF:0.000066|SLEEP:0.000000
=== DIAG_DUMP_END ===
