=== DIAG_DUMP_BEGIN ===
DIAG_GAMES=40
TRUNC_TOTAL_NODES=306825
TRUNC_FIRED=5
TRUNC_FIRE_RATE=0.00%
TRUNC_OPTCOUNT_HIST=1-8:224449|9-16:50668|17-32:28704|33-64:2999|65-128:5|129-256:0|257+:0
TRUNC_FIRE_RATE_BY_TURN=1-2:0.00%(0/17265)|3-5:0.00%(0/38278)|6+:0.00%(5/251282)
TRUNC_DROPPED_BY_TYPE=ATTACH:54,RETREAT:1
TRUNC_DROPPED_CRITICAL=0
TRUNC_DROPPED_CRITICAL_STATUS=PASS
MULTISELECT_FIXED_LEN=min=0,max=2:nodes=2617,shorter_legal=2617,shorter_generated=0,shorter_missed=2617|min=0,max=3:nodes=1686,shorter_legal=1686,shorter_generated=0,shorter_missed=1686|min=0,max=4:nodes=61,shorter_legal=61,shorter_generated=0,shorter_missed=61|min=0,max=5:nodes=563,shorter_legal=563,shorter_generated=0,shorter_missed=563|min=2,max=2:nodes=8738,shorter_legal=0,shorter_generated=0,shorter_missed=0|min=3,max=3:nodes=161,shorter_legal=0,shorter_generated=0,shorter_missed=0
MULTISELECT_SHORTER_MISSED=4927
MULTISELECT_CTX_HIST=ATTACH_TO:3,DISCARD:8321,DISCARD_ENERGY_CARD:627,SETUP_BENCH_POKEMON:795,TO_HAND:4080
GAME_LENGTH_HIST=1-15:10|16-25:12|26-40:16|41-60:2|61+:0
WIN_BY_CAUSE=DECK_OUT:W=12,L=12,D=0|NO_ACTIVE:W=11,L=11,D=0|PRIZE:W=17,L=17,D=0
TURN_NODE_DIST=1-2:5.63%(17265/306825)|3-5:12.48%(38278/306825)|6+:81.90%(251282/306825)
SEARCH_MAX_DEPTH=29
SEARCH_MEAN_DEPTH=5.4707
MEAN_DEPTH=5.4707
SIMS_CONTRIBUTED=315300
SIMS_CONFIGURED=315300
SIMS_CONTRIBUTED_PER_DECISION=100.0000
SIMS_CONFIGURED_PER_DECISION=100.0000
PRIZE_REWARD_REACHED=4.06%(128/3153)
STALL_DRAW_PASS_TURNS=354
STALL_SHUFFLE_WITH_RESOURCES=101
MISSED_ATTACH=205
SHAPING_BREAKDOWN=BOARD_DECK_DIFF:0.107925|DAMAGE_PRESSURE:0.002490|DISRUPTION:0.000028|ENERGY_DENIAL:0.001404|ITEM_LOCK_PENALTY:0.000000|KO_BONUS:0.000653|PARALYSIS:0.000000|PRIZE_DIFF:-0.021509|SLEEP:0.000000
ROOT_OPTION_STATS=ATTACK:available=83,chosen=33,not_chosen=50,zero_visit_rate=6.02%(5/83),mean_opt_visit=14.14,mean_opt_q=-0.1596,mean_chosen_visit=59.52,mean_chosen_q=0.1698|ENERGY_ATTACH:available=869,chosen=320,not_chosen=549,zero_visit_rate=14.50%(126/869),mean_opt_visit=8.17,mean_opt_q=-0.4776,mean_chosen_visit=62.71,mean_chosen_q=-0.1083
ATTACH_PRIOR_DIST=special:n=956,attach_prior[mean=0.1049,min=0.0001,max=0.9994,hist=(<0.001:458,0.001-0.005:60,0.005-0.01:43,0.01-0.03:53,0.03-0.1:83,0.1-0.3:143,0.3-1.0:116,1.0:0)],chosen_prior[mean=0.4499,min=0.0000,max=0.9994,hist=(<0.001:52,0.001-0.005:7,0.005-0.01:0,0.01-0.03:11,0.03-0.1:81,0.1-0.3:195,0.3-1.0:610,1.0:0)]|plain:n=4801,attach_prior[mean=0.0553,min=0.0000,max=0.9990,hist=(<0.001:2720,0.001-0.005:398,0.005-0.01:128,0.01-0.03:233,0.03-0.1:637,0.1-0.3:414,0.3-1.0:271,1.0:0)],chosen_prior[mean=0.4623,min=0.0000,max=0.9995,hist=(<0.001:310,0.001-0.005:59,0.005-0.01:7,0.01-0.03:28,0.03-0.1:468,0.1-0.3:898,0.3-1.0:3031,1.0:0)]
SIM_KO_REACHED=2.25%(7080/315300)
SIM_KO_DEPTH_MEAN=4.0148
SIM_KO_DEPTH_MIN=1
SIM_KO_DEPTH_MAX=19
TRUE_RESULT_TALLY=P0_WINS=26,P1_WINS=14,DRAWS=0
=== DIAG_DUMP_END ===
