=== DIAG_DUMP_BEGIN ===
DIAG_GAMES=1
TRUNC_TOTAL_NODES=3372
TRUNC_FIRED=56
TRUNC_FIRE_RATE=1.66%
TRUNC_OPTCOUNT_HIST=1-8:1687|9-16:570|17-32:766|33-64:293|65-128:56|129-256:0|257+:0
TRUNC_FIRE_RATE_BY_TURN=1-2:0.00%(0/160)|3-5:0.00%(0/146)|6+:1.83%(56/3066)
TRUNC_DROPPED_BY_TYPE=ABILITY:108,ATTACH:544,PLAY:1,RETREAT:54
TRUNC_DROPPED_CRITICAL=0
TRUNC_DROPPED_CRITICAL_STATUS=PASS
MULTISELECT_FIXED_LEN=min=0,max=2:nodes=24,shorter_legal=24,shorter_generated=0,shorter_missed=24|min=0,max=3:nodes=14,shorter_legal=14,shorter_generated=0,shorter_missed=14|min=0,max=5:nodes=15,shorter_legal=15,shorter_generated=0,shorter_missed=15|min=2,max=2:nodes=98,shorter_legal=0,shorter_generated=0,shorter_missed=0
MULTISELECT_SHORTER_MISSED=53
MULTISELECT_CTX_HIST=DISCARD:98,SETUP_BENCH_POKEMON:19,TO_HAND:34
GAME_LENGTH_HIST=1-15:0|16-25:0|26-40:0|41-60:1|61+:0
WIN_BY_CAUSE=NO_ACTIVE:W=1,L=1,D=0
TURN_NODE_DIST=1-2:4.74%(160/3372)|3-5:4.33%(146/3372)|6+:90.93%(3066/3372)
SEARCH_MAX_DEPTH=9
SEARCH_MEAN_DEPTH=2.2212
MEAN_DEPTH=2.2212
SIMS_CONTRIBUTED=3260
SIMS_CONFIGURED=3260
SIMS_CONTRIBUTED_PER_DECISION=20.0000
SIMS_CONFIGURED_PER_DECISION=20.0000
PRIZE_REWARD_REACHED=3.07%(5/163)
STALL_DRAW_PASS_TURNS=27
STALL_SHUFFLE_WITH_RESOURCES=3
MISSED_ATTACH=34
SHAPING_BREAKDOWN=BOARD_DECK_DIFF:0.009125|DAMAGE_PRESSURE:0.004804|DISRUPTION:0.000062|ENERGY_DENIAL:0.000000|ITEM_LOCK_PENALTY:0.000000|KO_BONUS:0.000059|PARALYSIS:0.000000|PRIZE_DIFF:0.000608|SLEEP:0.000000
=== DIAG_DUMP_END ===
