=== DIAG_DUMP_BEGIN ===
DIAG_GAMES=20
TRUNC_TOTAL_NODES=16625
TRUNC_FIRED=91
TRUNC_FIRE_RATE=0.55%
TRUNC_OPTCOUNT_HIST=1-8:10054|9-16:2866|17-32:2471|33-64:1143|65-128:90|129-256:1|257+:0
TRUNC_FIRE_RATE_BY_TURN=1-2:0.00%(0/1199)|3-5:0.00%(0/1249)|6+:0.64%(91/14177)
TRUNC_DROPPED_BY_TYPE=ATTACH:1718,PLAY:19,RETREAT:2
TRUNC_DROPPED_CRITICAL=0
TRUNC_DROPPED_CRITICAL_STATUS=PASS
MULTISELECT_FIXED_LEN=min=0,max=2:nodes=135,shorter_legal=135,shorter_generated=0,shorter_missed=135|min=0,max=3:nodes=244,shorter_legal=244,shorter_generated=0,shorter_missed=244|min=0,max=4:nodes=3,shorter_legal=3,shorter_generated=0,shorter_missed=3|min=0,max=5:nodes=49,shorter_legal=49,shorter_generated=0,shorter_missed=49|min=2,max=2:nodes=316,shorter_legal=0,shorter_generated=0,shorter_missed=0
MULTISELECT_SHORTER_MISSED=431
MULTISELECT_CTX_HIST=DISCARD:307,DISCARD_ENERGY_CARD:6,SETUP_BENCH_POKEMON:75,TO_HAND:359
GAME_LENGTH_HIST=1-15:1|16-25:3|26-40:4|41-60:7|61+:5
WIN_BY_CAUSE=DECK_OUT:W=15,L=15,D=0|NO_ACTIVE:W=5,L=5,D=0
TURN_NODE_DIST=1-2:7.21%(1199/16625)|3-5:7.51%(1249/16625)|6+:85.28%(14177/16625)
SEARCH_MAX_DEPTH=5
SEARCH_MEAN_DEPTH=1.6418
MEAN_DEPTH=1.6418
SIMS_CONTRIBUTED=14010
SIMS_CONFIGURED=14010
SIMS_CONTRIBUTED_PER_DECISION=5.0000
SIMS_CONFIGURED_PER_DECISION=5.0000
PRIZE_REWARD_REACHED=0.54%(15/2802)
STALL_DRAW_PASS_TURNS=596
STALL_SHUFFLE_WITH_RESOURCES=76
MISSED_ATTACH=641
SHAPING_BREAKDOWN=BOARD_DECK_DIFF:0.053741|DAMAGE_PRESSURE:0.001689|DISRUPTION:0.000123|ENERGY_DENIAL:0.000009|ITEM_LOCK_PENALTY:0.000000|KO_BONUS:0.000000|PARALYSIS:0.000000|PRIZE_DIFF:0.001549|SLEEP:0.000000
=== DIAG_DUMP_END ===
