=== DIAG_DUMP_BEGIN ===
DIAG_GAMES=3
AGENT=UNKNOWN
TRUNC_TOTAL_NODES=9230
TRUNC_FIRED=115
TRUNC_FIRE_RATE=1.25%
TRUNC_OPTCOUNT_HIST=1-8:5328|9-16:2039|17-32:1174|33-64:574|65-128:115|129-256:0|257+:0
TRUNC_FIRE_RATE_BY_TURN=1-2:0.00%(0/378)|3-5:0.00%(0/464)|6+:1.37%(115/8388)
TRUNC_DROPPED_BY_TYPE=ATTACH:2808,PLAY:113,RETREAT:48
TRUNC_DROPPED_CRITICAL=0
TRUNC_DROPPED_CRITICAL_STATUS=PASS
MULTISELECT_FIXED_LEN=min=0,max=2:nodes=152,shorter_legal=152,shorter_generated=0,shorter_missed=152|min=0,max=3:nodes=201,shorter_legal=201,shorter_generated=0,shorter_missed=201|min=0,max=5:nodes=38,shorter_legal=38,shorter_generated=0,shorter_missed=38|min=2,max=2:nodes=459,shorter_legal=0,shorter_generated=0,shorter_missed=0
MULTISELECT_SHORTER_MISSED=391
MULTISELECT_CTX_HIST=DISCARD:459,SETUP_BENCH_POKEMON:45,TO_HAND:346
GAME_LENGTH_HIST=1-15:0|16-25:0|26-40:0|41-60:0|61+:3
WIN_BY_CAUSE=DECK_OUT:W=3,L=3,D=0
TURN_NODE_DIST=1-2:4.10%(378/9230)|3-5:5.03%(464/9230)|6+:90.88%(8388/9230)
SEARCH_MAX_DEPTH=10
SEARCH_MEAN_DEPTH=1.9750
MEAN_DEPTH=1.9750
SIMS_CONTRIBUTED=8880
SIMS_CONFIGURED=8880
SIMS_CONTRIBUTED_PER_DECISION=20.0000
SIMS_CONFIGURED_PER_DECISION=20.0000
PRIZE_REWARD_REACHED=0.45%(2/444)
STALL_DRAW_PASS_TURNS=178
STALL_SHUFFLE_WITH_RESOURCES=7
MISSED_ATTACH=156
SHAPING_BREAKDOWN=BOARD_DECK_DIFF:0.005144|DAMAGE_PRESSURE:0.000423|DISRUPTION:0.000068|ENERGY_DENIAL:0.000043|ITEM_LOCK_PENALTY:0.000000|KO_BONUS:0.000238|PARALYSIS:0.000000|PRIZE_DIFF:-0.000607|SLEEP:0.000000
ROOT_OPTION_STATS=ATTACK:available=22,chosen=5,not_chosen=17,zero_visit_rate=18.18%(4/22),mean_opt_visit=1.59,mean_opt_q=-0.2930,mean_chosen_visit=2.53,mean_chosen_q=-0.0896|ENERGY_ATTACH:available=216,chosen=29,not_chosen=187,zero_visit_rate=10.65%(23/216),mean_opt_visit=1.16,mean_opt_q=-0.4118,mean_chosen_visit=7.09,mean_chosen_q=0.0078
ATTACH_PRIOR_DIST=special:n=242,attach_prior[mean=0.1100,min=0.0110,max=0.5197,hist=(<0.001:0,0.001-0.005:0,0.005-0.01:0,0.01-0.03:30,0.03-0.1:95,0.1-0.3:112,0.3-1.0:5,1.0:0)],chosen_prior[mean=0.0465,min=0.0097,max=0.5197,hist=(<0.001:0,0.001-0.005:0,0.005-0.01:9,0.01-0.03:153,0.03-0.1:55,0.1-0.3:20,0.3-1.0:5,1.0:0)]|plain:n=1752,attach_prior[mean=0.0292,min=0.0003,max=0.5596,hist=(<0.001:28,0.001-0.005:295,0.005-0.01:369,0.01-0.03:577,0.03-0.1:381,0.1-0.3:96,0.3-1.0:6,1.0:0)],chosen_prior[mean=0.0734,min=0.0064,max=0.7278,hist=(<0.001:0,0.001-0.005:0,0.005-0.01:35,0.01-0.03:577,0.03-0.1:723,0.1-0.3:362,0.3-1.0:55,1.0:0)]
SIM_KO_REACHED=0.18%(16/8880)
SIM_KO_DEPTH_MEAN=2.1250
SIM_KO_DEPTH_MIN=2
SIM_KO_DEPTH_MAX=4
TRUE_RESULT_TALLY=P0_WINS=1,P1_WINS=2,DRAWS=0
POLICY_TARGET_ZERO_FRACTION_MEAN=0.2113
POLICY_TARGET_ENTROPY_MEAN=1.5724
POLICY_TARGET_COUNT=444
=== DIAG_DUMP_END ===
