=== DIAG_DUMP_BEGIN ===
DIAG_GAMES=20
TRUNC_TOTAL_NODES=64824
TRUNC_FIRED=871
TRUNC_FIRE_RATE=1.34%
TRUNC_OPTCOUNT_HIST=1-8:29951|9-16:16594|17-32:11958|33-64:5450|65-128:851|129-256:20|257+:0
TRUNC_FIRE_RATE_BY_TURN=1-2:0.00%(0/2937)|3-5:0.00%(0/3311)|6+:1.49%(871/58576)
TRUNC_DROPPED_BY_TYPE=ABILITY:4,ATTACH:15928,EVOLVE:70,PLAY:486,RETREAT:56
TRUNC_DROPPED_CRITICAL=0
TRUNC_DROPPED_CRITICAL_STATUS=PASS
MULTISELECT_FIXED_LEN=min=0,max=2:nodes=538,shorter_legal=538,shorter_generated=0,shorter_missed=538|min=0,max=3:nodes=634,shorter_legal=634,shorter_generated=0,shorter_missed=634|min=0,max=4:nodes=18,shorter_legal=18,shorter_generated=0,shorter_missed=18|min=0,max=5:nodes=242,shorter_legal=242,shorter_generated=0,shorter_missed=242|min=2,max=2:nodes=1408,shorter_legal=0,shorter_generated=0,shorter_missed=0
MULTISELECT_SHORTER_MISSED=1432
MULTISELECT_CTX_HIST=DISCARD:1405,DISCARD_ENERGY_CARD:12,SETUP_BENCH_POKEMON:302,TO_HAND:1121
GAME_LENGTH_HIST=1-15:1|16-25:0|26-40:0|41-60:2|61+:17
WIN_BY_CAUSE=DECK_OUT:W=16,L=16,D=0|NO_ACTIVE:W=4,L=4,D=0
TURN_NODE_DIST=1-2:4.53%(2937/64824)|3-5:5.11%(3311/64824)|6+:90.36%(58576/64824)
SEARCH_MAX_DEPTH=19
SEARCH_MEAN_DEPTH=2.3623
MEAN_DEPTH=2.3623
SIMS_CONTRIBUTED=62360
SIMS_CONFIGURED=62360
SIMS_CONTRIBUTED_PER_DECISION=20.0000
SIMS_CONFIGURED_PER_DECISION=20.0000
PRIZE_REWARD_REACHED=0.45%(14/3118)
STALL_DRAW_PASS_TURNS=1177
STALL_SHUFFLE_WITH_RESOURCES=118
MISSED_ATTACH=1399
SHAPING_BREAKDOWN=BOARD_DECK_DIFF:0.000000|DAMAGE_PRESSURE:0.000573|DISRUPTION:0.000074|ENERGY_DENIAL:0.000026|ITEM_LOCK_PENALTY:0.000000|KO_BONUS:0.000003|PARALYSIS:0.000000|PRIZE_DIFF:0.000142|SLEEP:0.000000
=== DIAG_DUMP_END ===
