=== DIAG_DUMP_BEGIN ===
DIAG_GAMES=5
TRUNC_TOTAL_NODES=16593
TRUNC_FIRED=132
TRUNC_FIRE_RATE=0.80%
TRUNC_OPTCOUNT_HIST=1-8:13279|9-16:1752|17-32:916|33-64:514|65-128:125|129-256:7|257+:0
TRUNC_FIRE_RATE_BY_TURN=1-2:0.00%(0/1812)|3-5:0.00%(0/1954)|6+:1.03%(132/12827)
TRUNC_DROPPED_BY_TYPE=ABILITY:19,ATTACH:4103,RETREAT:28
TRUNC_DROPPED_CRITICAL=0
TRUNC_DROPPED_CRITICAL_STATUS=PASS
MULTISELECT_FIXED_LEN=min=0,max=2:nodes=74,shorter_legal=74,shorter_generated=0,shorter_missed=74|min=0,max=3:nodes=96,shorter_legal=96,shorter_generated=0,shorter_missed=96|min=0,max=5:nodes=23,shorter_legal=23,shorter_generated=0,shorter_missed=23|min=2,max=2:nodes=480,shorter_legal=0,shorter_generated=0,shorter_missed=0
MULTISELECT_SHORTER_MISSED=193
MULTISELECT_CTX_HIST=DISCARD:474,DISCARD_ENERGY_CARD:1,SETUP_BENCH_POKEMON:44,TO_HAND:154
GAME_LENGTH_HIST=1-15:0|16-25:0|26-40:1|41-60:2|61+:2
WIN_BY_CAUSE=DECK_OUT:W=5,L=5,D=0
TURN_NODE_DIST=1-2:10.92%(1812/16593)|3-5:11.78%(1954/16593)|6+:77.30%(12827/16593)
SEARCH_MAX_DEPTH=11
SEARCH_MEAN_DEPTH=2.3335
MEAN_DEPTH=2.3335
SIMS_CONTRIBUTED=15860
SIMS_CONFIGURED=15860
SIMS_CONTRIBUTED_PER_DECISION=20.0000
SIMS_CONFIGURED_PER_DECISION=20.0000
PRIZE_REWARD_REACHED=0.13%(1/793)
STALL_DRAW_PASS_TURNS=132
STALL_SHUFFLE_WITH_RESOURCES=17
MISSED_ATTACH=70
SHAPING_BREAKDOWN=BOARD_DECK_DIFF:0.008694|DAMAGE_PRESSURE:0.000996|DISRUPTION:0.000085|ENERGY_DENIAL:0.000118|ITEM_LOCK_PENALTY:0.000000|KO_BONUS:0.000012|PARALYSIS:0.000000|PRIZE_DIFF:0.000110|SLEEP:0.000000
ROOT_OPTION_STATS=ATTACK:available=54,chosen=8,not_chosen=46,zero_visit_rate=29.63%(16/54),mean_opt_visit=2.20,mean_opt_q=-0.0644,mean_chosen_visit=6.30,mean_chosen_q=-0.0461|ENERGY_ATTACH:available=217,chosen=98,not_chosen=119,zero_visit_rate=1.38%(3/217),mean_opt_visit=2.89,mean_opt_q=-0.1307,mean_chosen_visit=6.02,mean_chosen_q=0.0627
ATTACH_PRIOR_DIST=special:n=312,attach_prior[mean=0.1371,min=0.0214,max=0.4786,hist=(<0.001:0,0.001-0.005:0,0.005-0.01:0,0.01-0.03:14,0.03-0.1:117,0.1-0.3:162,0.3-1.0:19,1.0:0)],chosen_prior[mean=0.1208,min=0.0065,max=0.4786,hist=(<0.001:0,0.001-0.005:0,0.005-0.01:2,0.01-0.03:80,0.03-0.1:80,0.1-0.3:120,0.3-1.0:30,1.0:0)]|plain:n=1217,attach_prior[mean=0.0799,min=0.0023,max=0.5729,hist=(<0.001:0,0.001-0.005:40,0.005-0.01:76,0.01-0.03:228,0.03-0.1:546,0.1-0.3:307,0.3-1.0:20,1.0:0)],chosen_prior[mean=0.1228,min=0.0048,max=0.7750,hist=(<0.001:0,0.001-0.005:4,0.005-0.01:1,0.01-0.03:279,0.03-0.1:340,0.1-0.3:516,0.3-1.0:77,1.0:0)]
SIM_KO_REACHED=0.01%(1/15860)
SIM_KO_DEPTH_MEAN=5.0000
SIM_KO_DEPTH_MIN=5
SIM_KO_DEPTH_MAX=5
TRUE_RESULT_TALLY=P0_WINS=3,P1_WINS=2,DRAWS=0
=== DIAG_DUMP_END ===
