=== DIAG_DUMP_BEGIN ===
DIAG_GAMES=1
TRUNC_TOTAL_NODES=3019
TRUNC_FIRED=25
TRUNC_FIRE_RATE=0.83%
TRUNC_OPTCOUNT_HIST=1-8:1393|9-16:864|17-32:642|33-64:95|65-128:25|129-256:0|257+:0
TRUNC_FIRE_RATE_BY_TURN=1-2:0.00%(0/199)|3-5:0.00%(0/248)|6+:0.97%(25/2572)
TRUNC_DROPPED_BY_TYPE=ATTACH:327
TRUNC_DROPPED_CRITICAL=0
TRUNC_DROPPED_CRITICAL_STATUS=PASS
MULTISELECT_FIXED_LEN=min=0,max=2:nodes=12,shorter_legal=12,shorter_generated=0,shorter_missed=12|min=0,max=3:nodes=15,shorter_legal=15,shorter_generated=0,shorter_missed=15|min=0,max=5:nodes=14,shorter_legal=14,shorter_generated=0,shorter_missed=14|min=2,max=2:nodes=38,shorter_legal=0,shorter_generated=0,shorter_missed=0
MULTISELECT_SHORTER_MISSED=41
MULTISELECT_CTX_HIST=DISCARD:38,SETUP_BENCH_POKEMON:21,TO_HAND:20
GAME_LENGTH_HIST=1-15:0|16-25:0|26-40:0|41-60:1|61+:0
WIN_BY_CAUSE=DECK_OUT:W=1,L=1,D=0
TURN_NODE_DIST=1-2:6.59%(199/3019)|3-5:8.21%(248/3019)|6+:85.19%(2572/3019)
SEARCH_MAX_DEPTH=11
SEARCH_MEAN_DEPTH=2.4162
MEAN_DEPTH=2.4162
SIMS_CONTRIBUTED=2900
SIMS_CONFIGURED=2900
SIMS_CONTRIBUTED_PER_DECISION=20.0000
SIMS_CONFIGURED_PER_DECISION=20.0000
PRIZE_REWARD_REACHED=0.00%(0/145)
STALL_DRAW_PASS_TURNS=39
STALL_SHUFFLE_WITH_RESOURCES=7
MISSED_ATTACH=43
SHAPING_BREAKDOWN=BOARD_DECK_DIFF:0.022176|DAMAGE_PRESSURE:0.000013|DISRUPTION:0.000070|ENERGY_DENIAL:0.000050|ITEM_LOCK_PENALTY:0.000000|KO_BONUS:0.000000|PARALYSIS:0.000000|PRIZE_DIFF:0.000000|SLEEP:0.000000
ROOT_OPTION_STATS=ENERGY_ATTACH:available=80,chosen=6,not_chosen=74,zero_visit_rate=33.75%(27/80),mean_opt_visit=1.09,mean_opt_q=-0.3071,mean_chosen_visit=10.78,mean_chosen_q=-0.0573
ATTACH_PRIOR_DIST=special:n=17,attach_prior[mean=0.0344,min=0.0295,max=0.0435,hist=(<0.001:0,0.001-0.005:0,0.005-0.01:0,0.01-0.03:2,0.03-0.1:15,0.1-0.3:0,0.3-1.0:0,1.0:0)],chosen_prior[mean=0.2388,min=0.0295,max=0.6505,hist=(<0.001:0,0.001-0.005:0,0.005-0.01:0,0.01-0.03:2,0.03-0.1:5,0.1-0.3:4,0.3-1.0:6,1.0:0)]|plain:n=609,attach_prior[mean=0.0330,min=0.0228,max=0.0455,hist=(<0.001:0,0.001-0.005:0,0.005-0.01:0,0.01-0.03:174,0.03-0.1:435,0.1-0.3:0,0.3-1.0:0,1.0:0)],chosen_prior[mean=0.4416,min=0.0059,max=0.9074,hist=(<0.001:0,0.001-0.005:0,0.005-0.01:5,0.01-0.03:36,0.03-0.1:31,0.1-0.3:96,0.3-1.0:441,1.0:0)]
SIM_KO_REACHED=0.00%(0/2900)
SIM_KO_DEPTH_MEAN=0.0000
SIM_KO_DEPTH_MIN=0
SIM_KO_DEPTH_MAX=0
=== DIAG_DUMP_END ===
