=== DIAG_DUMP_BEGIN ===
DIAG_GAMES=32
TRUNC_TOTAL_NODES=83591
TRUNC_FIRED=1352
TRUNC_FIRE_RATE=1.62%
TRUNC_OPTCOUNT_HIST=1-8:48278|9-16:19148|17-32:10834|33-64:3979|65-128:1185|129-256:167|257+:0
TRUNC_FIRE_RATE_BY_TURN=1-2:0.00%(0/4386)|3-5:0.00%(0/5130)|6+:1.83%(1352/74075)
TRUNC_DROPPED_BY_TYPE=ABILITY:14,ATTACH:43357,PLAY:1033,RETREAT:528
TRUNC_DROPPED_CRITICAL=0
TRUNC_DROPPED_CRITICAL_STATUS=PASS
MULTISELECT_FIXED_LEN=min=0,max=2:nodes=880,shorter_legal=880,shorter_generated=0,shorter_missed=880|min=0,max=3:nodes=1328,shorter_legal=1328,shorter_generated=0,shorter_missed=1328|min=0,max=4:nodes=47,shorter_legal=47,shorter_generated=0,shorter_missed=47|min=0,max=5:nodes=312,shorter_legal=312,shorter_generated=0,shorter_missed=312|min=2,max=2:nodes=3939,shorter_legal=0,shorter_generated=0,shorter_missed=0
MULTISELECT_SHORTER_MISSED=2567
MULTISELECT_CTX_HIST=DISCARD:3874,DISCARD_ENERGY_CARD:84,SETUP_BENCH_POKEMON:405,TO_HAND:2143
GAME_LENGTH_HIST=1-15:4|16-25:3|26-40:0|41-60:2|61+:23
WIN_BY_CAUSE=DECK_OUT:W=23,L=23,D=0|NO_ACTIVE:W=8,L=8,D=0|PRIZE:W=1,L=1,D=0
TURN_NODE_DIST=1-2:5.25%(4386/83591)|3-5:6.14%(5130/83591)|6+:88.62%(74075/83591)
SEARCH_MAX_DEPTH=16
SEARCH_MEAN_DEPTH=2.1085
MEAN_DEPTH=2.1085
SIMS_CONTRIBUTED=80880
SIMS_CONFIGURED=80880
SIMS_CONTRIBUTED_PER_DECISION=20.0000
SIMS_CONFIGURED_PER_DECISION=20.0000
PRIZE_REWARD_REACHED=2.84%(115/4044)
STALL_DRAW_PASS_TURNS=1365
STALL_SHUFFLE_WITH_RESOURCES=38
MISSED_ATTACH=1373
SHAPING_BREAKDOWN=BOARD_DECK_DIFF:0.010123|DAMAGE_PRESSURE:0.000857|DISRUPTION:0.000083|ENERGY_DENIAL:0.000279|ITEM_LOCK_PENALTY:0.000000|KO_BONUS:0.000447|PARALYSIS:0.000000|PRIZE_DIFF:0.000081|SLEEP:0.000000
ROOT_OPTION_STATS=ATTACK:available=299,chosen=132,not_chosen=167,zero_visit_rate=7.36%(22/299),mean_opt_visit=3.98,mean_opt_q=-0.1418,mean_chosen_visit=5.95,mean_chosen_q=-0.0922|ENERGY_ATTACH:available=2322,chosen=380,not_chosen=1942,zero_visit_rate=8.27%(192/2322),mean_opt_visit=1.27,mean_opt_q=-0.3743,mean_chosen_visit=7.81,mean_chosen_q=-0.0137
ATTACH_PRIOR_DIST=special:n=1712,attach_prior[mean=0.1189,min=0.0139,max=0.5552,hist=(<0.001:0,0.001-0.005:0,0.005-0.01:0,0.01-0.03:131,0.03-0.1:713,0.1-0.3:786,0.3-1.0:82,1.0:0)],chosen_prior[mean=0.0932,min=0.0011,max=0.5552,hist=(<0.001:0,0.001-0.005:20,0.005-0.01:12,0.01-0.03:504,0.03-0.1:654,0.1-0.3:432,0.3-1.0:90,1.0:0)]|plain:n=17799,attach_prior[mean=0.0347,min=0.0002,max=0.5654,hist=(<0.001:432,0.001-0.005:3230,0.005-0.01:2761,0.01-0.03:5249,0.03-0.1:4641,0.1-0.3:1439,0.3-1.0:47,1.0:0)],chosen_prior[mean=0.1153,min=0.0011,max=0.9306,hist=(<0.001:0,0.001-0.005:67,0.005-0.01:124,0.01-0.03:4419,0.03-0.1:6530,0.1-0.3:4960,0.3-1.0:1699,1.0:0)]
SIM_KO_REACHED=0.98%(790/80880)
SIM_KO_DEPTH_MEAN=2.6949
SIM_KO_DEPTH_MIN=1
SIM_KO_DEPTH_MAX=9
TRUE_RESULT_TALLY=P0_WINS=15,P1_WINS=17,DRAWS=0
=== DIAG_DUMP_END ===
