=== DIAG_DUMP_BEGIN ===
DIAG_GAMES=1
TRUNC_TOTAL_NODES=678
TRUNC_FIRED=7
TRUNC_FIRE_RATE=1.03%
TRUNC_OPTCOUNT_HIST=1-8:399|9-16:197|17-32:59|33-64:16|65-128:7|129-256:0|257+:0
TRUNC_FIRE_RATE_BY_TURN=1-2:0.00%(0/78)|3-5:0.00%(0/79)|6+:1.34%(7/521)
TRUNC_DROPPED_BY_TYPE=ATTACH:57
TRUNC_DROPPED_CRITICAL=0
TRUNC_DROPPED_CRITICAL_STATUS=PASS
MULTISELECT_FIXED_LEN=min=0,max=2:nodes=10,shorter_legal=10,shorter_generated=0,shorter_missed=10|min=0,max=3:nodes=6,shorter_legal=6,shorter_generated=0,shorter_missed=6|min=0,max=5:nodes=3,shorter_legal=3,shorter_generated=0,shorter_missed=3|min=2,max=2:nodes=9,shorter_legal=0,shorter_generated=0,shorter_missed=0
MULTISELECT_SHORTER_MISSED=19
MULTISELECT_CTX_HIST=DISCARD:9,SETUP_BENCH_POKEMON:5,TO_HAND:14
GAME_LENGTH_HIST=1-15:0|16-25:0|26-40:0|41-60:1|61+:0
WIN_BY_CAUSE=DECK_OUT:W=1,L=1,D=0
TURN_NODE_DIST=1-2:11.50%(78/678)|3-5:11.65%(79/678)|6+:76.84%(521/678)
SEARCH_MAX_DEPTH=5
SEARCH_MEAN_DEPTH=1.5018
MEAN_DEPTH=1.5018
SIMS_CONTRIBUTED=570
SIMS_CONFIGURED=570
SIMS_CONTRIBUTED_PER_DECISION=5.0000
SIMS_CONFIGURED_PER_DECISION=5.0000
PRIZE_REWARD_REACHED=0.00%(0/114)
STALL_DRAW_PASS_TURNS=32
STALL_SHUFFLE_WITH_RESOURCES=4
MISSED_ATTACH=36
SHAPING_BREAKDOWN=BOARD_DECK_DIFF:0.065059|DAMAGE_PRESSURE:0.000000|DISRUPTION:0.000133|ENERGY_DENIAL:0.000000|ITEM_LOCK_PENALTY:0.000000|KO_BONUS:0.000000|PARALYSIS:0.000000|PRIZE_DIFF:0.000000|SLEEP:0.000000
=== DIAG_DUMP_END ===
