=== DIAG_DUMP_BEGIN ===
DIAG_GAMES=20
TRUNC_TOTAL_NODES=68960
TRUNC_FIRED=721
TRUNC_FIRE_RATE=1.05%
TRUNC_OPTCOUNT_HIST=1-8:53930|9-16:7590|17-32:4129|33-64:2590|65-128:721|129-256:0|257+:0
TRUNC_FIRE_RATE_BY_TURN=1-2:0.00%(0/6511)|3-5:0.00%(0/9440)|6+:1.36%(721/53009)
TRUNC_DROPPED_BY_TYPE=ABILITY:450,ATTACH:12301,PLAY:229,RETREAT:339
TRUNC_DROPPED_CRITICAL=0
TRUNC_DROPPED_CRITICAL_STATUS=PASS
MULTISELECT_FIXED_LEN=min=0,max=2:nodes=372,shorter_legal=372,shorter_generated=0,shorter_missed=372|min=0,max=3:nodes=347,shorter_legal=347,shorter_generated=0,shorter_missed=347|min=0,max=4:nodes=4,shorter_legal=4,shorter_generated=0,shorter_missed=4|min=0,max=5:nodes=77,shorter_legal=77,shorter_generated=0,shorter_missed=77|min=2,max=2:nodes=1812,shorter_legal=0,shorter_generated=0,shorter_missed=0
MULTISELECT_SHORTER_MISSED=800
MULTISELECT_CTX_HIST=DISCARD:1763,DISCARD_ENERGY_CARD:110,SETUP_BENCH_POKEMON:130,TO_HAND:609
GAME_LENGTH_HIST=1-15:0|16-25:0|26-40:8|41-60:9|61+:3
WIN_BY_CAUSE=DECK_OUT:W=19,L=19,D=0|PRIZE:W=1,L=1,D=0
TURN_NODE_DIST=1-2:9.44%(6511/68960)|3-5:13.69%(9440/68960)|6+:76.87%(53009/68960)
SEARCH_MAX_DEPTH=14
SEARCH_MEAN_DEPTH=2.3451
MEAN_DEPTH=2.3451
SIMS_CONTRIBUTED=66120
SIMS_CONFIGURED=66120
SIMS_CONTRIBUTED_PER_DECISION=20.0000
SIMS_CONFIGURED_PER_DECISION=20.0000
PRIZE_REWARD_REACHED=0.15%(5/3306)
STALL_DRAW_PASS_TURNS=431
STALL_SHUFFLE_WITH_RESOURCES=87
MISSED_ATTACH=237
SHAPING_BREAKDOWN=BOARD_DECK_DIFF:0.013003|DAMAGE_PRESSURE:0.001180|DISRUPTION:0.000071|ENERGY_DENIAL:0.000363|ITEM_LOCK_PENALTY:0.000000|KO_BONUS:0.000026|PARALYSIS:0.000000|PRIZE_DIFF:-0.002208|SLEEP:0.000000
ROOT_OPTION_STATS=ATTACK:available=243,chosen=38,not_chosen=205,zero_visit_rate=36.21%(88/243),mean_opt_visit=2.00,mean_opt_q=-0.0839,mean_chosen_visit=6.73,mean_chosen_q=-0.0064|ENERGY_ATTACH:available=872,chosen=406,not_chosen=466,zero_visit_rate=1.38%(12/872),mean_opt_visit=2.81,mean_opt_q=-0.1181,mean_chosen_visit=6.46,mean_chosen_q=0.0839
ATTACH_PRIOR_DIST=special:n=1080,attach_prior[mean=0.1295,min=0.0134,max=0.8844,hist=(<0.001:0,0.001-0.005:0,0.005-0.01:0,0.01-0.03:85,0.03-0.1:418,0.1-0.3:522,0.3-1.0:55,1.0:0)],chosen_prior[mean=0.1117,min=0.0040,max=0.8844,hist=(<0.001:0,0.001-0.005:7,0.005-0.01:22,0.01-0.03:244,0.03-0.1:344,0.1-0.3:415,0.3-1.0:48,1.0:0)]|plain:n=5175,attach_prior[mean=0.0756,min=0.0016,max=0.8285,hist=(<0.001:0,0.001-0.005:139,0.005-0.01:373,0.01-0.03:1097,0.03-0.1:2209,0.1-0.3:1262,0.3-1.0:95,1.0:0)],chosen_prior[mean=0.1213,min=0.0040,max=0.8548,hist=(<0.001:0,0.001-0.005:13,0.005-0.01:65,0.01-0.03:942,0.03-0.1:1697,0.1-0.3:2154,0.3-1.0:304,1.0:0)]
SIM_KO_REACHED=0.11%(74/66120)
SIM_KO_DEPTH_MEAN=2.0135
SIM_KO_DEPTH_MIN=1
SIM_KO_DEPTH_MAX=5
TRUE_RESULT_TALLY=P0_WINS=12,P1_WINS=8,DRAWS=0
=== DIAG_DUMP_END ===
