=== DIAG_DUMP_BEGIN ===
DIAG_GAMES=1
TRUNC_TOTAL_NODES=2130
TRUNC_FIRED=0
TRUNC_FIRE_RATE=0.00%
TRUNC_OPTCOUNT_HIST=1-8:1003|9-16:250|17-32:692|33-64:185|65-128:0|129-256:0|257+:0
TRUNC_FIRE_RATE_BY_TURN=1-2:0.00%(0/72)|3-5:0.00%(0/92)|6+:0.00%(0/1966)
TRUNC_DROPPED_BY_TYPE=NONE
TRUNC_DROPPED_CRITICAL=0
TRUNC_DROPPED_CRITICAL_STATUS=PASS
MULTISELECT_FIXED_LEN=min=0,max=5:nodes=14,shorter_legal=14,shorter_generated=0,shorter_missed=14|min=2,max=2:nodes=1,shorter_legal=0,shorter_generated=0,shorter_missed=0
MULTISELECT_SHORTER_MISSED=14
MULTISELECT_CTX_HIST=DISCARD:1,SETUP_BENCH_POKEMON:14
GAME_LENGTH_HIST=1-15:0|16-25:0|26-40:0|41-60:0|61+:1
WIN_BY_CAUSE=DECK_OUT:W=1,L=1,D=0
TURN_NODE_DIST=1-2:3.38%(72/2130)|3-5:4.32%(92/2130)|6+:92.30%(1966/2130)
SEARCH_MAX_DEPTH=6
SEARCH_MEAN_DEPTH=1.4843
MEAN_DEPTH=1.4843
SIMS_CONTRIBUTED=2040
SIMS_CONFIGURED=2040
SIMS_CONTRIBUTED_PER_DECISION=20.0000
SIMS_CONFIGURED_PER_DECISION=20.0000
PRIZE_REWARD_REACHED=0.00%(0/102)
STALL_DRAW_PASS_TURNS=92
STALL_SHUFFLE_WITH_RESOURCES=0
MISSED_ATTACH=91
SHAPING_BREAKDOWN=BOARD_DECK_DIFF:-0.019883|DAMAGE_PRESSURE:0.000047|DISRUPTION:0.000113|ENERGY_DENIAL:0.000000|ITEM_LOCK_PENALTY:0.000000|KO_BONUS:0.000000|PARALYSIS:0.000000|PRIZE_DIFF:-0.000070|SLEEP:0.000000
ROOT_OPTION_STATS=ENERGY_ATTACH:available=98,chosen=3,not_chosen=95,zero_visit_rate=8.16%(8/98),mean_opt_visit=0.94,mean_opt_q=-0.6772,mean_chosen_visit=8.84,mean_chosen_q=0.4198
ATTACH_PRIOR_DIST=special:n=18,attach_prior[mean=0.0688,min=0.0673,max=0.0715,hist=(<0.001:0,0.001-0.005:0,0.005-0.01:0,0.01-0.03:0,0.03-0.1:18,0.1-0.3:0,0.3-1.0:0,1.0:0)],chosen_prior[mean=0.0230,min=0.0225,max=0.0240,hist=(<0.001:0,0.001-0.005:0,0.005-0.01:0,0.01-0.03:18,0.03-0.1:0,0.1-0.3:0,0.3-1.0:0,1.0:0)]|plain:n=628,attach_prior[mean=0.0585,min=0.0006,max=0.6422,hist=(<0.001:3,0.001-0.005:41,0.005-0.01:0,0.01-0.03:181,0.03-0.1:338,0.1-0.3:60,0.3-1.0:5,1.0:0)],chosen_prior[mean=0.0301,min=0.0170,max=0.6422,hist=(<0.001:0,0.001-0.005:0,0.005-0.01:0,0.01-0.03:516,0.03-0.1:106,0.1-0.3:2,0.3-1.0:4,1.0:0)]
SIM_KO_REACHED=0.00%(0/2040)
SIM_KO_DEPTH_MEAN=0.0000
SIM_KO_DEPTH_MIN=0
SIM_KO_DEPTH_MAX=0
=== DIAG_DUMP_END ===
