=== DIAG_DUMP_BEGIN ===
DIAG_GAMES=25
AGENT=agentA
TRUNC_TOTAL_NODES=70544
TRUNC_FIRED=1335
TRUNC_FIRE_RATE=1.89%
TRUNC_OPTCOUNT_HIST=1-8:42170|9-16:14608|17-32:9296|33-64:3135|65-128:1083|129-256:252|257+:0
TRUNC_FIRE_RATE_BY_TURN=1-2:0.00%(0/3607)|3-5:0.00%(0/3743)|6+:2.11%(1335/63194)
TRUNC_DROPPED_BY_TYPE=ABILITY:43,ATTACH:51535,EVOLVE:14,PLAY:996,RETREAT:528
TRUNC_DROPPED_CRITICAL=0
TRUNC_DROPPED_CRITICAL_STATUS=PASS
MULTISELECT_FIXED_LEN=min=0,max=2:nodes=660,shorter_legal=660,shorter_generated=0,shorter_missed=660|min=0,max=3:nodes=788,shorter_legal=788,shorter_generated=0,shorter_missed=788|min=0,max=4:nodes=23,shorter_legal=23,shorter_generated=0,shorter_missed=23|min=0,max=5:nodes=268,shorter_legal=268,shorter_generated=0,shorter_missed=268|min=2,max=2:nodes=3460,shorter_legal=0,shorter_generated=0,shorter_missed=0
MULTISELECT_SHORTER_MISSED=1739
MULTISELECT_CTX_HIST=DISCARD:3411,DISCARD_ENERGY_CARD:39,SETUP_BENCH_POKEMON:375,TO_HAND:1374
GAME_LENGTH_HIST=1-15:3|16-25:0|26-40:0|41-60:3|61+:19
WIN_BY_CAUSE=DECK_OUT:W=16,L=16,D=0|NO_ACTIVE:W=6,L=6,D=0|PRIZE:W=3,L=3,D=0
TURN_NODE_DIST=1-2:5.11%(3607/70544)|3-5:5.31%(3743/70544)|6+:89.58%(63194/70544)
SEARCH_MAX_DEPTH=13
SEARCH_MEAN_DEPTH=2.0695
MEAN_DEPTH=2.0695
SIMS_CONTRIBUTED=68220
SIMS_CONFIGURED=68220
SIMS_CONTRIBUTED_PER_DECISION=20.0000
SIMS_CONFIGURED_PER_DECISION=20.0000
PRIZE_REWARD_REACHED=2.79%(95/3411)
STALL_DRAW_PASS_TURNS=1164
STALL_SHUFFLE_WITH_RESOURCES=35
MISSED_ATTACH=1142
SHAPING_BREAKDOWN=BOARD_DECK_DIFF:0.006298|DAMAGE_PRESSURE:0.000804|DISRUPTION:0.000092|ENERGY_DENIAL:0.000248|ITEM_LOCK_PENALTY:0.000000|KO_BONUS:0.000482|PARALYSIS:0.000000|PRIZE_DIFF:-0.000247|SLEEP:0.000000
ROOT_OPTION_STATS=ATTACK:available=306,chosen=97,not_chosen=209,zero_visit_rate=21.90%(67/306),mean_opt_visit=2.36,mean_opt_q=-0.1482,mean_chosen_visit=5.31,mean_chosen_q=-0.0236|ENERGY_ATTACH:available=1877,chosen=296,not_chosen=1581,zero_visit_rate=8.20%(154/1877),mean_opt_visit=1.42,mean_opt_q=-0.3534,mean_chosen_visit=7.55,mean_chosen_q=0.0225
ATTACH_PRIOR_DIST=special:n=1943,attach_prior[mean=0.1025,min=0.0062,max=0.8345,hist=(<0.001:0,0.001-0.005:0,0.005-0.01:22,0.01-0.03:298,0.03-0.1:979,0.1-0.3:540,0.3-1.0:104,1.0:0)],chosen_prior[mean=0.0696,min=0.0010,max=0.8345,hist=(<0.001:0,0.001-0.005:9,0.005-0.01:12,0.01-0.03:807,0.03-0.1:749,0.1-0.3:308,0.3-1.0:58,1.0:0)]|plain:n=15720,attach_prior[mean=0.0315,min=0.0001,max=0.5186,hist=(<0.001:509,0.001-0.005:3189,0.005-0.01:2716,0.01-0.03:4559,0.03-0.1:3544,0.1-0.3:1171,0.3-1.0:32,1.0:0)],chosen_prior[mean=0.0912,min=0.0010,max=0.8697,hist=(<0.001:0,0.001-0.005:27,0.005-0.01:123,0.01-0.03:5022,0.03-0.1:6071,0.1-0.3:3571,0.3-1.0:906,1.0:0)]
SIM_KO_REACHED=0.84%(570/68220)
SIM_KO_DEPTH_MEAN=2.3491
SIM_KO_DEPTH_MIN=1
SIM_KO_DEPTH_MAX=5
TRUE_RESULT_TALLY=P0_WINS=17,P1_WINS=8,DRAWS=0
=== DIAG_DUMP_END ===
=== DIAG_DUMP_BEGIN ===
DIAG_GAMES=25
AGENT=agentB
TRUNC_TOTAL_NODES=68036
TRUNC_FIRED=942
TRUNC_FIRE_RATE=1.38%
TRUNC_OPTCOUNT_HIST=1-8:39737|9-16:15397|17-32:9233|33-64:2727|65-128:866|129-256:76|257+:0
TRUNC_FIRE_RATE_BY_TURN=1-2:0.00%(0/3473)|3-5:0.00%(0/3648)|6+:1.55%(942/60915)
TRUNC_DROPPED_BY_TYPE=ABILITY:22,ATTACH:27739,PLAY:797,RETREAT:323
TRUNC_DROPPED_CRITICAL=0
TRUNC_DROPPED_CRITICAL_STATUS=PASS
MULTISELECT_FIXED_LEN=min=0,max=2:nodes=927,shorter_legal=927,shorter_generated=0,shorter_missed=927|min=0,max=3:nodes=845,shorter_legal=845,shorter_generated=0,shorter_missed=845|min=0,max=4:nodes=18,shorter_legal=18,shorter_generated=0,shorter_missed=18|min=0,max=5:nodes=289,shorter_legal=289,shorter_generated=0,shorter_missed=289|min=2,max=2:nodes=2621,shorter_legal=0,shorter_generated=0,shorter_missed=0
MULTISELECT_SHORTER_MISSED=2079
MULTISELECT_CTX_HIST=DISCARD:2579,DISCARD_ENERGY_CARD:49,SETUP_BENCH_POKEMON:359,TO_HAND:1713
GAME_LENGTH_HIST=1-15:0|16-25:3|26-40:2|41-60:2|61+:18
WIN_BY_CAUSE=DECK_OUT:W=17,L=17,D=0|NO_ACTIVE:W=7,L=7,D=0|PRIZE:W=1,L=1,D=0
TURN_NODE_DIST=1-2:5.10%(3473/68036)|3-5:5.36%(3648/68036)|6+:89.53%(60915/68036)
SEARCH_MAX_DEPTH=10
SEARCH_MEAN_DEPTH=2.0705
MEAN_DEPTH=2.0705
SIMS_CONTRIBUTED=65560
SIMS_CONFIGURED=65560
SIMS_CONTRIBUTED_PER_DECISION=20.0000
SIMS_CONFIGURED_PER_DECISION=20.0000
PRIZE_REWARD_REACHED=2.99%(98/3278)
STALL_DRAW_PASS_TURNS=1135
STALL_SHUFFLE_WITH_RESOURCES=32
MISSED_ATTACH=1137
SHAPING_BREAKDOWN=BOARD_DECK_DIFF:0.007891|DAMAGE_PRESSURE:0.000866|DISRUPTION:0.000086|ENERGY_DENIAL:0.000328|ITEM_LOCK_PENALTY:0.000000|KO_BONUS:0.000573|PARALYSIS:0.000000|PRIZE_DIFF:0.000614|SLEEP:0.000000
ROOT_OPTION_STATS=ATTACK:available=228,chosen=87,not_chosen=141,zero_visit_rate=10.53%(24/228),mean_opt_visit=3.46,mean_opt_q=-0.1007,mean_chosen_visit=6.15,mean_chosen_q=0.0209|ENERGY_ATTACH:available=1950,chosen=309,not_chosen=1641,zero_visit_rate=8.87%(173/1950),mean_opt_visit=1.31,mean_opt_q=-0.3856,mean_chosen_visit=7.70,mean_chosen_q=-0.0140
ATTACH_PRIOR_DIST=special:n=1381,attach_prior[mean=0.1254,min=0.0113,max=0.6118,hist=(<0.001:0,0.001-0.005:0,0.005-0.01:0,0.01-0.03:151,0.03-0.1:517,0.1-0.3:632,0.3-1.0:81,1.0:0)],chosen_prior[mean=0.0867,min=0.0010,max=0.6118,hist=(<0.001:3,0.001-0.005:12,0.005-0.01:21,0.01-0.03:459,0.03-0.1:519,0.1-0.3:294,0.3-1.0:73,1.0:0)]|plain:n=13353,attach_prior[mean=0.0336,min=0.0002,max=0.6084,hist=(<0.001:387,0.001-0.005:2495,0.005-0.01:2184,0.01-0.03:3952,0.03-0.1:3234,0.1-0.3:1055,0.3-1.0:46,1.0:0)],chosen_prior[mean=0.1118,min=0.0010,max=0.7678,hist=(<0.001:5,0.001-0.005:67,0.005-0.01:138,0.01-0.03:2857,0.03-0.1:5407,0.1-0.3:3735,0.3-1.0:1144,1.0:0)]
SIM_KO_REACHED=1.10%(720/65560)
SIM_KO_DEPTH_MEAN=2.5153
SIM_KO_DEPTH_MIN=1
SIM_KO_DEPTH_MAX=8
TRUE_RESULT_TALLY=P0_WINS=13,P1_WINS=12,DRAWS=0
=== DIAG_DUMP_END ===
