=== DIAG_DUMP_BEGIN ===
DIAG_GAMES=200
TRUNC_TOTAL_NODES=561134
TRUNC_FIRED=8798
TRUNC_FIRE_RATE=1.57%
TRUNC_OPTCOUNT_HIST=1-8:325545|9-16:126929|17-32:75442|33-64:24420|65-128:7745|129-256:1053|257+:0
TRUNC_FIRE_RATE_BY_TURN=1-2:0.00%(0/28079)|3-5:0.00%(0/32983)|6+:1.76%(8798/500072)
TRUNC_DROPPED_BY_TYPE=ABILITY:207,ATTACH:270560,EVOLVE:9,PLAY:7366,RETREAT:3814
TRUNC_DROPPED_CRITICAL=0
TRUNC_DROPPED_CRITICAL_STATUS=PASS
MULTISELECT_FIXED_LEN=min=0,max=2:nodes=6758,shorter_legal=6758,shorter_generated=0,shorter_missed=6758|min=0,max=3:nodes=8205,shorter_legal=8205,shorter_generated=0,shorter_missed=8205|min=0,max=4:nodes=184,shorter_legal=184,shorter_generated=0,shorter_missed=184|min=0,max=5:nodes=2253,shorter_legal=2253,shorter_generated=0,shorter_missed=2253|min=2,max=2:nodes=25316,shorter_legal=0,shorter_generated=0,shorter_missed=0
MULTISELECT_SHORTER_MISSED=17400
MULTISELECT_CTX_HIST=DISCARD:24827,DISCARD_ENERGY_CARD:469,SETUP_BENCH_POKEMON:2837,TO_HAND:14583
GAME_LENGTH_HIST=1-15:11|16-25:12|26-40:14|41-60:18|61+:145
WIN_BY_CAUSE=DECK_OUT:W=143,L=143,D=0|NO_ACTIVE:W=48,L=48,D=0|PRIZE:W=9,L=9,D=0
TURN_NODE_DIST=1-2:5.00%(28079/561134)|3-5:5.88%(32983/561134)|6+:89.12%(500072/561134)
SEARCH_MAX_DEPTH=16
SEARCH_MEAN_DEPTH=2.0777
MEAN_DEPTH=2.0777
SIMS_CONTRIBUTED=541840
SIMS_CONFIGURED=541840
SIMS_CONTRIBUTED_PER_DECISION=20.0000
SIMS_CONFIGURED_PER_DECISION=20.0000
PRIZE_REWARD_REACHED=2.55%(691/27092)
STALL_DRAW_PASS_TURNS=9084
STALL_SHUFFLE_WITH_RESOURCES=260
MISSED_ATTACH=8818
SHAPING_BREAKDOWN=BOARD_DECK_DIFF:0.008218|DAMAGE_PRESSURE:0.000813|DISRUPTION:0.000081|ENERGY_DENIAL:0.000232|ITEM_LOCK_PENALTY:0.000000|KO_BONUS:0.000424|PARALYSIS:0.000000|PRIZE_DIFF:0.000317|SLEEP:0.000000
ROOT_OPTION_STATS=ATTACK:available=2008,chosen=605,not_chosen=1403,zero_visit_rate=13.20%(265/2008),mean_opt_visit=3.09,mean_opt_q=-0.1506,mean_chosen_visit=5.89,mean_chosen_q=-0.0248|ENERGY_ATTACH:available=15449,chosen=2525,not_chosen=12924,zero_visit_rate=8.95%(1383/15449),mean_opt_visit=1.32,mean_opt_q=-0.3779,mean_chosen_visit=7.55,mean_chosen_q=-0.0133
ATTACH_PRIOR_DIST=special:n=13032,attach_prior[mean=0.1111,min=0.0070,max=0.7495,hist=(<0.001:0,0.001-0.005:0,0.005-0.01:66,0.01-0.03:1942,0.03-0.1:5546,0.1-0.3:4757,0.3-1.0:721,1.0:0)],chosen_prior[mean=0.0762,min=0.0009,max=0.7495,hist=(<0.001:5,0.001-0.005:62,0.005-0.01:135,0.01-0.03:5291,0.03-0.1:4789,0.1-0.3:2117,0.3-1.0:633,1.0:0)]|plain:n=116604,attach_prior[mean=0.0335,min=0.0001,max=0.7910,hist=(<0.001:3593,0.001-0.005:20655,0.005-0.01:19481,0.01-0.03:34924,0.03-0.1:28797,0.1-0.3:8746,0.3-1.0:408,1.0:0)],chosen_prior[mean=0.1050,min=0.0008,max=0.9931,hist=(<0.001:14,0.001-0.005:406,0.005-0.01:940,0.01-0.03:31589,0.03-0.1:44715,0.1-0.3:29462,0.3-1.0:9478,1.0:0)]
SIM_KO_REACHED=0.91%(4951/541840)
SIM_KO_DEPTH_MEAN=2.5670
SIM_KO_DEPTH_MIN=1
SIM_KO_DEPTH_MAX=10
TRUE_RESULT_TALLY=P0_WINS=104,P1_WINS=96,DRAWS=0
=== DIAG_DUMP_END ===
