=== DIAG_DUMP_BEGIN ===
DIAG_GAMES=5
TRUNC_TOTAL_NODES=17847
TRUNC_FIRED=178
TRUNC_FIRE_RATE=1.00%
TRUNC_OPTCOUNT_HIST=1-8:13801|9-16:2221|17-32:1005|33-64:642|65-128:178|129-256:0|257+:0
TRUNC_FIRE_RATE_BY_TURN=1-2:0.00%(0/2184)|3-5:0.00%(0/2140)|6+:1.32%(178/13523)
TRUNC_DROPPED_BY_TYPE=ABILITY:151,ATTACH:3401,PLAY:35,RETREAT:109
TRUNC_DROPPED_CRITICAL=0
TRUNC_DROPPED_CRITICAL_STATUS=PASS
MULTISELECT_FIXED_LEN=min=0,max=2:nodes=125,shorter_legal=125,shorter_generated=0,shorter_missed=125|min=0,max=3:nodes=98,shorter_legal=98,shorter_generated=0,shorter_missed=98|min=0,max=4:nodes=2,shorter_legal=2,shorter_generated=0,shorter_missed=2|min=0,max=5:nodes=22,shorter_legal=22,shorter_generated=0,shorter_missed=22|min=2,max=2:nodes=410,shorter_legal=0,shorter_generated=0,shorter_missed=0
MULTISELECT_SHORTER_MISSED=247
MULTISELECT_CTX_HIST=DISCARD:376,DISCARD_ENERGY_CARD:34,SETUP_BENCH_POKEMON:45,TO_HAND:202
GAME_LENGTH_HIST=1-15:0|16-25:1|26-40:0|41-60:3|61+:1
WIN_BY_CAUSE=DECK_OUT:W=4,L=4,D=0|PRIZE:W=1,L=1,D=0
TURN_NODE_DIST=1-2:12.24%(2184/17847)|3-5:11.99%(2140/17847)|6+:75.77%(13523/17847)
SEARCH_MAX_DEPTH=9
SEARCH_MEAN_DEPTH=2.2863
MEAN_DEPTH=2.2863
SIMS_CONTRIBUTED=17100
SIMS_CONFIGURED=17100
SIMS_CONTRIBUTED_PER_DECISION=20.0000
SIMS_CONFIGURED_PER_DECISION=20.0000
PRIZE_REWARD_REACHED=0.47%(4/855)
STALL_DRAW_PASS_TURNS=121
STALL_SHUFFLE_WITH_RESOURCES=20
MISSED_ATTACH=59
SHAPING_BREAKDOWN=BOARD_DECK_DIFF:0.011599|DAMAGE_PRESSURE:0.001902|DISRUPTION:0.000066|ENERGY_DENIAL:0.000692|ITEM_LOCK_PENALTY:0.000000|KO_BONUS:0.000022|PARALYSIS:0.000000|PRIZE_DIFF:-0.002809|SLEEP:0.000000
ROOT_OPTION_STATS=ATTACK:available=70,chosen=12,not_chosen=58,zero_visit_rate=38.57%(27/70),mean_opt_visit=2.05,mean_opt_q=-0.0449,mean_chosen_visit=5.83,mean_chosen_q=-0.0328|ENERGY_ATTACH:available=221,chosen=91,not_chosen=130,zero_visit_rate=2.26%(5/221),mean_opt_visit=3.38,mean_opt_q=-0.0619,mean_chosen_visit=6.50,mean_chosen_q=0.1032
ATTACH_PRIOR_DIST=special:n=380,attach_prior[mean=0.0976,min=0.0122,max=0.5033,hist=(<0.001:0,0.001-0.005:0,0.005-0.01:0,0.01-0.03:22,0.03-0.1:230,0.1-0.3:122,0.3-1.0:6,1.0:0)],chosen_prior[mean=0.0964,min=0.0085,max=0.5033,hist=(<0.001:0,0.001-0.005:0,0.005-0.01:14,0.01-0.03:87,0.03-0.1:140,0.1-0.3:132,0.3-1.0:7,1.0:0)]|plain:n=1116,attach_prior[mean=0.0895,min=0.0018,max=0.6624,hist=(<0.001:0,0.001-0.005:30,0.005-0.01:49,0.01-0.03:195,0.03-0.1:458,0.1-0.3:359,0.3-1.0:25,1.0:0)],chosen_prior[mean=0.1292,min=0.0085,max=0.6898,hist=(<0.001:0,0.001-0.005:0,0.005-0.01:15,0.01-0.03:142,0.03-0.1:394,0.1-0.3:480,0.3-1.0:85,1.0:0)]
SIM_KO_REACHED=0.24%(41/17100)
SIM_KO_DEPTH_MEAN=1.6829
SIM_KO_DEPTH_MIN=1
SIM_KO_DEPTH_MAX=6
TRUE_RESULT_TALLY=P0_WINS=4,P1_WINS=1,DRAWS=0
=== DIAG_DUMP_END ===
