=== DIAG_DUMP_BEGIN ===
DIAG_GAMES=32
TRUNC_TOTAL_NODES=84806
TRUNC_FIRED=1355
TRUNC_FIRE_RATE=1.60%
TRUNC_OPTCOUNT_HIST=1-8:50206|9-16:18868|17-32:10932|33-64:3445|65-128:1227|129-256:128|257+:0
TRUNC_FIRE_RATE_BY_TURN=1-2:0.00%(0/4300)|3-5:0.00%(0/5315)|6+:1.80%(1355/75191)
TRUNC_DROPPED_BY_TYPE=ABILITY:19,ATTACH:41694,EVOLVE:2,PLAY:1024,RETREAT:604
TRUNC_DROPPED_CRITICAL=0
TRUNC_DROPPED_CRITICAL_STATUS=PASS
MULTISELECT_FIXED_LEN=min=0,max=2:nodes=1056,shorter_legal=1056,shorter_generated=0,shorter_missed=1056|min=0,max=3:nodes=1527,shorter_legal=1527,shorter_generated=0,shorter_missed=1527|min=0,max=4:nodes=8,shorter_legal=8,shorter_generated=0,shorter_missed=8|min=0,max=5:nodes=345,shorter_legal=345,shorter_generated=0,shorter_missed=345|min=2,max=2:nodes=3957,shorter_legal=0,shorter_generated=0,shorter_missed=0
MULTISELECT_SHORTER_MISSED=2936
MULTISELECT_CTX_HIST=DISCARD:3852,DISCARD_ENERGY_CARD:100,SETUP_BENCH_POKEMON:461,TO_HAND:2480
GAME_LENGTH_HIST=1-15:4|16-25:2|26-40:0|41-60:6|61+:20
WIN_BY_CAUSE=DECK_OUT:W=24,L=24,D=0|NO_ACTIVE:W=8,L=8,D=0
TURN_NODE_DIST=1-2:5.07%(4300/84806)|3-5:6.27%(5315/84806)|6+:88.66%(75191/84806)
SEARCH_MAX_DEPTH=11
SEARCH_MEAN_DEPTH=2.1022
MEAN_DEPTH=2.1022
SIMS_CONTRIBUTED=81760
SIMS_CONFIGURED=81760
SIMS_CONTRIBUTED_PER_DECISION=20.0000
SIMS_CONFIGURED_PER_DECISION=20.0000
PRIZE_REWARD_REACHED=1.69%(69/4088)
STALL_DRAW_PASS_TURNS=1325
STALL_SHUFFLE_WITH_RESOURCES=45
MISSED_ATTACH=1262
SHAPING_BREAKDOWN=BOARD_DECK_DIFF:0.006033|DAMAGE_PRESSURE:0.000634|DISRUPTION:0.000087|ENERGY_DENIAL:0.000136|ITEM_LOCK_PENALTY:0.000000|KO_BONUS:0.000337|PARALYSIS:0.000000|PRIZE_DIFF:-0.000042|SLEEP:0.000000
ROOT_OPTION_STATS=ATTACK:available=326,chosen=76,not_chosen=250,zero_visit_rate=23.62%(77/326),mean_opt_visit=1.92,mean_opt_q=-0.1820,mean_chosen_visit=7.41,mean_chosen_q=0.0206|ENERGY_ATTACH:available=2204,chosen=368,not_chosen=1836,zero_visit_rate=9.07%(200/2204),mean_opt_visit=1.35,mean_opt_q=-0.3803,mean_chosen_visit=7.52,mean_chosen_q=-0.0422
ATTACH_PRIOR_DIST=special:n=1615,attach_prior[mean=0.1180,min=0.0084,max=0.6614,hist=(<0.001:0,0.001-0.005:0,0.005-0.01:1,0.01-0.03:188,0.03-0.1:734,0.1-0.3:573,0.3-1.0:119,1.0:0)],chosen_prior[mean=0.0787,min=0.0018,max=0.6614,hist=(<0.001:0,0.001-0.005:9,0.005-0.01:15,0.01-0.03:643,0.03-0.1:586,0.1-0.3:273,0.3-1.0:89,1.0:0)]|plain:n=16544,attach_prior[mean=0.0340,min=0.0002,max=0.5541,hist=(<0.001:401,0.001-0.005:2759,0.005-0.01:2757,0.01-0.03:5102,0.03-0.1:4189,0.1-0.3:1280,0.3-1.0:56,1.0:0)],chosen_prior[mean=0.1100,min=0.0018,max=0.8674,hist=(<0.001:0,0.001-0.005:43,0.005-0.01:165,0.01-0.03:4028,0.03-0.1:6382,0.1-0.3:4547,0.3-1.0:1379,1.0:0)]
SIM_KO_REACHED=0.68%(552/81760)
SIM_KO_DEPTH_MEAN=2.2717
SIM_KO_DEPTH_MIN=1
SIM_KO_DEPTH_MAX=6
TRUE_RESULT_TALLY=P0_WINS=15,P1_WINS=17,DRAWS=0
=== DIAG_DUMP_END ===
