=== DIAG_DUMP_BEGIN ===
DIAG_GAMES=40
TRUNC_TOTAL_NODES=13703
TRUNC_FIRED=0
TRUNC_FIRE_RATE=0.00%
TRUNC_OPTCOUNT_HIST=1-8:5642|9-16:5659|17-32:2235|33-64:167|65-128:0|129-256:0|257+:0
TRUNC_FIRE_RATE_BY_TURN=1-2:0.00%(0/1950)|3-5:0.00%(0/1875)|6+:0.00%(0/9878)
TRUNC_DROPPED_BY_TYPE=NONE
TRUNC_DROPPED_CRITICAL=0
TRUNC_DROPPED_CRITICAL_STATUS=PASS
MULTISELECT_FIXED_LEN=min=0,max=2:nodes=51,shorter_legal=51,shorter_generated=0,shorter_missed=51|min=0,max=3:nodes=38,shorter_legal=38,shorter_generated=0,shorter_missed=38|min=0,max=4:nodes=17,shorter_legal=17,shorter_generated=0,shorter_missed=17|min=0,max=5:nodes=104,shorter_legal=104,shorter_generated=0,shorter_missed=104|min=2,max=2:nodes=52,shorter_legal=0,shorter_generated=0,shorter_missed=0
MULTISELECT_SHORTER_MISSED=210
MULTISELECT_CTX_HIST=DISCARD:46,SETUP_BENCH_POKEMON:167,TO_HAND:49
GAME_LENGTH_HIST=1-15:22|16-25:7|26-40:3|41-60:7|61+:1
WIN_BY_CAUSE=NO_ACTIVE:W=38,L=38,D=0|PRIZE:W=2,L=2,D=0
TURN_NODE_DIST=1-2:14.23%(1950/13703)|3-5:13.68%(1875/13703)|6+:72.09%(9878/13703)
SEARCH_MAX_DEPTH=9
SEARCH_MEAN_DEPTH=2.5443
MEAN_DEPTH=2.5443
SIMS_CONTRIBUTED=13080
SIMS_CONFIGURED=13080
SIMS_CONTRIBUTED_PER_DECISION=20.0000
SIMS_CONFIGURED_PER_DECISION=20.0000
PRIZE_REWARD_REACHED=0.00%(0/654)
STALL_DRAW_PASS_TURNS=492
STALL_SHUFFLE_WITH_RESOURCES=45
MISSED_ATTACH=483
SHAPING_BREAKDOWN=BOARD_DECK_DIFF:-0.028894|DAMAGE_PRESSURE:0.000002|DISRUPTION:0.000504|ENERGY_DENIAL:0.000405|ITEM_LOCK_PENALTY:0.000000|KO_BONUS:0.000000|PARALYSIS:0.000000|PRIZE_DIFF:-0.018521|SLEEP:0.000000
ROOT_OPTION_STATS=ATTACK:available=3,chosen=0,not_chosen=3,zero_visit_rate=66.67%(2/3),mean_opt_visit=0.33,mean_opt_q=-0.1753,mean_chosen_visit=11.67,mean_chosen_q=0.0812|ENERGY_ATTACH:available=444,chosen=2,not_chosen=442,zero_visit_rate=23.87%(106/444),mean_opt_visit=1.88,mean_opt_q=0.0098,mean_chosen_visit=10.55,mean_chosen_q=0.0605
ATTACH_PRIOR_DIST=special:n=198,attach_prior[mean=0.0431,min=0.0139,max=0.2018,hist=(<0.001:0,0.001-0.005:0,0.005-0.01:0,0.01-0.03:93,0.03-0.1:85,0.1-0.3:20,0.3-1.0:0,1.0:0)],chosen_prior[mean=0.3736,min=0.1326,max=0.7308,hist=(<0.001:0,0.001-0.005:0,0.005-0.01:0,0.01-0.03:0,0.03-0.1:0,0.1-0.3:69,0.3-1.0:129,1.0:0)]|plain:n=2346,attach_prior[mean=0.0450,min=0.0025,max=0.2352,hist=(<0.001:0,0.001-0.005:31,0.005-0.01:136,0.01-0.03:866,0.03-0.1:1083,0.1-0.3:230,0.3-1.0:0,1.0:0)],chosen_prior[mean=0.3458,min=0.0262,max=0.8515,hist=(<0.001:0,0.001-0.005:0,0.005-0.01:0,0.01-0.03:4,0.03-0.1:7,0.1-0.3:1137,0.3-1.0:1198,1.0:0)]
SIM_KO_REACHED=0.00%(0/13080)
SIM_KO_DEPTH_MEAN=0.0000
SIM_KO_DEPTH_MIN=0
SIM_KO_DEPTH_MAX=0
TRUE_RESULT_TALLY=P0_WINS=20,P1_WINS=20,DRAWS=0
=== DIAG_DUMP_END ===
