=== DIAG_DUMP_BEGIN ===
DIAG_GAMES=32
TRUNC_TOTAL_NODES=78115
TRUNC_FIRED=1544
TRUNC_FIRE_RATE=1.98%
TRUNC_OPTCOUNT_HIST=1-8:47320|9-16:16589|17-32:9662|33-64:3000|65-128:1181|129-256:363|257+:0
TRUNC_FIRE_RATE_BY_TURN=1-2:0.00%(0/4402)|3-5:0.00%(0/4831)|6+:2.24%(1544/68882)
TRUNC_DROPPED_BY_TYPE=ABILITY:11,ATTACH:61893,PLAY:1130,RETREAT:497
TRUNC_DROPPED_CRITICAL=0
TRUNC_DROPPED_CRITICAL_STATUS=PASS
MULTISELECT_FIXED_LEN=min=0,max=2:nodes=898,shorter_legal=898,shorter_generated=0,shorter_missed=898|min=0,max=3:nodes=1106,shorter_legal=1106,shorter_generated=0,shorter_missed=1106|min=0,max=4:nodes=20,shorter_legal=20,shorter_generated=0,shorter_missed=20|min=0,max=5:nodes=348,shorter_legal=348,shorter_generated=0,shorter_missed=348|min=2,max=2:nodes=3755,shorter_legal=0,shorter_generated=0,shorter_missed=0
MULTISELECT_SHORTER_MISSED=2372
MULTISELECT_CTX_HIST=DISCARD:3733,DISCARD_ENERGY_CARD:27,SETUP_BENCH_POKEMON:450,TO_HAND:1917
GAME_LENGTH_HIST=1-15:6|16-25:3|26-40:1|41-60:0|61+:22
WIN_BY_CAUSE=DECK_OUT:W=20,L=20,D=0|NO_ACTIVE:W=12,L=12,D=0
TURN_NODE_DIST=1-2:5.64%(4402/78115)|3-5:6.18%(4831/78115)|6+:88.18%(68882/78115)
SEARCH_MAX_DEPTH=14
SEARCH_MEAN_DEPTH=2.1004
MEAN_DEPTH=2.1004
SIMS_CONTRIBUTED=75440
SIMS_CONFIGURED=75440
SIMS_CONTRIBUTED_PER_DECISION=20.0000
SIMS_CONFIGURED_PER_DECISION=20.0000
PRIZE_REWARD_REACHED=1.80%(68/3772)
STALL_DRAW_PASS_TURNS=1313
STALL_SHUFFLE_WITH_RESOURCES=27
MISSED_ATTACH=1258
SHAPING_BREAKDOWN=BOARD_DECK_DIFF:0.006869|DAMAGE_PRESSURE:0.000645|DISRUPTION:0.000096|ENERGY_DENIAL:0.000201|ITEM_LOCK_PENALTY:0.000000|KO_BONUS:0.000248|PARALYSIS:0.000000|PRIZE_DIFF:-0.000259|SLEEP:0.000000
ROOT_OPTION_STATS=ATTACK:available=203,chosen=66,not_chosen=137,zero_visit_rate=9.85%(20/203),mean_opt_visit=4.34,mean_opt_q=-0.1012,mean_chosen_visit=6.26,mean_chosen_q=0.0049|ENERGY_ATTACH:available=2130,chosen=351,not_chosen=1779,zero_visit_rate=11.13%(237/2130),mean_opt_visit=1.29,mean_opt_q=-0.3823,mean_chosen_visit=8.18,mean_chosen_q=0.0167
ATTACH_PRIOR_DIST=special:n=1631,attach_prior[mean=0.1185,min=0.0078,max=0.6702,hist=(<0.001:0,0.001-0.005:0,0.005-0.01:3,0.01-0.03:222,0.03-0.1:677,0.1-0.3:621,0.3-1.0:108,1.0:0)],chosen_prior[mean=0.0722,min=0.0017,max=0.6702,hist=(<0.001:0,0.001-0.005:11,0.005-0.01:12,0.01-0.03:722,0.03-0.1:585,0.1-0.3:214,0.3-1.0:87,1.0:0)]|plain:n=16381,attach_prior[mean=0.0347,min=0.0001,max=0.7810,hist=(<0.001:502,0.001-0.005:2845,0.005-0.01:2756,0.01-0.03:4711,0.03-0.1:4198,0.1-0.3:1305,0.3-1.0:64,1.0:0)],chosen_prior[mean=0.1074,min=0.0017,max=0.8477,hist=(<0.001:0,0.001-0.005:32,0.005-0.01:96,0.01-0.03:4710,0.03-0.1:6059,0.1-0.3:4008,0.3-1.0:1476,1.0:0)]
SIM_KO_REACHED=0.75%(567/75440)
SIM_KO_DEPTH_MEAN=2.0723
SIM_KO_DEPTH_MIN=1
SIM_KO_DEPTH_MAX=6
TRUE_RESULT_TALLY=P0_WINS=11,P1_WINS=21,DRAWS=0
=== DIAG_DUMP_END ===
