=== DIAG_DUMP_BEGIN ===
DIAG_GAMES=20
TRUNC_TOTAL_NODES=69164
TRUNC_FIRED=535
TRUNC_FIRE_RATE=0.77%
TRUNC_OPTCOUNT_HIST=1-8:54918|9-16:7940|17-32:3333|33-64:2438|65-128:527|129-256:8|257+:0
TRUNC_FIRE_RATE_BY_TURN=1-2:0.00%(0/7566)|3-5:0.00%(0/8822)|6+:1.01%(535/52776)
TRUNC_DROPPED_BY_TYPE=ABILITY:151,ATTACH:9861,PLAY:85,RETREAT:152
TRUNC_DROPPED_CRITICAL=0
TRUNC_DROPPED_CRITICAL_STATUS=PASS
MULTISELECT_FIXED_LEN=min=0,max=2:nodes=241,shorter_legal=241,shorter_generated=0,shorter_missed=241|min=0,max=3:nodes=463,shorter_legal=463,shorter_generated=0,shorter_missed=463|min=0,max=4:nodes=8,shorter_legal=8,shorter_generated=0,shorter_missed=8|min=0,max=5:nodes=76,shorter_legal=76,shorter_generated=0,shorter_missed=76|min=2,max=2:nodes=1642,shorter_legal=0,shorter_generated=0,shorter_missed=0
MULTISELECT_SHORTER_MISSED=788
MULTISELECT_CTX_HIST=DISCARD:1634,DISCARD_ENERGY_CARD:7,SETUP_BENCH_POKEMON:155,TO_HAND:634
GAME_LENGTH_HIST=1-15:0|16-25:0|26-40:3|41-60:12|61+:5
WIN_BY_CAUSE=DECK_OUT:W=20,L=20,D=0
TURN_NODE_DIST=1-2:10.94%(7566/69164)|3-5:12.76%(8822/69164)|6+:76.31%(52776/69164)
SEARCH_MAX_DEPTH=10
SEARCH_MEAN_DEPTH=2.3274
MEAN_DEPTH=2.3274
SIMS_CONTRIBUTED=66200
SIMS_CONFIGURED=66200
SIMS_CONTRIBUTED_PER_DECISION=20.0000
SIMS_CONFIGURED_PER_DECISION=20.0000
PRIZE_REWARD_REACHED=0.03%(1/3310)
STALL_DRAW_PASS_TURNS=517
STALL_SHUFFLE_WITH_RESOURCES=87
MISSED_ATTACH=282
SHAPING_BREAKDOWN=BOARD_DECK_DIFF:0.008845|DAMAGE_PRESSURE:0.000508|DISRUPTION:0.000075|ENERGY_DENIAL:0.000145|ITEM_LOCK_PENALTY:0.000000|KO_BONUS:0.000023|PARALYSIS:0.000000|PRIZE_DIFF:0.000213|SLEEP:0.000000
ROOT_OPTION_STATS=ATTACK:available=260,chosen=40,not_chosen=220,zero_visit_rate=37.69%(98/260),mean_opt_visit=1.84,mean_opt_q=-0.0383,mean_chosen_visit=6.61,mean_chosen_q=0.0328|ENERGY_ATTACH:available=907,chosen=402,not_chosen=505,zero_visit_rate=1.43%(13/907),mean_opt_visit=2.50,mean_opt_q=-0.1406,mean_chosen_visit=6.89,mean_chosen_q=0.0927
ATTACH_PRIOR_DIST=special:n=1388,attach_prior[mean=0.1255,min=0.0145,max=0.5293,hist=(<0.001:0,0.001-0.005:0,0.005-0.01:0,0.01-0.03:78,0.03-0.1:588,0.1-0.3:661,0.3-1.0:61,1.0:0)],chosen_prior[mean=0.1026,min=0.0057,max=0.5293,hist=(<0.001:0,0.001-0.005:0,0.005-0.01:30,0.01-0.03:361,0.03-0.1:477,0.1-0.3:438,0.3-1.0:82,1.0:0)]|plain:n=5104,attach_prior[mean=0.0784,min=0.0016,max=0.7576,hist=(<0.001:0,0.001-0.005:153,0.005-0.01:347,0.01-0.03:1074,0.03-0.1:2110,0.1-0.3:1315,0.3-1.0:105,1.0:0)],chosen_prior[mean=0.1255,min=0.0057,max=0.7576,hist=(<0.001:0,0.001-0.005:0,0.005-0.01:39,0.01-0.03:971,0.03-0.1:1726,0.1-0.3:1914,0.3-1.0:454,1.0:0)]
SIM_KO_REACHED=0.03%(17/66200)
SIM_KO_DEPTH_MEAN=2.0000
SIM_KO_DEPTH_MIN=2
SIM_KO_DEPTH_MAX=2
TRUE_RESULT_TALLY=P0_WINS=9,P1_WINS=11,DRAWS=0
=== DIAG_DUMP_END ===
