=== DIAG_DUMP_BEGIN ===
DIAG_GAMES=2
TRUNC_TOTAL_NODES=5461
TRUNC_FIRED=108
TRUNC_FIRE_RATE=1.98%
TRUNC_OPTCOUNT_HIST=1-8:3051|9-16:1253|17-32:818|33-64:231|65-128:98|129-256:10|257+:0
TRUNC_FIRE_RATE_BY_TURN=1-2:0.00%(0/224)|3-5:0.00%(0/295)|6+:2.19%(108/4942)
TRUNC_DROPPED_BY_TYPE=ATTACH:3238,PLAY:104,RETREAT:60
TRUNC_DROPPED_CRITICAL=0
TRUNC_DROPPED_CRITICAL_STATUS=PASS
MULTISELECT_FIXED_LEN=min=0,max=2:nodes=43,shorter_legal=43,shorter_generated=0,shorter_missed=43|min=0,max=3:nodes=112,shorter_legal=112,shorter_generated=0,shorter_missed=112|min=0,max=5:nodes=31,shorter_legal=31,shorter_generated=0,shorter_missed=31|min=2,max=2:nodes=191,shorter_legal=0,shorter_generated=0,shorter_missed=0
MULTISELECT_SHORTER_MISSED=186
MULTISELECT_CTX_HIST=DISCARD:191,SETUP_BENCH_POKEMON:31,TO_HAND:155
GAME_LENGTH_HIST=1-15:0|16-25:0|26-40:0|41-60:0|61+:0
WIN_BY_CAUSE=NONE
TURN_NODE_DIST=1-2:4.10%(224/5461)|3-5:5.40%(295/5461)|6+:90.50%(4942/5461)
SEARCH_MAX_DEPTH=12
SEARCH_MEAN_DEPTH=2.0111
MEAN_DEPTH=2.0111
SIMS_CONTRIBUTED=5240
SIMS_CONFIGURED=5240
SIMS_CONTRIBUTED_PER_DECISION=20.0000
SIMS_CONFIGURED_PER_DECISION=20.0000
PRIZE_REWARD_REACHED=1.53%(4/262)
STALL_DRAW_PASS_TURNS=0
STALL_SHUFFLE_WITH_RESOURCES=0
MISSED_ATTACH=0
SHAPING_BREAKDOWN=BOARD_DECK_DIFF:0.011652|DAMAGE_PRESSURE:0.000363|DISRUPTION:0.000082|ENERGY_DENIAL:0.000284|ITEM_LOCK_PENALTY:0.000000|KO_BONUS:0.000330|PARALYSIS:0.000000|PRIZE_DIFF:-0.000220|SLEEP:0.000000
ROOT_OPTION_STATS=ATTACK:available=11,chosen=2,not_chosen=9,zero_visit_rate=0.00%(0/11),mean_opt_visit=5.89,mean_opt_q=-0.0751,mean_chosen_visit=4.22,mean_chosen_q=-0.2426|ENERGY_ATTACH:available=159,chosen=25,not_chosen=134,zero_visit_rate=4.40%(7/159),mean_opt_visit=1.53,mean_opt_q=-0.3897,mean_chosen_visit=6.11,mean_chosen_q=-0.1225
ATTACH_PRIOR_DIST=special:n=91,attach_prior[mean=0.1116,min=0.0186,max=0.5764,hist=(<0.001:0,0.001-0.005:0,0.005-0.01:0,0.01-0.03:18,0.03-0.1:25,0.1-0.3:42,0.3-1.0:6,1.0:0)],chosen_prior[mean=0.0930,min=0.0179,max=0.4756,hist=(<0.001:0,0.001-0.005:0,0.005-0.01:0,0.01-0.03:48,0.03-0.1:18,0.1-0.3:16,0.3-1.0:9,1.0:0)]|plain:n=1233,attach_prior[mean=0.0261,min=0.0002,max=0.5426,hist=(<0.001:41,0.001-0.005:287,0.005-0.01:204,0.01-0.03:413,0.03-0.1:226,0.1-0.3:59,0.3-1.0:3,1.0:0)],chosen_prior[mean=0.0942,min=0.0071,max=0.8968,hist=(<0.001:0,0.001-0.005:0,0.005-0.01:12,0.01-0.03:270,0.03-0.1:581,0.1-0.3:313,0.3-1.0:57,1.0:0)]
SIM_KO_REACHED=0.25%(13/5240)
SIM_KO_DEPTH_MEAN=3.6154
SIM_KO_DEPTH_MIN=3
SIM_KO_DEPTH_MAX=4
TRUE_RESULT_TALLY=P0_WINS=0,P1_WINS=0,DRAWS=0
=== DIAG_DUMP_END ===
