=== DIAG_DUMP_BEGIN ===
DIAG_GAMES=200
TRUNC_TOTAL_NODES=502710
TRUNC_FIRED=7265
TRUNC_FIRE_RATE=1.45%
TRUNC_OPTCOUNT_HIST=1-8:297566|9-16:112279|17-32:64652|33-64:20948|65-128:6331|129-256:934|257+:0
TRUNC_FIRE_RATE_BY_TURN=1-2:0.00%(0/28465)|3-5:0.00%(0/33143)|6+:1.65%(7265/441102)
TRUNC_DROPPED_BY_TYPE=ABILITY:109,ATTACH:225994,EVOLVE:12,PLAY:4997,RETREAT:3362
TRUNC_DROPPED_CRITICAL=0
TRUNC_DROPPED_CRITICAL_STATUS=PASS
MULTISELECT_FIXED_LEN=min=0,max=2:nodes=6028,shorter_legal=6028,shorter_generated=0,shorter_missed=6028|min=0,max=3:nodes=7389,shorter_legal=7389,shorter_generated=0,shorter_missed=7389|min=0,max=4:nodes=190,shorter_legal=190,shorter_generated=0,shorter_missed=190|min=0,max=5:nodes=2185,shorter_legal=2185,shorter_generated=0,shorter_missed=2185|min=2,max=2:nodes=23302,shorter_legal=0,shorter_generated=0,shorter_missed=0
MULTISELECT_SHORTER_MISSED=15792
MULTISELECT_CTX_HIST=DISCARD:22824,DISCARD_ENERGY_CARD:252,SETUP_BENCH_POKEMON:2964,TO_HAND:13054
GAME_LENGTH_HIST=1-15:22|16-25:20|26-40:15|41-60:14|61+:129
WIN_BY_CAUSE=DECK_OUT:W=127,L=127,D=0|NO_ACTIVE:W=66,L=66,D=0|PRIZE:W=7,L=7,D=0
TURN_NODE_DIST=1-2:5.66%(28465/502710)|3-5:6.59%(33143/502710)|6+:87.74%(441102/502710)
SEARCH_MAX_DEPTH=14
SEARCH_MEAN_DEPTH=2.0948
MEAN_DEPTH=2.0948
SIMS_CONTRIBUTED=486920
SIMS_CONFIGURED=486920
SIMS_CONTRIBUTED_PER_DECISION=20.0000
SIMS_CONFIGURED_PER_DECISION=20.0000
PRIZE_REWARD_REACHED=3.21%(781/24346)
STALL_DRAW_PASS_TURNS=8207
STALL_SHUFFLE_WITH_RESOURCES=233
MISSED_ATTACH=7985
SHAPING_BREAKDOWN=BOARD_DECK_DIFF:0.008854|DAMAGE_PRESSURE:0.000838|DISRUPTION:0.000091|ENERGY_DENIAL:0.000253|ITEM_LOCK_PENALTY:0.000000|KO_BONUS:0.000480|PARALYSIS:0.000000|PRIZE_DIFF:-0.000101|SLEEP:0.000000
ROOT_OPTION_STATS=ATTACK:available=1826,chosen=639,not_chosen=1187,zero_visit_rate=12.27%(224/1826),mean_opt_visit=3.28,mean_opt_q=-0.1011,mean_chosen_visit=6.39,mean_chosen_q=0.0315|ENERGY_ATTACH:available=13665,chosen=2211,not_chosen=11454,zero_visit_rate=9.35%(1277/13665),mean_opt_visit=1.35,mean_opt_q=-0.3732,mean_chosen_visit=7.74,mean_chosen_q=-0.0088
ATTACH_PRIOR_DIST=special:n=11162,attach_prior[mean=0.1130,min=0.0063,max=0.7473,hist=(<0.001:0,0.001-0.005:0,0.005-0.01:44,0.01-0.03:1476,0.03-0.1:5063,0.1-0.3:3941,0.3-1.0:638,1.0:0)],chosen_prior[mean=0.0765,min=0.0012,max=0.7187,hist=(<0.001:0,0.001-0.005:46,0.005-0.01:101,0.01-0.03:4487,0.03-0.1:4087,0.1-0.3:1925,0.3-1.0:516,1.0:0)]|plain:n=101943,attach_prior[mean=0.0341,min=0.0001,max=0.7404,hist=(<0.001:2998,0.001-0.005:19054,0.005-0.01:16747,0.01-0.03:29344,0.03-0.1:25525,0.1-0.3:7897,0.3-1.0:378,1.0:0)],chosen_prior[mean=0.1056,min=0.0010,max=0.9748,hist=(<0.001:0,0.001-0.005:279,0.005-0.01:824,0.01-0.03:28140,0.03-0.1:38289,0.1-0.3:26237,0.3-1.0:8174,1.0:0)]
SIM_KO_REACHED=1.11%(5381/486920)
SIM_KO_DEPTH_MEAN=2.4653
SIM_KO_DEPTH_MIN=1
SIM_KO_DEPTH_MAX=9
TRUE_RESULT_TALLY=P0_WINS=92,P1_WINS=108,DRAWS=0
=== DIAG_DUMP_END ===
