=== DIAG_DUMP_BEGIN ===
DIAG_GAMES=25
TRUNC_TOTAL_NODES=52163
TRUNC_FIRED=399
TRUNC_FIRE_RATE=0.76%
TRUNC_OPTCOUNT_HIST=1-8:28012|9-16:7897|17-32:12072|33-64:3783|65-128:390|129-256:9|257+:0
TRUNC_FIRE_RATE_BY_TURN=1-2:0.00%(0/2649)|3-5:0.00%(0/2840)|6+:0.85%(399/46674)
TRUNC_DROPPED_BY_TYPE=ABILITY:1,ATTACH:7562,PLAY:390,RETREAT:116
TRUNC_DROPPED_CRITICAL=0
TRUNC_DROPPED_CRITICAL_STATUS=PASS
MULTISELECT_FIXED_LEN=min=0,max=2:nodes=241,shorter_legal=241,shorter_generated=0,shorter_missed=241|min=0,max=3:nodes=345,shorter_legal=345,shorter_generated=0,shorter_missed=345|min=0,max=4:nodes=9,shorter_legal=9,shorter_generated=0,shorter_missed=9|min=0,max=5:nodes=298,shorter_legal=298,shorter_generated=0,shorter_missed=298|min=2,max=2:nodes=487,shorter_legal=0,shorter_generated=0,shorter_missed=0
MULTISELECT_SHORTER_MISSED=893
MULTISELECT_CTX_HIST=DISCARD:473,SETUP_BENCH_POKEMON:347,TO_HAND:560
GAME_LENGTH_HIST=1-15:1|16-25:0|26-40:1|41-60:1|61+:22
WIN_BY_CAUSE=DECK_OUT:W=20,L=20,D=0|NO_ACTIVE:W=5,L=5,D=0
TURN_NODE_DIST=1-2:5.08%(2649/52163)|3-5:5.44%(2840/52163)|6+:89.48%(46674/52163)
SEARCH_MAX_DEPTH=9
SEARCH_MEAN_DEPTH=1.6337
MEAN_DEPTH=1.6337
SIMS_CONTRIBUTED=50260
SIMS_CONFIGURED=50260
SIMS_CONTRIBUTED_PER_DECISION=20.0000
SIMS_CONFIGURED_PER_DECISION=20.0000
PRIZE_REWARD_REACHED=1.95%(49/2513)
STALL_DRAW_PASS_TURNS=2061
STALL_SHUFFLE_WITH_RESOURCES=35
MISSED_ATTACH=1956
SHAPING_BREAKDOWN=BOARD_DECK_DIFF:-0.013879|DAMAGE_PRESSURE:0.000320|DISRUPTION:0.000118|ENERGY_DENIAL:0.000082|ITEM_LOCK_PENALTY:0.000000|KO_BONUS:0.000046|PARALYSIS:0.000000|PRIZE_DIFF:0.000034|SLEEP:0.000000
ROOT_OPTION_STATS=ATTACK:available=223,chosen=46,not_chosen=177,zero_visit_rate=0.90%(2/223),mean_opt_visit=2.99,mean_opt_q=-0.4416,mean_chosen_visit=8.32,mean_chosen_q=0.0454|ENERGY_ATTACH:available=2145,chosen=93,not_chosen=2052,zero_visit_rate=3.96%(85/2145),mean_opt_visit=1.03,mean_opt_q=-0.5839,mean_chosen_visit=9.23,mean_chosen_q=0.3233
ATTACH_PRIOR_DIST=special:n=3992,attach_prior[mean=0.0307,min=0.0046,max=0.5417,hist=(<0.001:0,0.001-0.005:8,0.005-0.01:757,0.01-0.03:1928,0.03-0.1:1199,0.1-0.3:92,0.3-1.0:8,1.0:0)],chosen_prior[mean=0.0371,min=0.0139,max=0.6613,hist=(<0.001:0,0.001-0.005:0,0.005-0.01:0,0.01-0.03:2697,0.03-0.1:1148,0.1-0.3:110,0.3-1.0:37,1.0:0)]|plain:n=15636,attach_prior[mean=0.0466,min=0.0002,max=0.8211,hist=(<0.001:800,0.001-0.005:1575,0.005-0.01:601,0.01-0.03:4151,0.03-0.1:7002,0.1-0.3:1402,0.3-1.0:105,1.0:0)],chosen_prior[mean=0.0381,min=0.0139,max=0.8211,hist=(<0.001:0,0.001-0.005:0,0.005-0.01:0,0.01-0.03:10559,0.03-0.1:4344,0.1-0.3:555,0.3-1.0:178,1.0:0)]
SIM_KO_REACHED=0.40%(203/50260)
SIM_KO_DEPTH_MEAN=1.6946
SIM_KO_DEPTH_MIN=1
SIM_KO_DEPTH_MAX=3
TRUE_RESULT_TALLY=P0_WINS=15,P1_WINS=10,DRAWS=0
=== DIAG_DUMP_END ===
=== DIAG_DUMP_BEGIN ===
DIAG_GAMES=25
TRUNC_TOTAL_NODES=60352
TRUNC_FIRED=554
TRUNC_FIRE_RATE=0.92%
TRUNC_OPTCOUNT_HIST=1-8:33821|9-16:9083|17-32:12410|33-64:4484|65-128:536|129-256:18|257+:0
TRUNC_FIRE_RATE_BY_TURN=1-2:0.00%(0/2728)|3-5:0.00%(0/2611)|6+:1.01%(554/55013)
TRUNC_DROPPED_BY_TYPE=ABILITY:14,ATTACH:11110,PLAY:641,RETREAT:130
TRUNC_DROPPED_CRITICAL=0
TRUNC_DROPPED_CRITICAL_STATUS=PASS
MULTISELECT_FIXED_LEN=min=0,max=2:nodes=281,shorter_legal=281,shorter_generated=0,shorter_missed=281|min=0,max=3:nodes=674,shorter_legal=674,shorter_generated=0,shorter_missed=674|min=0,max=4:nodes=14,shorter_legal=14,shorter_generated=0,shorter_missed=14|min=0,max=5:nodes=261,shorter_legal=261,shorter_generated=0,shorter_missed=261|min=2,max=2:nodes=802,shorter_legal=0,shorter_generated=0,shorter_missed=0
MULTISELECT_SHORTER_MISSED=1230
MULTISELECT_CTX_HIST=DISCARD:791,SETUP_BENCH_POKEMON:312,TO_HAND:929
GAME_LENGTH_HIST=1-15:0|16-25:0|26-40:0|41-60:0|61+:25
WIN_BY_CAUSE=DECK_OUT:W=21,L=21,D=0|NO_ACTIVE:W=4,L=4,D=0
TURN_NODE_DIST=1-2:4.52%(2728/60352)|3-5:4.33%(2611/60352)|6+:91.15%(55013/60352)
SEARCH_MAX_DEPTH=9
SEARCH_MEAN_DEPTH=1.7160
MEAN_DEPTH=1.7160
SIMS_CONTRIBUTED=57900
SIMS_CONFIGURED=57900
SIMS_CONTRIBUTED_PER_DECISION=20.0000
SIMS_CONFIGURED_PER_DECISION=20.0000
PRIZE_REWARD_REACHED=0.93%(27/2895)
STALL_DRAW_PASS_TURNS=2328
STALL_SHUFFLE_WITH_RESOURCES=50
MISSED_ATTACH=2137
SHAPING_BREAKDOWN=BOARD_DECK_DIFF:-0.010240|DAMAGE_PRESSURE:0.000159|DISRUPTION:0.000104|ENERGY_DENIAL:0.000039|ITEM_LOCK_PENALTY:0.000000|KO_BONUS:0.000017|PARALYSIS:0.000000|PRIZE_DIFF:0.000073|SLEEP:0.000000
ROOT_OPTION_STATS=ATTACK:available=183,chosen=41,not_chosen=142,zero_visit_rate=10.93%(20/183),mean_opt_visit=1.97,mean_opt_q=-0.3494,mean_chosen_visit=6.15,mean_chosen_q=0.0980|ENERGY_ATTACH:available=2384,chosen=127,not_chosen=2257,zero_visit_rate=4.15%(99/2384),mean_opt_visit=1.07,mean_opt_q=-0.5805,mean_chosen_visit=10.12,mean_chosen_q=0.3539
ATTACH_PRIOR_DIST=special:n=2768,attach_prior[mean=0.0378,min=0.0046,max=0.5363,hist=(<0.001:0,0.001-0.005:11,0.005-0.01:583,0.01-0.03:1098,0.03-0.1:920,0.1-0.3:134,0.3-1.0:22,1.0:0)],chosen_prior[mean=0.0426,min=0.0131,max=0.6562,hist=(<0.001:0,0.001-0.005:0,0.005-0.01:0,0.01-0.03:1665,0.03-0.1:914,0.1-0.3:155,0.3-1.0:34,1.0:0)]|plain:n=16781,attach_prior[mean=0.0514,min=0.0003,max=0.8267,hist=(<0.001:737,0.001-0.005:1509,0.005-0.01:819,0.01-0.03:4595,0.03-0.1:7053,0.1-0.3:1904,0.3-1.0:164,1.0:0)],chosen_prior[mean=0.0462,min=0.0131,max=0.8267,hist=(<0.001:0,0.001-0.005:0,0.005-0.01:0,0.01-0.03:9779,0.03-0.1:5873,0.1-0.3:808,0.3-1.0:321,1.0:0)]
SIM_KO_REACHED=0.20%(118/57900)
SIM_KO_DEPTH_MEAN=1.5254
SIM_KO_DEPTH_MIN=1
SIM_KO_DEPTH_MAX=4
TRUE_RESULT_TALLY=P0_WINS=12,P1_WINS=13,DRAWS=0
=== DIAG_DUMP_END ===
