=== DIAG_DUMP_BEGIN ===
DIAG_GAMES=20
TRUNC_TOTAL_NODES=17607
TRUNC_FIRED=834
TRUNC_FIRE_RATE=4.74%
TRUNC_OPTCOUNT_HIST=1-8:9051|9-16:2895|17-32:2839|33-64:1988|65-128:786|129-256:48|257+:0
TRUNC_FIRE_RATE_BY_TURN=1-2:0.00%(0/973)|3-5:0.00%(0/847)|6+:5.28%(834/15787)
TRUNC_DROPPED_BY_TYPE=ABILITY:197,ATTACH:17332,EVOLVE:16,PLAY:480,RETREAT:290
TRUNC_DROPPED_CRITICAL=0
TRUNC_DROPPED_CRITICAL_STATUS=PASS
MULTISELECT_FIXED_LEN=min=0,max=2:nodes=114,shorter_legal=114,shorter_generated=0,shorter_missed=114|min=0,max=3:nodes=164,shorter_legal=164,shorter_generated=0,shorter_missed=164|min=0,max=4:nodes=2,shorter_legal=2,shorter_generated=0,shorter_missed=2|min=0,max=5:nodes=35,shorter_legal=35,shorter_generated=0,shorter_missed=35|min=2,max=2:nodes=346,shorter_legal=0,shorter_generated=0,shorter_missed=0|min=3,max=3:nodes=7,shorter_legal=0,shorter_generated=0,shorter_missed=0
MULTISELECT_SHORTER_MISSED=315
MULTISELECT_CTX_HIST=ATTACH_TO:5,DISCARD:300,DISCARD_ENERGY_CARD:7,SETUP_BENCH_POKEMON:54,TO_BENCH:26,TO_DECK:21,TO_HAND:255
GAME_LENGTH_HIST=1-15:1|16-25:1|26-40:4|41-60:6|61+:8
WIN_BY_CAUSE=DECK_OUT:W=16,L=16,D=0|NO_ACTIVE:W=3,L=3,D=0|PRIZE:W=1,L=1,D=0
TURN_NODE_DIST=1-2:5.53%(973/17607)|3-5:4.81%(847/17607)|6+:89.66%(15787/17607)
SEARCH_MAX_DEPTH=5
SEARCH_MEAN_DEPTH=1.6459
MEAN_DEPTH=1.6459
PRIZE_REWARD_REACHED=0.50%(15/2971)
STALL_DRAW_PASS_TURNS=0
STALL_SHUFFLE_WITH_RESOURCES=0
MISSED_ATTACH=0
SHAPING_BREAKDOWN=BOARD_DECK_DIFF:0.041436|DAMAGE_PRESSURE:0.002108|DISRUPTION:0.000169|ENERGY_DENIAL:0.000327|ITEM_LOCK_PENALTY:-0.000888|KO_BONUS:0.000125|PARALYSIS:0.000000|PRIZE_DIFF:0.002043|SLEEP:0.000000
=== DIAG_DUMP_END ===
