=== DIAG_DUMP_BEGIN ===
DIAG_GAMES=40
TRUNC_TOTAL_NODES=569446
TRUNC_FIRED=0
TRUNC_FIRE_RATE=0.00%
TRUNC_OPTCOUNT_HIST=1-8:413585|9-16:98380|17-32:53239|33-64:4242|65-128:0|129-256:0|257+:0
TRUNC_FIRE_RATE_BY_TURN=1-2:0.00%(0/24347)|3-5:0.00%(0/75162)|6+:0.00%(0/469937)
TRUNC_DROPPED_BY_TYPE=NONE
TRUNC_DROPPED_CRITICAL=0
TRUNC_DROPPED_CRITICAL_STATUS=PASS
MULTISELECT_FIXED_LEN=min=0,max=2:nodes=6113,shorter_legal=6113,shorter_generated=0,shorter_missed=6113|min=0,max=3:nodes=3834,shorter_legal=3834,shorter_generated=0,shorter_missed=3834|min=0,max=4:nodes=127,shorter_legal=127,shorter_generated=0,shorter_missed=127|min=0,max=5:nodes=628,shorter_legal=628,shorter_generated=0,shorter_missed=628|min=0,max=6:nodes=1,shorter_legal=1,shorter_generated=0,shorter_missed=1|min=2,max=2:nodes=13463,shorter_legal=0,shorter_generated=0,shorter_missed=0|min=3,max=3:nodes=827,shorter_legal=0,shorter_generated=0,shorter_missed=0
MULTISELECT_SHORTER_MISSED=10703
MULTISELECT_CTX_HIST=ATTACH_TO:14,DISCARD:12322,DISCARD_ENERGY_CARD:2853,SETUP_BENCH_POKEMON:988,TO_HAND:8816
GAME_LENGTH_HIST=1-15:13|16-25:16|26-40:9|41-60:2|61+:0
WIN_BY_CAUSE=DECK_OUT:W=9,L=9,D=0|NO_ACTIVE:W=17,L=17,D=0|PRIZE:W=14,L=14,D=0
TURN_NODE_DIST=1-2:4.28%(24347/569446)|3-5:13.20%(75162/569446)|6+:82.53%(469937/569446)
SEARCH_MAX_DEPTH=31
SEARCH_MEAN_DEPTH=6.3012
MEAN_DEPTH=6.3012
SIMS_CONTRIBUTED=595800
SIMS_CONFIGURED=595800
SIMS_CONTRIBUTED_PER_DECISION=200.0000
SIMS_CONFIGURED_PER_DECISION=200.0000
PRIZE_REWARD_REACHED=8.53%(254/2979)
STALL_DRAW_PASS_TURNS=341
STALL_SHUFFLE_WITH_RESOURCES=98
MISSED_ATTACH=201
SHAPING_BREAKDOWN=BOARD_DECK_DIFF:0.097660|DAMAGE_PRESSURE:0.005441|DISRUPTION:0.000018|ENERGY_DENIAL:0.001928|ITEM_LOCK_PENALTY:0.000000|KO_BONUS:0.001437|PARALYSIS:0.000000|PRIZE_DIFF:-0.025142|SLEEP:0.000000
ROOT_OPTION_STATS=ATTACK:available=158,chosen=58,not_chosen=100,zero_visit_rate=11.39%(18/158),mean_opt_visit=21.02,mean_opt_q=0.0763,mean_chosen_visit=112.18,mean_chosen_q=0.3957|ENERGY_ATTACH:available=912,chosen=303,not_chosen=609,zero_visit_rate=17.21%(157/912),mean_opt_visit=14.03,mean_opt_q=-0.4490,mean_chosen_visit=131.38,mean_chosen_q=0.0196
ATTACH_PRIOR_DIST=special:n=1319,attach_prior[mean=0.0795,min=0.0001,max=0.9996,hist=(<0.001:759,0.001-0.005:81,0.005-0.01:39,0.01-0.03:50,0.03-0.1:124,0.1-0.3:127,0.3-1.0:139,1.0:0)],chosen_prior[mean=0.4251,min=0.0000,max=0.9996,hist=(<0.001:72,0.001-0.005:22,0.005-0.01:2,0.01-0.03:14,0.03-0.1:115,0.1-0.3:302,0.3-1.0:792,1.0:0)]|plain:n=5266,attach_prior[mean=0.0440,min=0.0000,max=0.9990,hist=(<0.001:3191,0.001-0.005:304,0.005-0.01:199,0.01-0.03:245,0.03-0.1:742,0.1-0.3:370,0.3-1.0:215,1.0:0)],chosen_prior[mean=0.4321,min=0.0000,max=0.9996,hist=(<0.001:406,0.001-0.005:74,0.005-0.01:24,0.01-0.03:84,0.03-0.1:490,0.1-0.3:1062,0.3-1.0:3126,1.0:0)]
SIM_KO_REACHED=4.50%(26839/595800)
SIM_KO_DEPTH_MEAN=4.9669
SIM_KO_DEPTH_MIN=1
SIM_KO_DEPTH_MAX=19
TRUE_RESULT_TALLY=P0_WINS=17,P1_WINS=23,DRAWS=0
=== DIAG_DUMP_END ===
