=== DIAG_DUMP_BEGIN ===
DIAG_GAMES=8
AGENT=UNKNOWN
TRUNC_TOTAL_NODES=24131
TRUNC_FIRED=387
TRUNC_FIRE_RATE=1.60%
TRUNC_OPTCOUNT_HIST=1-8:14576|9-16:5192|17-32:3123|33-64:853|65-128:341|129-256:46|257+:0
TRUNC_FIRE_RATE_BY_TURN=1-2:0.00%(0/897)|3-5:0.00%(0/1324)|6+:1.77%(387/21910)
TRUNC_DROPPED_BY_TYPE=ABILITY:2,ATTACH:12327,PLAY:187,RETREAT:158
TRUNC_DROPPED_CRITICAL=0
TRUNC_DROPPED_CRITICAL_STATUS=PASS
MULTISELECT_FIXED_LEN=min=0,max=2:nodes=287,shorter_legal=287,shorter_generated=0,shorter_missed=287|min=0,max=3:nodes=231,shorter_legal=231,shorter_generated=0,shorter_missed=231|min=0,max=4:nodes=2,shorter_legal=2,shorter_generated=0,shorter_missed=2|min=0,max=5:nodes=97,shorter_legal=97,shorter_generated=0,shorter_missed=97|min=2,max=2:nodes=1065,shorter_legal=0,shorter_generated=0,shorter_missed=0
MULTISELECT_SHORTER_MISSED=617
MULTISELECT_CTX_HIST=DISCARD:1058,DISCARD_ENERGY_CARD:6,SETUP_BENCH_POKEMON:114,TO_HAND:504
GAME_LENGTH_HIST=1-15:0|16-25:1|26-40:0|41-60:1|61+:6
WIN_BY_CAUSE=DECK_OUT:W=6,L=6,D=0|NO_ACTIVE:W=2,L=2,D=0
TURN_NODE_DIST=1-2:3.72%(897/24131)|3-5:5.49%(1324/24131)|6+:90.80%(21910/24131)
SEARCH_MAX_DEPTH=11
SEARCH_MEAN_DEPTH=2.1096
MEAN_DEPTH=2.1096
SIMS_CONTRIBUTED=23220
SIMS_CONFIGURED=23220
SIMS_CONTRIBUTED_PER_DECISION=20.0000
SIMS_CONFIGURED_PER_DECISION=20.0000
PRIZE_REWARD_REACHED=3.10%(36/1161)
STALL_DRAW_PASS_TURNS=368
STALL_SHUFFLE_WITH_RESOURCES=9
MISSED_ATTACH=340
SHAPING_BREAKDOWN=BOARD_DECK_DIFF:0.010133|DAMAGE_PRESSURE:0.000616|DISRUPTION:0.000075|ENERGY_DENIAL:0.000164|ITEM_LOCK_PENALTY:0.000000|KO_BONUS:0.000390|PARALYSIS:0.000000|PRIZE_DIFF:-0.000212|SLEEP:0.000000
ROOT_OPTION_STATS=ABILITY:available=77,chosen=12,not_chosen=65,zero_visit_rate=22.08%(17/77),mean_opt_visit=1.94,mean_opt_q=-0.3311,mean_chosen_visit=6.83,mean_chosen_q=-0.1387|ATTACK:available=41,chosen=19,not_chosen=22,zero_visit_rate=2.44%(1/41),mean_opt_visit=3.86,mean_opt_q=-0.1605,mean_chosen_visit=7.05,mean_chosen_q=-0.0150|ENERGY_ATTACH:available=630,chosen=109,not_chosen=521,zero_visit_rate=12.38%(78/630),mean_opt_visit=1.28,mean_opt_q=-0.3516,mean_chosen_visit=7.99,mean_chosen_q=0.0135
ATTACH_PRIOR_DIST=special:n=415,attach_prior[mean=0.1374,min=0.0102,max=0.6696,hist=(<0.001:0,0.001-0.005:0,0.005-0.01:0,0.01-0.03:44,0.03-0.1:165,0.1-0.3:162,0.3-1.0:44,1.0:0)],chosen_prior[mean=0.0918,min=0.0033,max=0.6696,hist=(<0.001:0,0.001-0.005:2,0.005-0.01:2,0.01-0.03:140,0.03-0.1:154,0.1-0.3:93,0.3-1.0:24,1.0:0)]|plain:n=4276,attach_prior[mean=0.0362,min=0.0002,max=0.5349,hist=(<0.001:90,0.001-0.005:747,0.005-0.01:628,0.01-0.03:1292,0.03-0.1:1152,0.1-0.3:349,0.3-1.0:18,1.0:0)],chosen_prior[mean=0.1217,min=0.0033,max=0.6790,hist=(<0.001:0,0.001-0.005:10,0.005-0.01:26,0.01-0.03:1012,0.03-0.1:1359,0.1-0.3:1502,0.3-1.0:367,1.0:0)]
SIM_KO_REACHED=0.78%(181/23220)
SIM_KO_DEPTH_MEAN=2.7845
SIM_KO_DEPTH_MIN=1
SIM_KO_DEPTH_MAX=8
TRUE_RESULT_TALLY=P0_WINS=7,P1_WINS=1,DRAWS=0
POLICY_TARGET_ZERO_FRACTION_MEAN=0.2544
POLICY_TARGET_ENTROPY_MEAN=1.4185
POLICY_TARGET_COUNT=1161
ROOT_CHILD_COUNT=mean=12.95,median=9.0,n=1161,by_turn=(1-2:mean=3.37,median=2.0,n=65|3-5:mean=6.04,median=6.0,n=71|6+:mean=14.04,median=10.0,n=1025)
ROOT_VISIT_HIST=0:40.75%(6127/15035)|1:42.19%(6344/15035)|2-4:8.76%(1317/15035)|5+:8.29%(1247/15035)
ENERGY_DEV_RATE=18.58%(120/646)
GRASS_IN_DISCARD_RATE=13.87%(161/1161)
=== DIAG_DUMP_END ===
