=== DIAG_DUMP_BEGIN ===
DIAG_GAMES=2
TRUNC_TOTAL_NODES=3067
TRUNC_FIRED=76
TRUNC_FIRE_RATE=2.48%
TRUNC_OPTCOUNT_HIST=1-8:1375|9-16:768|17-32:630|33-64:218|65-128:76|129-256:0|257+:0
TRUNC_FIRE_RATE_BY_TURN=1-2:0.00%(0/226)|3-5:0.00%(0/295)|6+:2.99%(76/2546)
TRUNC_DROPPED_BY_TYPE=ATTACH:1846,PLAY:76
TRUNC_DROPPED_CRITICAL=0
TRUNC_DROPPED_CRITICAL_STATUS=PASS
MULTISELECT_FIXED_LEN=min=0,max=2:nodes=37,shorter_legal=37,shorter_generated=0,shorter_missed=37|min=0,max=3:nodes=74,shorter_legal=74,shorter_generated=0,shorter_missed=74|min=0,max=5:nodes=27,shorter_legal=27,shorter_generated=0,shorter_missed=27|min=2,max=2:nodes=174,shorter_legal=0,shorter_generated=0,shorter_missed=0
MULTISELECT_SHORTER_MISSED=138
MULTISELECT_CTX_HIST=DISCARD:174,SETUP_BENCH_POKEMON:27,TO_HAND:111
GAME_LENGTH_HIST=1-15:0|16-25:0|26-40:0|41-60:0|61+:0
WIN_BY_CAUSE=NONE
TURN_NODE_DIST=1-2:7.37%(226/3067)|3-5:9.62%(295/3067)|6+:83.01%(2546/3067)
SEARCH_MAX_DEPTH=13
SEARCH_MEAN_DEPTH=2.0154
MEAN_DEPTH=2.0154
SIMS_CONTRIBUTED=3060
SIMS_CONFIGURED=3060
SIMS_CONTRIBUTED_PER_DECISION=20.0000
SIMS_CONFIGURED_PER_DECISION=20.0000
PRIZE_REWARD_REACHED=3.92%(6/153)
STALL_DRAW_PASS_TURNS=0
STALL_SHUFFLE_WITH_RESOURCES=0
MISSED_ATTACH=0
SHAPING_BREAKDOWN=BOARD_DECK_DIFF:0.007682|DAMAGE_PRESSURE:0.000199|DISRUPTION:0.000157|ENERGY_DENIAL:0.000065|ITEM_LOCK_PENALTY:0.000000|KO_BONUS:0.000391|PARALYSIS:0.000000|PRIZE_DIFF:0.000334|SLEEP:0.000000
ROOT_OPTION_STATS=ATTACK:available=3,chosen=3,not_chosen=0,zero_visit_rate=0.00%(0/3),mean_opt_visit=0.00,mean_opt_q=nan,mean_chosen_visit=0.00,mean_chosen_q=nan|ENERGY_ATTACH:available=120,chosen=8,not_chosen=112,zero_visit_rate=5.83%(7/120),mean_opt_visit=1.34,mean_opt_q=-0.3854,mean_chosen_visit=7.03,mean_chosen_q=-0.0705
ATTACH_PRIOR_DIST=special:n=11,attach_prior[mean=0.1244,min=0.0745,max=0.1902,hist=(<0.001:0,0.001-0.005:0,0.005-0.01:0,0.01-0.03:0,0.03-0.1:4,0.1-0.3:7,0.3-1.0:0,1.0:0)],chosen_prior[mean=0.1591,min=0.0113,max=0.4303,hist=(<0.001:0,0.001-0.005:0,0.005-0.01:0,0.01-0.03:2,0.03-0.1:2,0.1-0.3:5,0.3-1.0:2,1.0:0)]|plain:n=828,attach_prior[mean=0.0415,min=0.0013,max=0.3875,hist=(<0.001:0,0.001-0.005:72,0.005-0.01:147,0.01-0.03:276,0.03-0.1:230,0.1-0.3:102,0.3-1.0:1,1.0:0)],chosen_prior[mean=0.1051,min=0.0113,max=0.6850,hist=(<0.001:0,0.001-0.005:0,0.005-0.01:0,0.01-0.03:187,0.03-0.1:367,0.1-0.3:204,0.3-1.0:70,1.0:0)]
SIM_KO_REACHED=1.63%(50/3060)
SIM_KO_DEPTH_MEAN=2.0600
SIM_KO_DEPTH_MIN=1
SIM_KO_DEPTH_MAX=6
TRUE_RESULT_TALLY=P0_WINS=0,P1_WINS=0,DRAWS=0
=== DIAG_DUMP_END ===
