=== DIAG_DUMP_BEGIN ===
DIAG_GAMES=20
TRUNC_TOTAL_NODES=47737
TRUNC_FIRED=194
TRUNC_FIRE_RATE=0.41%
TRUNC_OPTCOUNT_HIST=1-8:22402|9-16:7483|17-32:14812|33-64:2846|65-128:190|129-256:4|257+:0
TRUNC_FIRE_RATE_BY_TURN=1-2:0.00%(0/2001)|3-5:0.00%(0/1596)|6+:0.44%(194/44140)
TRUNC_DROPPED_BY_TYPE=ABILITY:3,ATTACH:2718,PLAY:191,RETREAT:121
TRUNC_DROPPED_CRITICAL=0
TRUNC_DROPPED_CRITICAL_STATUS=PASS
MULTISELECT_FIXED_LEN=min=0,max=2:nodes=27,shorter_legal=27,shorter_generated=0,shorter_missed=27|min=0,max=3:nodes=43,shorter_legal=43,shorter_generated=0,shorter_missed=43|min=0,max=4:nodes=7,shorter_legal=7,shorter_generated=0,shorter_missed=7|min=0,max=5:nodes=237,shorter_legal=237,shorter_generated=0,shorter_missed=237|min=2,max=2:nodes=8,shorter_legal=0,shorter_generated=0,shorter_missed=0
MULTISELECT_SHORTER_MISSED=314
MULTISELECT_CTX_HIST=DISCARD:8,SETUP_BENCH_POKEMON:273,TO_HAND:41
GAME_LENGTH_HIST=1-15:0|16-25:0|26-40:0|41-60:0|61+:20
WIN_BY_CAUSE=DECK_OUT:W=18,L=18,D=0|NO_ACTIVE:W=2,L=2,D=0
TURN_NODE_DIST=1-2:4.19%(2001/47737)|3-5:3.34%(1596/47737)|6+:92.46%(44140/47737)
SEARCH_MAX_DEPTH=8
SEARCH_MEAN_DEPTH=1.4326
MEAN_DEPTH=1.4326
SIMS_CONTRIBUTED=45640
SIMS_CONFIGURED=45640
SIMS_CONTRIBUTED_PER_DECISION=20.0000
SIMS_CONFIGURED_PER_DECISION=20.0000
PRIZE_REWARD_REACHED=0.13%(3/2282)
STALL_DRAW_PASS_TURNS=1963
STALL_SHUFFLE_WITH_RESOURCES=26
MISSED_ATTACH=1948
SHAPING_BREAKDOWN=BOARD_DECK_DIFF:-0.015733|DAMAGE_PRESSURE:0.000021|DISRUPTION:0.000104|ENERGY_DENIAL:0.000017|ITEM_LOCK_PENALTY:0.000000|KO_BONUS:0.000000|PARALYSIS:0.000000|PRIZE_DIFF:-0.000000|SLEEP:0.000000
ROOT_OPTION_STATS=ATTACK:available=80,chosen=13,not_chosen=67,zero_visit_rate=80.00%(64/80),mean_opt_visit=0.04,mean_opt_q=-0.8398,mean_chosen_visit=7.63,mean_chosen_q=0.4466|ENERGY_ATTACH:available=2160,chosen=84,not_chosen=2076,zero_visit_rate=0.00%(0/2160),mean_opt_visit=1.06,mean_opt_q=-0.5872,mean_chosen_visit=8.05,mean_chosen_q=0.4294
ATTACH_PRIOR_DIST=special:n=2595,attach_prior[mean=0.0842,min=0.0431,max=0.2139,hist=(<0.001:0,0.001-0.005:0,0.005-0.01:0,0.01-0.03:0,0.03-0.1:2100,0.1-0.3:495,0.3-1.0:0,1.0:0)],chosen_prior[mean=0.0176,min=0.0047,max=0.3816,hist=(<0.001:0,0.001-0.005:75,0.005-0.01:1311,0.01-0.03:794,0.03-0.1:388,0.1-0.3:25,0.3-1.0:2,1.0:0)]|plain:n=14586,attach_prior[mean=0.0930,min=0.0431,max=0.8147,hist=(<0.001:0,0.001-0.005:0,0.005-0.01:0,0.01-0.03:0,0.03-0.1:10370,0.1-0.3:4171,0.3-1.0:45,1.0:0)],chosen_prior[mean=0.0177,min=0.0038,max=0.8147,hist=(<0.001:0,0.001-0.005:574,0.005-0.01:6998,0.01-0.03:4844,0.03-0.1:2047,0.1-0.3:103,0.3-1.0:20,1.0:0)]
SIM_KO_REACHED=0.09%(41/45640)
SIM_KO_DEPTH_MEAN=1.0488
SIM_KO_DEPTH_MIN=1
SIM_KO_DEPTH_MAX=3
TRUE_RESULT_TALLY=P0_WINS=0,P1_WINS=0,DRAWS=0
=== DIAG_DUMP_END ===
