[CONFIG] self-play exploration: SELF_PLAY_DIRICHLET_ALPHA=0.3 SELF_PLAY_DIRICHLET_EPSILON=0.25 SELF_PLAY_TEMP_HIGH_TURN=30 self_play=True is hardcoded in _play_one_self_play_game and _play_one_cross_play_game (the only two call sites that invoke mcts_agent for self-play generation)
=== Warm-up Phase (1 epochs) ===
--- Warm-up Epoch 1/1 ---
[m2] self-play (8 workers) 0%   [CONFIG] self-play exploration: SELF_PLAY_DIRICHLET_ALPHA=0.3 SELF_PLAY_DIRICHLET_EPSILON=0.25 SELF_PLAY_TEMP_HIGH_TURN=30 self_play=True is hardcoded in _play_one_self_play_game and _play_one_cross_play_game (the only two call sites that invoke mcts_agent for self-play generation)
[CONFIG] self-play exploration: SELF_PLAY_DIRICHLET_ALPHA=0.3 SELF_PLAY_DIRICHLET_EPSILON=0.25 SELF_PLAY_TEMP_HIGH_TURN=30 self_play=True is hardcoded in _play_one_self_play_game and _play_one_cross_play_game (the only two call sites that invoke mcts_agent for self-play generation)
[CONFIG] self-play exploration: SELF_PLAY_DIRICHLET_ALPHA=0.3 SELF_PLAY_DIRICHLET_EPSILON=0.25 SELF_PLAY_TEMP_HIGH_TURN=30 self_play=True is hardcoded in _play_one_self_play_game and _play_one_cross_play_game (the only two call sites that invoke mcts_agent for self-play generation)
[CONFIG] self-play exploration: SELF_PLAY_DIRICHLET_ALPHA=0.3 SELF_PLAY_DIRICHLET_EPSILON=0.25 SELF_PLAY_TEMP_HIGH_TURN=30 self_play=True is hardcoded in _play_one_self_play_game and _play_one_cross_play_game (the only two call sites that invoke mcts_agent for self-play generation)
[CONFIG] self-play exploration: SELF_PLAY_DIRICHLET_ALPHA=0.3 SELF_PLAY_DIRICHLET_EPSILON=0.25 SELF_PLAY_TEMP_HIGH_TURN=30 self_play=True is hardcoded in _play_one_self_play_game and _play_one_cross_play_game (the only two call sites that invoke mcts_agent for self-play generation)
[CONFIG] self-play exploration: SELF_PLAY_DIRICHLET_ALPHA=0.3 SELF_PLAY_DIRICHLET_EPSILON=0.25 SELF_PLAY_TEMP_HIGH_TURN=30 self_play=True is hardcoded in _play_one_self_play_game and _play_one_cross_play_game (the only two call sites that invoke mcts_agent for self-play generation)
[CONFIG] self-play exploration: SELF_PLAY_DIRICHLET_ALPHA=0.3 SELF_PLAY_DIRICHLET_EPSILON=0.25 SELF_PLAY_TEMP_HIGH_TURN=30 self_play=True is hardcoded in _play_one_self_play_game and _play_one_cross_play_game (the only two call sites that invoke mcts_agent for self-play generation)
[CONFIG] self-play exploration: SELF_PLAY_DIRICHLET_ALPHA=0.3 SELF_PLAY_DIRICHLET_EPSILON=0.25 SELF_PLAY_TEMP_HIGH_TURN=30 self_play=True is hardcoded in _play_one_self_play_game and _play_one_cross_play_game (the only two call sites that invoke mcts_agent for self-play generation)
[m2] self-play (8 workers) 12%   [m2] self-play (8 workers) 25%   [m2] self-play (8 workers) 37%   [m2] self-play (8 workers) 50%   [m2] self-play (8 workers) 62%   [m2] self-play (8 workers) 75%   [m2] self-play (8 workers) 87%   [m2] self-play (8 workers) 100%   
[m2] Training (965 samples, 7 batches)...
[m2] Done (7 batches).
[m2] Saved: checkpoints/m2/model_2026-08-11_11-26.pth
=== Main Phase (1 epochs) ===
--- Main Epoch 1/1 ---
[m2] self-play (8 workers) 0%   [m2] self-play (8 workers) 12%   [m2] self-play (8 workers) 25%   [m2] self-play (8 workers) 37%   [m2] self-play (8 workers) 50%   [m2] self-play (8 workers) 62%   [m2] self-play (8 workers) 75%   [m2] self-play (8 workers) 87%   [m2] self-play (8 workers) 100%   
[m2] Training (1977 samples, 15 batches)...
[m2] Done (15 batches).
[m2] Saved: checkpoints/m2/model_2026-08-11_11-41.pth
Games: 16 | Epoch: 15.0m | Elapsed: 26.4m | ETA: 0.0m
[STOP] Reached STOP_AFTER_MAIN_EPOCH=1; halting cleanly.
ROSETTA_TRAIN_SMOKE_WALL_SEC=1597
